Component: ARM Compiler 5.05 update 1 (build 106) Tool: armlink [4d0efa]

==============================================================================

Section Cross References

    app.o(i.BSP_Init) refers to app.o(i.RCC_Configuration) for RCC_Configuration
    app.o(i.BSP_Init) refers to app.o(i.NVIC_Configuration) for NVIC_Configuration
    app.o(i.BSP_Init) refers to app.o(i.SysTick_Configuration) for SysTick_Configuration
    app.o(i.BSP_Init) refers to app.o(i.GPIO_Configuration) for GPIO_Configuration
    app.o(i.BSP_Init) refers to app.o(i.TFTSPI_Init) for TFTSPI_Init
    app.o(i.BSP_Init) refers to app.o(i.IWDG_Configuration) for IWDG_Configuration
    app.o(i.GPIO_Configuration) refers to stm32f10x_gpio.o(i.GPIO_StructInit) for GPIO_StructInit
    app.o(i.GPIO_Configuration) refers to stm32f10x_gpio.o(i.GPIO_Init) for GPIO_Init
    app.o(i.GPIO_Configuration) refers to stm32f10x_gpio.o(i.GPIO_PinRemapConfig) for GPIO_PinRemapConfig
    app.o(i.GPIO_Configuration) refers to stm32f10x_gpio.o(i.GPIO_SetBits) for GPIO_SetBits
    app.o(i.GPIO_Configuration) refers to stm32f10x_gpio.o(i.GPIO_ResetBits) for GPIO_ResetBits
    app.o(i.IWDG_Configuration) refers to stm32f10x_iwdg.o(i.IWDG_WriteAccessCmd) for IWDG_WriteAccessCmd
    app.o(i.IWDG_Configuration) refers to stm32f10x_iwdg.o(i.IWDG_SetPrescaler) for IWDG_SetPrescaler
    app.o(i.IWDG_Configuration) refers to stm32f10x_iwdg.o(i.IWDG_SetReload) for IWDG_SetReload
    app.o(i.IWDG_Configuration) refers to stm32f10x_iwdg.o(i.IWDG_ReloadCounter) for IWDG_ReloadCounter
    app.o(i.IWDG_Configuration) refers to stm32f10x_iwdg.o(i.IWDG_Enable) for IWDG_Enable
    app.o(i.IWDG_Feed) refers to stm32f10x_iwdg.o(i.IWDG_ReloadCounter) for IWDG_ReloadCounter
    app.o(i.NVIC_Configuration) refers to misc.o(i.NVIC_SetVectorTable) for NVIC_SetVectorTable
    app.o(i.PLL_Configuration) refers to stm32f10x_rcc.o(i.RCC_DeInit) for RCC_DeInit
    app.o(i.PLL_Configuration) refers to stm32f10x_rcc.o(i.RCC_HSEConfig) for RCC_HSEConfig
    app.o(i.PLL_Configuration) refers to stm32f10x_rcc.o(i.RCC_WaitForHSEStartUp) for RCC_WaitForHSEStartUp
    app.o(i.PLL_Configuration) refers to stm32f10x_rcc.o(i.RCC_HCLKConfig) for RCC_HCLKConfig
    app.o(i.PLL_Configuration) refers to stm32f10x_rcc.o(i.RCC_PCLK2Config) for RCC_PCLK2Config
    app.o(i.PLL_Configuration) refers to stm32f10x_rcc.o(i.RCC_PCLK1Config) for RCC_PCLK1Config
    app.o(i.PLL_Configuration) refers to stm32f10x_flash.o(i.FLASH_SetLatency) for FLASH_SetLatency
    app.o(i.PLL_Configuration) refers to stm32f10x_flash.o(i.FLASH_PrefetchBufferCmd) for FLASH_PrefetchBufferCmd
    app.o(i.PLL_Configuration) refers to stm32f10x_rcc.o(i.RCC_PLLConfig) for RCC_PLLConfig
    app.o(i.PLL_Configuration) refers to stm32f10x_rcc.o(i.RCC_PLLCmd) for RCC_PLLCmd
    app.o(i.PLL_Configuration) refers to stm32f10x_rcc.o(i.RCC_GetFlagStatus) for RCC_GetFlagStatus
    app.o(i.PLL_Configuration) refers to stm32f10x_rcc.o(i.RCC_SYSCLKConfig) for RCC_SYSCLKConfig
    app.o(i.PLL_Configuration) refers to stm32f10x_rcc.o(i.RCC_GetSYSCLKSource) for RCC_GetSYSCLKSource
    app.o(i.RCC_Configuration) refers to stm32f10x_rcc.o(i.RCC_APB2PeriphClockCmd) for RCC_APB2PeriphClockCmd
    app.o(i.RCC_Configuration) refers to stm32f10x_rcc.o(i.RCC_APB1PeriphClockCmd) for RCC_APB1PeriphClockCmd
    app.o(i.RCC_Configuration) refers to stm32f10x_rcc.o(i.RCC_ADCCLKConfig) for RCC_ADCCLKConfig
    app.o(i.SysTick_Configuration) refers to stm32f10x_rcc.o(i.RCC_GetClocksFreq) for RCC_GetClocksFreq
    app.o(i.SysTick_Configuration) refers to misc.o(i.SysTick_CLKSourceConfig) for SysTick_CLKSourceConfig
    app.o(i.TFTSPI_Init) refers to stm32f10x_spi.o(i.SPI_Init) for SPI_Init
    app.o(i.TFTSPI_Init) refers to stm32f10x_spi.o(i.SPI_Cmd) for SPI_Cmd
    app.o(i.main) refers to context_rvds.o(.text) for rt_hw_interrupt_disable
    app.o(i.main) refers to app.o(i.PLL_Configuration) for PLL_Configuration
    app.o(i.main) refers to vars.o(i.Init_Vars) for Init_Vars
    app.o(i.main) refers to app_task.o(i.rtthread_startup) for rtthread_startup
    app.o(i.rt_hw_board_init) refers to app.o(i.BSP_Init) for BSP_Init
    app.o(i.rt_hw_board_init) refers to usart.o(i.stm32_hw_usart_init) for stm32_hw_usart_init
    app.o(i.rt_hw_board_init) refers to gpio.o(i.stm32_hw_pin_init) for stm32_hw_pin_init
    app.o(i.rt_hw_timer_handler) refers to irq.o(i.rt_interrupt_enter) for rt_interrupt_enter
    app.o(i.rt_hw_timer_handler) refers to clock.o(i.rt_tick_increase) for rt_tick_increase
    app.o(i.rt_hw_timer_handler) refers to irq.o(i.rt_interrupt_leave) for rt_interrupt_leave
    app_task.o(i.Timer2S_OUT) refers to thread.o(i.rt_thread_suspend) for rt_thread_suspend
    app_task.o(i.Timer2S_OUT) refers to thread.o(i.rt_thread_resume) for rt_thread_resume
    app_task.o(i.Timer2S_OUT) refers to vars.o(.data) for Rs485_threadCount
    app_task.o(i.Timer2S_OUT) refers to app_task.o(.bss) for thread_SysMonitor
[...]
    CAN_Init                                 0x08002e19   Thumb Code   276  stm32f10x_can.o(i.CAN_Init)
    CAN_MessagePending                       0x08002f2d   Thumb Code    30  stm32f10x_can.o(i.CAN_MessagePending)
    CAN_Recei_Data                           0x08002f4d   Thumb Code   116  can.o(i.CAN_Recei_Data)
    CAN_Receive                              0x08002fc9   Thumb Code   240  stm32f10x_can.o(i.CAN_Receive)
    CAN_StructInit                           0x080030b9   Thumb Code    32  stm32f10x_can.o(i.CAN_StructInit)
    CAN_Transmit                             0x080030d9   Thumb Code   294  stm32f10x_can.o(i.CAN_Transmit)
    CAN_TransmitData                         0x08003201   Thumb Code   120  can.o(i.CAN_TransmitData)
    CAN_TransmitStatus                       0x0800327d   Thumb Code   138  stm32f10x_can.o(i.CAN_TransmitStatus)
    Change_Sen                               0x0800331d   Thumb Code   518  vars.o(i.Change_Sen)
    ColorLED_Refresh                         0x08003559   Thumb Code   312  tftled_ref.o(i.ColorLED_Refresh)
    DISP_NUM                                 0x080036b9   Thumb Code  1282  tftled_ref.o(i.DISP_NUM)
    DebugMon_Handler                         0x08003bc5   Thumb Code     2  stm32f10x_it.o(i.DebugMon_Handler)
    Delay_ns                                 0x08003bc7   Thumb Code    14  tftled_ref.o(i.Delay_ns)
    Double_Ref                               0x08003bd5   Thumb Code  1330  tftled_ref.o(i.Double_Ref)
    Driver_ColorLED                          0x08004115   Thumb Code    98  tftled_ref.o(i.Driver_ColorLED)
    EnterCriticalSection                     0x08004181   Thumb Code    12  port.o(i.EnterCriticalSection)
    ExitCriticalSection                      0x08004191   Thumb Code    12  port.o(i.ExitCriticalSection)
    FLASH_PrefetchBufferCmd                  0x080041a1   Thumb Code    22  stm32f10x_flash.o(i.FLASH_PrefetchBufferCmd)
    FLASH_SetLatency                         0x080041bd   Thumb Code    18  stm32f10x_flash.o(i.FLASH_SetLatency)
    Find_Color                               0x080041d5   Thumb Code    40  rs232.o(i.Find_Color)
    FloorHeat_Scm                            0x08004201   Thumb Code   128  usart.o(i.FloorHeat_Scm)
    GPIO_Init                                0x08004469   Thumb Code   278  stm32f10x_gpio.o(i.GPIO_Init)
    GPIO_PinRemapConfig                      0x08004581   Thumb Code   138  stm32f10x_gpio.o(i.GPIO_PinRemapConfig)
    GPIO_ReadInputDataBit                    0x08004611   Thumb Code    18  stm32f10x_gpio.o(i.GPIO_ReadInputDataBit)
    GPIO_ReadOutputDataBit                   0x08004623   Thumb Code    18  stm32f10x_gpio.o(i.GPIO_ReadOutputDataBit)
    GPIO_ResetBits                           0x08004635   Thumb Code     4  stm32f10x_gpio.o(i.GPIO_ResetBits)
    GPIO_SetBits                             0x08004639   Thumb Code     4  stm32f10x_gpio.o(i.GPIO_SetBits)
    GPIO_StructInit                          0x0800463d   Thumb Code    16  stm32f10x_gpio.o(i.GPIO_StructInit)
    Get_Adc                                  0x0800464d   Thumb Code    88  adc.o(i.Get_Adc)
    IWDG_Configuration                       0x080046a9   Thumb Code    34  app.o(i.IWDG_Configuration)
    IWDG_Enable                              0x080046cd   Thumb Code    10  stm32f10x_iwdg.o(i.IWDG_Enable)
    IWDG_Feed                                0x080046dd   Thumb Code     8  app.o(i.IWDG_Feed)
    IWDG_ReloadCounter                       0x080046e5   Thumb Code    10  stm32f10x_iwdg.o(i.IWDG_ReloadCounter)
    IWDG_SetPrescaler                        0x080046f5   Thumb Code     6  stm32f10x_iwdg.o(i.IWDG_SetPrescaler)
    IWDG_SetReload                           0x08004701   Thumb Code     6  stm32f10x_iwdg.o(i.IWDG_SetReload)
    IWDG_WriteAccessCmd                      0x0800470d   Thumb Code     6  stm32f10x_iwdg.o(i.IWDG_WriteAccessCmd)
    Init_Vars                                0x08004719   Thumb Code   326  vars.o(i.Init_Vars)
    LCD_Clear                                0x08004945   Thumb Code    44  lcd.o(i.LCD_Clear)
    LCD_ClearBLK                             0x08004975   Thumb Code    80  lcd.o(i.LCD_ClearBLK)
    LCD_DrawPoint                            0x080049c5   Thumb Code    28  lcd.o(i.LCD_DrawPoint)
    LCD_Init                                 0x080049e5   Thumb Code   628  lcd.o(i.LCD_Init)
    LCD_SetCursor                            0x08004c61   Thumb Code    48  lcd.o(i.LCD_SetCursor)
    LCD_ShowChar                             0x08004c95   Thumb Code   346  lcd.o(i.LCD_ShowChar)
    LCD_ShowString                           0x08004e05   Thumb Code   102  lcd.o(i.LCD_ShowString)
    LCD_WR_DATA                              0x08004e6d   Thumb Code    52  lcd.o(i.LCD_WR_DATA)
    LCD_WR_DATA8                             0x08004ead   Thumb Code    44  lcd.o(i.LCD_WR_DATA8)
    LCD_WR_REG                               0x08004ee5   Thumb Code    44  lcd.o(i.LCD_WR_REG)
    LCD_WriteRAM_Prepare                     0x08004f1d   Thumb Code    12  lcd.o(i.LCD_WriteRAM_Prepare)
    LED_D12                                  0x08004f2d   Thumb Code   106  tftled_ref.o(i.LED_D12)
    LIN_EndOfFrame                           0x08004fa1   Thumb Code    26  rs232.o(i.LIN_EndOfFrame)
    LIN_FrameError                           0x08004fc5   Thumb Code    18  rs232.o(i.LIN_FrameError)
    LIN_GetMsgLength                         0x08004fdd   Thumb Code    80  rs232.o(i.LIN_GetMsgLength)
    LIN_RxCompleted                          0x08005035   Thumb Code   474  rs232.o(i.LIN_RxCompleted)
    LIN_StaClr                               0x08005231   Thumb Code    28  rs232.o(i.LIN_StaClr)
    LinMemCopy                               0x08005261   Thumb Code    16  rs232.o(i.LinMemCopy)
    MemManage_Handler                        0x0800527b   Thumb Code     4  stm32f10x_it.o(i.MemManage_Handler)
    NMI_Handler                              0x0800527f   Thumb Code     2  stm32f10x_it.o(i.NMI_Handler)
    NVIC_Init                                0x08005291   Thumb Code   100  misc.o(i.NVIC_Init)
    NVIC_SetVectorTable                      0x08005301   Thumb Code    12  misc.o(i.NVIC_SetVectorTable)
    PLL_Configuration                        0x08005315   Thumb Code   100  app.o(i.PLL_Configuration)
    RCC_ADCCLKConfig                         0x08005379   Thumb Code    18  stm32f10x_rcc.o(i.RCC_ADCCLKConfig)
    RCC_APB1PeriphClockCmd                   0x08005391   Thumb Code    26  stm32f10x_rcc.o(i.RCC_APB1PeriphClockCmd)
    RCC_APB1PeriphResetCmd                   0x080053b1   Thumb Code    26  stm32f10x_rcc.o(i.RCC_APB1PeriphResetCmd)
    RCC_APB2PeriphClockCmd                   0x080053d1   Thumb Code    26  stm32f10x_rcc.o(i.RCC_APB2PeriphClockCmd)
    RCC_APB2PeriphResetCmd                   0x080053f1   Thumb Code    26  stm32f10x_rcc.o(i.RCC_APB2PeriphResetCmd)
    RCC_DeInit                               0x08005449   Thumb Code    64  stm32f10x_rcc.o(i.RCC_DeInit)
    RCC_GetClocksFreq                        0x08005495   Thumb Code   192  stm32f10x_rcc.o(i.RCC_GetClocksFreq)
    RCC_GetFlagStatus                        0x08005569   Thumb Code    56  stm32f10x_rcc.o(i.RCC_GetFlagStatus)
    RCC_GetSYSCLKSource                      0x080055a5   Thumb Code    10  stm32f10x_rcc.o(i.RCC_GetSYSCLKSource)
    RCC_HCLKConfig                           0x080055b5   Thumb Code    18  stm32f10x_rcc.o(i.RCC_HCLKConfig)
    RCC_HSEConfig                            0x080055cd   Thumb Code    70  stm32f10x_rcc.o(i.RCC_HSEConfig)
    RCC_PCLK1Config                          0x08005619   Thumb Code    18  stm32f10x_rcc.o(i.RCC_PCLK1Config)
    RCC_PCLK2Config                          0x08005631   Thumb Code    20  stm32f10x_rcc.o(i.RCC_PCLK2Config)
    RCC_PLLCmd                               0x08005649   Thumb Code     6  stm32f10x_rcc.o(i.RCC_PLLCmd)
    RCC_PLLConfig                            0x08005655   Thumb Code    24  stm32f10x_rcc.o(i.RCC_PLLConfig)
    RCC_SYSCLKConfig                         0x08005671   Thumb Code    18  stm32f10x_rcc.o(i.RCC_SYSCLKConfig)
    RCC_WaitForHSEStartUp                    0x08005689   Thumb Code    56  stm32f10x_rcc.o(i.RCC_WaitForHSEStartUp)
    Read_FloorHeat                           0x080056c1   Thumb Code   250  usart.o(i.Read_FloorHeat)
    SCI_RecData                              0x080057d1   Thumb Code   840  rs232.o(i.SCI_RecData)
    SCI_SendByte                             0x08005b89   Thumb Code   256  rs232.o(i.SCI_SendByte)
    SCI_SendData                             0x08005c89   Thumb Code  1960  rs232.o(i.SCI_SendData)
    SPI_Cmd                                  0x080064ad   Thumb Code    24  stm32f10x_spi.o(i.SPI_Cmd)
    SPI_Init                                 0x080064c5   Thumb Code    60  stm32f10x_spi.o(i.SPI_Init)
    SPI_WriteByte                            0x08006501   Thumb Code    34  lcd.o(i.SPI_WriteByte)
    SVC_Handler                              0x08006523   Thumb Code     2  stm32f10x_it.o(i.SVC_Handler)
    Show_ICO                                 0x08006525   Thumb Code   198  lcd.o(i.Show_ICO)
    Show_Logo                                0x0800660d   Thumb Code    88  lcd.o(i.Show_Logo)
    Show_Pig                                 0x08006669   Thumb Code   144  lcd.o(i.Show_Pig)
    Show_Ver                                 0x080066fd   Thumb Code    54  tftled_ref.o(i.Show_Ver)
    SysTick_CLKSourceConfig                  0x08006741   Thumb Code    40  misc.o(i.SysTick_CLKSourceConfig)
    SysTick_Configuration                    0x08006769   Thumb Code   100  app.o(i.SysTick_Configuration)
    SysTick_Handler                          0x080067d5   Thumb Code     8  stm32f10x_it.o(i.SysTick_Handler)
    TFTSPI_Init                              0x080067dd   Thumb Code    80  app.o(i.TFTSPI_Init)
    TFT_Clear                                0x08006831   Thumb Code    88  tftled_ref.o(i.TFT_Clear)
    TFT_DISP_Num                             0x08006889   Thumb Code   606  tftled_ref.o(i.TFT_DISP_Num)
    TFT_Refresh                              0x08006ae9   Thumb Code  2736  tftled_ref.o(i.TFT_Refresh)
    TFT_TST_Num                              0x080075d9   Thumb Code   352  tftled_ref.o(i.TFT_TST_Num)
    USART1_IRQHandler                        0x08007aa9   Thumb Code    88  usart.o(i.USART1_IRQHandler)
    USART3_IRQHandler                        0x08007b0d   Thumb Code   108  usart.o(i.USART3_IRQHandler)
    USART_ClearFlag                          0x08007b89   Thumb Code    18  stm32f10x_usart.o(i.USART_ClearFlag)
    USART_ClearITPendingBit                  0x08007b9b   Thumb Code    30  stm32f10x_usart.o(i.USART_ClearITPendingBit)
    USART_Cmd                                0x08007bb9   Thumb Code    24  stm32f10x_usart.o(i.USART_Cmd)
    USART_Config                             0x08007bd1   Thumb Code    56  usart.o(i.USART_Config)
    USART_GetFlagStatus                      0x08007c0d   Thumb Code    26  stm32f10x_usart.o(i.USART_GetFlagStatus)
    USART_GetITStatus                        0x08007c27   Thumb Code    84  stm32f10x_usart.o(i.USART_GetITStatus)
    USART_ITConfig                           0x08007c7b   Thumb Code    74  stm32f10x_usart.o(i.USART_ITConfig)
    USART_Init                               0x08007cc5   Thumb Code   210  stm32f10x_usart.o(i.USART_Init)
    USART_SendData                           0x08007d9d   Thumb Code     8  stm32f10x_usart.o(i.USART_SendData)
    UsageFault_Handler                       0x08007dc7   Thumb Code     4  stm32f10x_it.o(i.UsageFault_Handler)
    __rt_ffs                                 0x08007dcd   Thumb Code    70  kservice.o(i.__rt_ffs)
    checksum                                 0x0800826f   Thumb Code    36  usart.o(i.checksum)
    cpu_usage_init                           0x08008359   Thumb Code    10  cpuusage.o(i.cpu_usage_init)
    debug_uart_sendbyte                      0x08008369   Thumb Code    28  usart.o(i.debug_uart_sendbyte)
    delay_ms                                 0x08008389   Thumb Code    28  lcd.o(i.delay_ms)
    eMBFuncReportSlaveID                     0x080083a5   Thumb Code    30  mbfuncother.o(i.eMBFuncReportSlaveID)
    eMBMasterEnable                          0x080083cd   Thumb Code    32  mb_m.o(i.eMBMasterEnable)
    eMBMasterFuncReadCoils                   0x080083f5   Thumb Code   152  mbfunccoils_m.o(i.eMBMasterFuncReadCoils)
    eMBMasterFuncReadDiscreteInputs          0x0800848d   Thumb Code   150  mbfuncdisc_m.o(i.eMBMasterFuncReadDiscreteInputs)
    eMBMasterFuncReadHoldingRegister         0x08008523   Thumb Code   116  mbfuncholding_m.o(i.eMBMasterFuncReadHoldingRegister)
    eMBMasterFuncReadInputRegister           0x08008597   Thumb Code   114  mbfuncinput_m.o(i.eMBMasterFuncReadInputRegister)
    eMBMasterFuncReadWriteMultipleHoldingRegister 0x08008609   Thumb Code   164  mbfuncholding_m.o(i.eMBMasterFuncReadWriteMultipleHoldingRegister)
    eMBMasterFuncWriteCoil                   0x080086ad   Thumb Code   112  mbfunccoils_m.o(i.eMBMasterFuncWriteCoil)
    eMBMasterFuncWriteHoldingRegister        0x0800871d   Thumb Code    66  mbfuncholding_m.o(i.eMBMasterFuncWriteHoldingRegister)
    eMBMasterFuncWriteMultipleCoils          0x0800875f   Thumb Code   150  mbfunccoils_m.o(i.eMBMasterFuncWriteMultipleCoils)
    eMBMasterFuncWriteMultipleHoldingRegister 0x080087f5   Thumb Code   114  mbfuncholding_m.o(i.eMBMasterFuncWriteMultipleHoldingRegister)
    eMBMasterGetErrorType                    0x08008869   Thumb Code     6  mb_m.o(i.eMBMasterGetErrorType)
    eMBMasterInit                            0x08008875   Thumb Code   122  mb_m.o(i.eMBMasterInit)
    eMBMasterPoll                            0x08008931   Thumb Code   458  mb_m.o(i.eMBMasterPoll)
    eMBMasterRTUInit                         0x08008b21   Thumb Code    82  mbrtu_m.o(i.eMBMasterRTUInit)
    eMBMasterRTUReceive                      0x08008b79   Thumb Code    70  mbrtu_m.o(i.eMBMasterRTUReceive)
    eMBMasterRTUSend                         0x08008bc9   Thumb Code   132  mbrtu_m.o(i.eMBMasterRTUSend)
    eMBMasterRTUStart                        0x08008c61   Thumb Code    30  mbrtu_m.o(i.eMBMasterRTUStart)
    eMBMasterRTUStop                         0x08008c85   Thumb Code    24  mbrtu_m.o(i.eMBMasterRTUStop)
    eMBMasterRegCoilsCB                      0x08008c9d   Thumb Code   314  user_mb_app_m.o(i.eMBMasterRegCoilsCB)
    eMBMasterRegDiscreteCB                   0x08008de1   Thumb Code   204  user_mb_app_m.o(i.eMBMasterRegDiscreteCB)
    eMBMasterRegHoldingCB                    0x08008eb5   Thumb Code   172  user_mb_app_m.o(i.eMBMasterRegHoldingCB)
    eMBMasterRegInputCB                      0x08008f69   Thumb Code   114  user_mb_app_m.o(i.eMBMasterRegInputCB)
    eMBMasterReqReadHoldingRegister          0x08008fe5   Thumb Code   102  mbfuncholding_m.o(i.eMBMasterReqReadHoldingRegister)
    eMBMasterWaitRequestFinish               0x0800904d   Thumb Code    68  portevent_m.o(i.eMBMasterWaitRequestFinish)
    get_pin                                  0x08009095   Thumb Code    18  gpio.o(i.get_pin)
    main                                     0x080090ad   Thumb Code    24  app.o(i.main)
    prveMBError2Exception                    0x08009181   Thumb Code    34  mbutils.o(i.prveMBError2Exception)
    rt_application_init                      0x080091d5   Thumb Code   324  app_task.o(i.rt_application_init)
    rt_completion_done                       0x080093d5   Thumb Code    82  completion.o(i.rt_completion_done)
    rt_completion_init                       0x08009427   Thumb Code    48  completion.o(i.rt_completion_init)
    rt_completion_wait                       0x08009457   Thumb Code   212  completion.o(i.rt_completion_wait)
    rt_data_queue_init                       0x0800952b   Thumb Code    80  dataqueue.o(i.rt_data_queue_init)
    rt_data_queue_peak                       0x0800957b   Thumb Code    98  dataqueue.o(i.rt_data_queue_peak)
    rt_data_queue_pop                        0x080095dd   Thumb Code   358  dataqueue.o(i.rt_data_queue_pop)
    rt_data_queue_push                       0x08009743   Thumb Code   282  dataqueue.o(i.rt_data_queue_push)
    rt_device_find                           0x0800985d   Thumb Code    76  device.o(i.rt_device_find)
    rt_device_init_all                       0x080098ad   Thumb Code    64  device.o(i.rt_device_init_all)
    rt_device_open                           0x080098f1   Thumb Code   148  device.o(i.rt_device_open)
    rt_device_pin_register                   0x08009985   Thumb Code    58  pin.o(i.rt_device_pin_register)
    rt_device_register                       0x080099d5   Thumb Code    52  device.o(i.rt_device_register)
    rt_device_write                          0x08009a09   Thumb Code    78  device.o(i.rt_device_write)
    rt_enter_critical                        0x08009a59   Thumb Code    28  scheduler.o(i.rt_enter_critical)
    rt_event_init                            0x08009a79   Thumb Code    50  ipc.o(i.rt_event_init)
    rt_event_recv                            0x08009aad   Thumb Code   356  ipc.o(i.rt_event_recv)
    rt_event_send                            0x08009c19   Thumb Code   214  ipc.o(i.rt_event_send)
    rt_exit_critical                         0x08009cf5   Thumb Code    54  scheduler.o(i.rt_exit_critical)
    rt_free                                  0x08009d31   Thumb Code   256  mem.o(i.rt_free)
    rt_hw_board_init                         0x08009e49   Thumb Code    16  app.o(i.rt_hw_board_init)
    rt_hw_hard_fault_exception               0x08009e59   Thumb Code    32  cpuport.o(i.rt_hw_hard_fault_exception)
    rt_hw_serial_isr                         0x08009e7d   Thumb Code   330  serial.o(i.rt_hw_serial_isr)
    rt_hw_serial_register                    0x08009fc9   Thumb Code    82  serial.o(i.rt_hw_serial_register)
    rt_hw_stack_init                         0x0800a035   Thumb Code    70  cpuport.o(i.rt_hw_stack_init)
    rt_hw_timer_handler                      0x0800a081   Thumb Code    16  app.o(i.rt_hw_timer_handler)
    rt_interrupt_enter                       0x0800a091   Thumb Code    30  irq.o(i.rt_interrupt_enter)
    rt_interrupt_get_nest                    0x0800a0b5   Thumb Code     6  irq.o(i.rt_interrupt_get_nest)
    rt_interrupt_leave                       0x0800a0c1   Thumb Code    30  irq.o(i.rt_interrupt_leave)
    rt_malloc                                0x0800a245   Thumb Code   528  mem.o(i.rt_malloc)
    rt_memset                                0x0800a475   Thumb Code    72  kservice.o(i.rt_memset)
    rt_object_allocate                       0x0800a4bd   Thumb Code   128  object.o(i.rt_object_allocate)
    rt_object_delete                         0x0800a545   Thumb Code    92  object.o(i.rt_object_delete)
    rt_object_detach                         0x0800a5a5   Thumb Code    62  object.o(i.rt_object_detach)
    rt_object_init                           0x0800a5e9   Thumb Code    76  object.o(i.rt_object_init)
    rt_object_is_systemobject                0x0800a63d   Thumb Code    38  object.o(i.rt_object_is_systemobject)
    rt_pin_mode                              0x0800a665   Thumb Code    22  pin.o(i.rt_pin_mode)
    rt_pin_write                             0x0800a681   Thumb Code    22  pin.o(i.rt_pin_write)
    rt_schedule                              0x0800a69d   Thumb Code   134  scheduler.o(i.rt_schedule)
    rt_schedule_insert_thread                0x0800a741   Thumb Code    86  scheduler.o(i.rt_schedule_insert_thread)
    rt_schedule_remove_thread                0x0800a7a1   Thumb Code    98  scheduler.o(i.rt_schedule_remove_thread)
    rt_sem_init                              0x0800a80d   Thumb Code    52  ipc.o(i.rt_sem_init)
    rt_sem_release                           0x0800a841   Thumb Code    80  ipc.o(i.rt_sem_release)
    rt_sem_take                              0x0800a895   Thumb Code   266  ipc.o(i.rt_sem_take)
    rt_set_errno                             0x0800ad81   Thumb Code    36  kservice.o(i.rt_set_errno)
    rt_strncmp                               0x0800ada9   Thumb Code    40  kservice.o(i.rt_strncmp)
    rt_strncpy                               0x0800add1   Thumb Code    52  kservice.o(i.rt_strncpy)
    rt_system_heap_init                      0x0800ae05   Thumb Code   188  mem.o(i.rt_system_heap_init)
    rt_system_object_init                    0x0800aedd   Thumb Code     2  object.o(i.rt_system_object_init)
    rt_system_scheduler_init                 0x0800aee1   Thumb Code    56  scheduler.o(i.rt_system_scheduler_init)
    rt_system_scheduler_start                0x0800af31   Thumb Code    36  scheduler.o(i.rt_system_scheduler_start)
    rt_system_tick_init                      0x0800af61   Thumb Code     2  clock.o(i.rt_system_tick_init)
    rt_system_timer_init                     0x0800af65   Thumb Code    24  timer.o(i.rt_system_timer_init)
    rt_system_timer_thread_init              0x0800af81   Thumb Code     2  timer.o(i.rt_system_timer_thread_init)
    rt_thread_delay                          0x0800af83   Thumb Code    12  thread.o(i.rt_thread_delay)
    rt_thread_idle_excute                    0x0800b001   Thumb Code   160  idle.o(i.rt_thread_idle_excute)
    rt_thread_idle_init                      0x0800b0a5   Thumb Code    38  idle.o(i.rt_thread_idle_init)
    rt_thread_idle_sethook                   0x0800b0e1   Thumb Code     6  idle.o(i.rt_thread_idle_sethook)
    rt_thread_init                           0x0800b0ed   Thumb Code    86  thread.o(i.rt_thread_init)
    rt_thread_resume                         0x0800b143   Thumb Code    82  thread.o(i.rt_thread_resume)
    rt_thread_self                           0x0800b195   Thumb Code     6  thread.o(i.rt_thread_self)
    rt_thread_sleep                          0x0800b1a1   Thumb Code    82  thread.o(i.rt_thread_sleep)
    rt_thread_startup                        0x0800b1f9   Thumb Code    92  thread.o(i.rt_thread_startup)
    rt_thread_suspend                        0x0800b255   Thumb Code    80  thread.o(i.rt_thread_suspend)
    rt_thread_timeout                        0x0800b2a5   Thumb Code    74  thread.o(i.rt_thread_timeout)
    rt_thread_yield                          0x0800b2f1   Thumb Code    88  thread.o(i.rt_thread_yield)
    rt_tick_get                              0x0800b351   Thumb Code     6  clock.o(i.rt_tick_get)
    rt_tick_increase                         0x0800b35d   Thumb Code    42  clock.o(i.rt_tick_increase)
    rt_timer_check                           0x0800b38d   Thumb Code   148  timer.o(i.rt_timer_check)
    rt_timer_control                         0x0800b429   Thumb Code    76  timer.o(i.rt_timer_control)
    rt_timer_create                          0x0800b475   Thumb Code    54  timer.o(i.rt_timer_create)
    rt_timer_detach                          0x0800b4ab   Thumb Code    50  timer.o(i.rt_timer_detach)
    rt_timer_init                            0x0800b4dd   Thumb Code    64  timer.o(i.rt_timer_init)
    rt_timer_start                           0x0800b51d   Thumb Code   314  timer.o(i.rt_timer_start)
    rt_timer_stop                            0x0800b665   Thumb Code    84  timer.o(i.rt_timer_stop)
    rtthread_startup                         0x0800b6bd   Thumb Code    56  app_task.o(i.rtthread_startup)
    stm32_hw_pin_init                        0x0800b8a5   Thumb Code    16  gpio.o(i.stm32_hw_pin_init)
    stm32_hw_usart_init                      0x0800b8bd   Thumb Code   120  usart.o(i.stm32_hw_usart_init)
    stm32_pin_mode                           0x0800b961   Thumb Code    94  gpio.o(i.stm32_pin_mode)
    stm32_pin_read                           0x0800b9bf   Thumb Code    48  gpio.o(i.stm32_pin_read)
    stm32_pin_write                          0x0800b9ef   Thumb Code    52  gpio.o(i.stm32_pin_write)
    thread_entry_ADC                         0x0800ba55   Thumb Code   502  app_task.o(i.thread_entry_ADC)
    thread_entry_CANCOMM                     0x0800bc79   Thumb Code   956  app_task.o(i.thread_entry_CANCOMM)
    thread_entry_ModbusMasterPoll            0x0800c069   Thumb Code    38  app_task.o(i.thread_entry_ModbusMasterPoll)
    thread_entry_RS232COMM                   0x0800c095   Thumb Code  1546  app_task.o(i.thread_entry_RS232COMM)
    thread_entry_SysMonitor                  0x0800c6bd   Thumb Code  1244  app_task.o(i.thread_entry_SysMonitor)
    thread_entry_TFTdisplay                  0x0800cbb1   Thumb Code   326  app_task.o(i.thread_entry_TFTdisplay)
    ucMBMasterGetDestAddress                 0x0800cd0d   Thumb Code     6  mb_m.o(i.ucMBMasterGetDestAddress)
    usMBCRC16                                0x0800cd19   Thumb Code    48  mbcrc.o(i.usMBCRC16)
    usMBMasterGetPDUSndLength                0x0800cd51   Thumb Code     6  mbrtu_m.o(i.usMBMasterGetPDUSndLength)
    vMBMasterCBRequestScuuess                0x0800cd5d   Thumb Code    12  portevent_m.o(i.vMBMasterCBRequestScuuess)
    vMBMasterErrorCBExecuteFunction          0x0800cd6d   Thumb Code    20  portevent_m.o(i.vMBMasterErrorCBExecuteFunction)
    vMBMasterErrorCBReceiveData              0x0800cd85   Thumb Code    18  portevent_m.o(i.vMBMasterErrorCBReceiveData)
    vMBMasterErrorCBRespondTimeout           0x0800cd9d   Thumb Code    18  portevent_m.o(i.vMBMasterErrorCBRespondTimeout)
    vMBMasterGetPDUSndBuf                    0x0800cdb5   Thumb Code     6  mbrtu_m.o(i.vMBMasterGetPDUSndBuf)
    vMBMasterOsResInit                       0x0800cdc1   Thumb Code    16  portevent_m.o(i.vMBMasterOsResInit)
    vMBMasterPortSerialEnable                0x0800cde1   Thumb Code    96  portserial_m.o(i.vMBMasterPortSerialEnable)
    vMBMasterPortTimersConvertDelayEnable    0x0800ce49   Thumb Code    30  porttimer_m.o(i.vMBMasterPortTimersConvertDelayEnable)
    vMBMasterPortTimersDisable               0x0800ce6d   Thumb Code    10  porttimer_m.o(i.vMBMasterPortTimersDisable)
    vMBMasterPortTimersRespondTimeoutEnable  0x0800ce7d   Thumb Code    30  porttimer_m.o(i.vMBMasterPortTimersRespondTimeoutEnable)
    vMBMasterPortTimersT35Enable             0x0800cea1   Thumb Code    44  porttimer_m.o(i.vMBMasterPortTimersT35Enable)
    vMBMasterRunResRelease                   0x0800ced5   Thumb Code    10  portevent_m.o(i.vMBMasterRunResRelease)
    vMBMasterSetCBRunInMasterMode            0x0800cee5   Thumb Code     6  mb_m.o(i.vMBMasterSetCBRunInMasterMode)
    vMBMasterSetCurTimerMode                 0x0800cef1   Thumb Code     6  mbrtu_m.o(i.vMBMasterSetCurTimerMode)
    vMBMasterSetDestAddress                  0x0800cefd   Thumb Code     6  mb_m.o(i.vMBMasterSetDestAddress)
    vMBMasterSetErrorType                    0x0800cf09   Thumb Code     6  mb_m.o(i.vMBMasterSetErrorType)
    vMBMasterSetPDUSndLength                 0x0800cf15   Thumb Code     6  mbrtu_m.o(i.vMBMasterSetPDUSndLength)
    xMBMasterPortEventGet                    0x0800cf21   Thumb Code    92  portevent_m.o(i.xMBMasterPortEventGet)
    xMBMasterPortEventInit                   0x0800cf81   Thumb Code    16  portevent_m.o(i.xMBMasterPortEventInit)
    xMBMasterPortEventPost                   0x0800cfa5   Thumb Code    16  portevent_m.o(i.xMBMasterPortEventPost)
    xMBMasterPortSerialGetByte               0x0800cfb9   Thumb Code    26  portserial_m.o(i.xMBMasterPortSerialGetByte)
    xMBMasterPortSerialInit                  0x0800cfd9   Thumb Code   304  portserial_m.o(i.xMBMasterPortSerialInit)
    xMBMasterPortSerialPutByte               0x0800d149   Thumb Code    24  portserial_m.o(i.xMBMasterPortSerialPutByte)
    xMBMasterPortTimersInit                  0x0800d165   Thumb Code    44  porttimer_m.o(i.xMBMasterPortTimersInit)
    xMBMasterRTUReceiveFSM                   0x0800d1ad   Thumb Code   132  mbrtu_m.o(i.xMBMasterRTUReceiveFSM)
    xMBMasterRTUTimerExpired                 0x0800d241   Thumb Code   130  mbrtu_m.o(i.xMBMasterRTUTimerExpired)
    xMBMasterRTUTransmitFSM                  0x0800d2d5   Thumb Code   120  mbrtu_m.o(i.xMBMasterRTUTransmitFSM)
    xMBMasterRequestIsBroadcast              0x0800d361   Thumb Code     6  mbrtu_m.o(i.xMBMasterRequestIsBroadcast)
    xMBMasterRunResTake                      0x0800d36d   Thumb Code    22  portevent_m.o(i.xMBMasterRunResTake)
    xMBUtilGetBits                           0x0800d389   Thumb Code    42  mbutils.o(i.xMBUtilGetBits)
    xMBUtilSetBits                           0x0800d3b3   Thumb Code    96  mbutils.o(i.xMBUtilSetBits)
    CHN_2424                                 0x0800d45c   Data        2664  lcd.o(.constdata)
    BAT_4016                                 0x0800dec4   Data          80  lcd.o(.constdata)
    BLUETOO_1622                             0x0800df14   Data          44  lcd.o(.constdata)
    UNIT_7226                                0x0800df40   Data        1638  lcd.o(.constdata)
    DIG_2427                                 0x0800e5a6   Data        1053  lcd.o(.constdata)
    DIG_3248                                 0x0800e9c3   Data        2112  lcd.o(.constdata)
    DIG_1613                                 0x0800f203   Data         286  lcd.o(.constdata)
    ICO                                      0x0800f321   Data        7168  lcd.o(.constdata)
    Pig_RAR                                  0x08010f21   Data        1771  lcd.o(.constdata)
    asc2_1206                                0x0801160c   Data        1140  lcd.o(.constdata)
    asc2_1608                                0x08011a80   Data        1520  lcd.o(.constdata)
    hanzi32                                  0x08012070   Data         512  lcd.o(.constdata)
    hanzi16                                  0x08012270   Data         320  lcd.o(.constdata)
    HV_LOGO                                  0x080123b0   Data       15488  lcd.o(.constdata)
    baud_table                               0x08016030   Data          16  vars.o(.constdata)
    Rcv_MsgTable                             0x08016040   Data          18  rs232.o(.constdata)
    Snd_MsgTable                             0x08016052   Data          34  rs232.o(.constdata)
    COLTable                                 0x08016074   Data          20  rs232.o(.constdata)
    __lowest_bit_bitmap                      0x0801610c   Data         256  kservice.o(.constdata)
    Region$$Table$$Base                      0x08016430   Number         0  anon$$obj.o(Region$$Table)
    Region$$Table$$Limit                     0x08016450   Number         0  anon$$obj.o(Region$$Table)
    rt_interrupt_from_thread                 0x2000000c   Data           4  cpuport.o(.data)
    rt_interrupt_to_thread                   0x20000010   Data           4  cpuport.o(.data)
    rt_thread_switch_interrupt_flag          0x20000014   Data           4  cpuport.o(.data)
    uart1                                    0x2000001c   Data           8  usart.o(.data)
    uart3                                    0x20000024   Data           8  usart.o(.data)
    POINT_COLOR                              0x2000002c   Data           2  lcd.o(.data)
    BACK_COLOR                               0x2000002e   Data           2  lcd.o(.data)
    FLAGS0                                   0x20000030   Data           4  vars.o(.data)
    FLAGS1                                   0x20000034   Data           4  vars.o(.data)
    FLAGS2                                   0x20000038   Data           4  vars.o(.data)
    Rs485_byte                               0x2000003c   Data           1  vars.o(.data)
    Rs485_Count                              0x2000003d   Data           1  vars.o(.data)
    Rs232_Comand                             0x2000003e   Data           1  vars.o(.data)
    DN_Count                                 0x2000003f   Data           1  vars.o(.data)
    RS485_StateFlag                          0x20000040   Data           1  vars.o(.data)
    DN_RS485_COUNT                           0x20000041   Data           1  vars.o(.data)
    LIN_Length                               0x20000042   Data           1  vars.o(.data)
    LIN_TmpSCIByte                           0x20000043   Data           1  vars.o(.data)
    LIN_BufCounter                           0x20000044   Data           1  vars.o(.data)
    LIN_StateFlags                           0x20000045   Data           1  vars.o(.data)
    LIN_MsgDir                               0x20000046   Data           1  vars.o(.data)
    LIN_Err                                  0x20000047   Data           1  vars.o(.data)
    Checksum                                 0x20000048   Data           1  vars.o(.data)
    RS232Temp_Num                            0x20000049   Data           1  vars.o(.data)
    RS232Hmd_Num                             0x2000004a   Data           1  vars.o(.data)
    RS232DR_Num                              0x2000004b   Data           1  vars.o(.data)
    RS232PHV_Num                             0x2000004c   Data           1  vars.o(.data)
    RS232WF_Num                              0x2000004d   Data           1  vars.o(.data)
    RS232WP_Num                              0x2000004e   Data           1  vars.o(.data)
    RS232TH_Num                              0x2000004f   Data           1  vars.o(.data)
    RS232NH_Num                              0x20000050   Data           1  vars.o(.data)
    RS232WG_Num                              0x20000051   Data           1  vars.o(.data)
    RS232RF_Num                              0x20000052   Data           1  vars.o(.data)
    RS232GRT_Num                             0x20000053   Data           1  vars.o(.data)
    RS232CD_Num                              0x20000054   Data           1  vars.o(.data)
    Temp_COLOR                               0x20000056   Data           2  vars.o(.data)
    HMD_COLOR                                0x20000058   Data           2  vars.o(.data)
    PHV_COLOR                                0x2000005a   Data           2  vars.o(.data)
    WF_COLOR                                 0x2000005c   Data           2  vars.o(.data)
    WP_COLOR                                 0x2000005e   Data           2  vars.o(.data)
    TP_COLOR                                 0x20000060   Data           2  vars.o(.data)
    NH3_COLOR                                0x20000062   Data           2  vars.o(.data)
    WARN_COLOR                               0x20000064   Data           2  vars.o(.data)
    Temp1_COLOR                              0x20000066   Data           2  vars.o(.data)
    KG_COLOR                                 0x20000068   Data           2  vars.o(.data)
    RFID_COLOR                               0x2000006a   Data           2  vars.o(.data)
    RUNMD_COLOR                              0x2000006c   Data           2  vars.o(.data)
    DEVMOD_COLOR                             0x2000006e   Data           2  vars.o(.data)
    Temp1_Sort                               0x20000070   Data           2  vars.o(.data)
    Weight_Sort                              0x20000072   Data           8  vars.o(.data)
    RFID                                     0x2000007a   Data           2  vars.o(.data)
    RunMode                                  0x2000007c   Data           1  vars.o(.data)
    DevMode                                  0x2000007d   Data           1  vars.o(.data)
    Rs485_threadCount                        0x2000007e   Data           2  vars.o(.data)
    Rs485REC_threadCount                     0x20000080   Data           2  vars.o(.data)
    Num_Sensor                               0x20000082   Data           1  vars.o(.data)
    Config_FRCR                              0x20000083   Data           8  vars.o(.data)
    TFT_Inf_FRCR                             0x2000008b   Data           2  vars.o(.data)
    Driver_RELSta                            0x2000008d   Data           8  vars.o(.data)
    Driver_Input                             0x20000095   Data           8  vars.o(.data)
    Driver_Input1                            0x2000009d   Data           8  vars.o(.data)
    Driver_RELSta1                           0x200000a5   Data           8  vars.o(.data)
    Driver_RInSta1                           0x200000ad   Data           1  vars.o(.data)
    Driver_RRelSta1                          0x200000ae   Data           1  vars.o(.data)
    ColorLED_FRCR                            0x200000af   Data           4  vars.o(.data)
    DouLED_FRCR                              0x200000b3   Data           2  vars.o(.data)
    Power_FRCR                               0x200000b5   Data           2  vars.o(.data)
    ADC_Cout                                 0x200000b7   Data           1  vars.o(.data)
    Adc_Count                                0x200000b8   Data           1  vars.o(.data)
    RS232ERR_Cout                            0x200000b9   Data           1  vars.o(.data)
    FANDR_Cout                               0x200000ba   Data           1  vars.o(.data)
    TIM_Count                                0x200000bb   Data           1  vars.o(.data)
    CANERR_Cout                              0x200000bc   Data           1  vars.o(.data)
    RS232Send_Cout                           0x200000bd   Data           1  vars.o(.data)
    LeaTST_Count                             0x200000be   Data           1  vars.o(.data)
    CoLED_Count                              0x200000bf   Data           1  vars.o(.data)
    Ref_Count                                0x200000c0   Data           1  vars.o(.data)
    SendCon_Count                            0x200000c1   Data           1  vars.o(.data)
    TstOV_Count                              0x200000c2   Data           1  vars.o(.data)
    TFT_REFCount                             0x200000c4   Data           2  vars.o(.data)
    CoreRstCount                             0x200000c6   Data           2  vars.o(.data)
    CoreStCount                              0x200000c8   Data           1  vars.o(.data)
    Driver_RInSta                            0x200000c9   Data           1  vars.o(.data)
    Driver_RRelSta                           0x200000ca   Data           1  vars.o(.data)
    Val_3P3V                                 0x200000cb   Data           1  vars.o(.data)
    Val_5V                                   0x200000cc   Data           1  vars.o(.data)
    Val_5VGPRS                               0x200000cd   Data           1  vars.o(.data)
    Val_9V                                   0x200000ce   Data           1  vars.o(.data)
    Val_12V                                  0x200000cf   Data           1  vars.o(.data)
    Val_BAT                                  0x200000d0   Data           1  vars.o(.data)
    Val_EXTBAT                               0x200000d1   Data           1  vars.o(.data)
    Val_24V                                  0x200000d2   Data           1  vars.o(.data)
    INT_Temp                                 0x200000d4   Data           2  vars.o(.data)
    INT_HMD                                  0x200000d6   Data           2  vars.o(.data)
    DouLED                                   0x200000d8   Data           2  vars.o(.data)
    Test_DLED                                0x200000da   Data           1  vars.o(.data)
    Test_TFT                                 0x200000dc   Data           2  vars.o(.data)
    Test_CAN                                 0x200000de   Data           1  vars.o(.data)
    Debug_dat                                0x200000df   Data           8  vars.o(.data)
    Temp_NumDG                               0x200000e7   Data           1  vars.o(.data)
    CLED_Color                               0x200000e8   Data           4  vars.o(.data)
    NoCore_Count                             0x200000ec   Data           1  vars.o(.data)
    Dev_info                                 0x200000ee   Data         336  vars.o(.data)
    SEN_CurrentIdx                           0x2000023e   Data           1  vars.o(.data)
    SEN_Count                                0x2000023f   Data           1  vars.o(.data)
    CoreP_Ver                                0x20000240   Data           9  rs232.o(.data)
    CoreP_ID                                 0x20000249   Data          11  rs232.o(.data)
    rt_interrupt_nest                        0x20000278   Data           1  irq.o(.data)
    rt_object_container                      0x200002a0   Data         112  object.o(.data)
    rt_object_trytake_hook                   0x20000318   Data           4  object.o(.data)
    rt_object_take_hook                      0x2000031c   Data           4  object.o(.data)
    rt_object_put_hook                       0x20000320   Data           4  object.o(.data)
    rt_current_thread                        0x20000328   Data           4  scheduler.o(.data)
    rt_current_priority                      0x2000032c   Data           1  scheduler.o(.data)
    rt_thread_ready_priority_group           0x20000330   Data           4  scheduler.o(.data)
    rt_thread_defunct                        0x20000334   Data           8  scheduler.o(.data)
    pxMBMasterFrameCBByteReceived            0x20000370   Data           4  mb_m.o(.data)
    pxMBMasterFrameCBTransmitterEmpty        0x20000374   Data           4  mb_m.o(.data)
    pxMBMasterPortCBTimerExpired             0x20000378   Data           4  mb_m.o(.data)
    pxMBMasterFrameCBReceiveFSMCur           0x2000037c   Data           4  mb_m.o(.data)
    pxMBMasterFrameCBTransmitFSMCur          0x20000380   Data           4  mb_m.o(.data)
    usMDiscInStart                           0x20000466   Data           2  user_mb_app_m.o(.data)
    usMCoilStart                             0x20000468   Data           2  user_mb_app_m.o(.data)
    usMRegInStart                            0x2000046a   Data           2  user_mb_app_m.o(.data)
    usMRegHoldStart                          0x2000046c   Data           2  user_mb_app_m.o(.data)
    thread_SysMonitor                        0x20000ff0   Data         160  app_task.o(.bss)
    thread_ModbusMasterPoll                  0x20001090   Data         160  app_task.o(.bss)
    thread_TFTDisplay                        0x20001130   Data         160  app_task.o(.bss)
    thread_CANCOMM                           0x200011d0   Data         160  app_task.o(.bss)
    thread_RS232COMM                         0x20001270   Data         160  app_task.o(.bss)
    thread_ADC                               0x20001310   Data         160  app_task.o(.bss)
    serial1                                  0x200013b0   Data         100  usart.o(.bss)
    serial3                                  0x20001414   Data         100  usart.o(.bss)
    lcddev                                   0x20001478   Data          10  lcd.o(.bss)
    Rs485_Databuf                            0x20001482   Data          20  vars.o(.bss)
    Rs232_Rec_buf                            0x20001496   Data          20  vars.o(.bss)
    LIN_ProtBuf                              0x200014aa   Data          20  vars.o(.bss)
    Err_Count                                0x200014be   Data          28  vars.o(.bss)
    datebuf                                  0x200014da   Data         160  vars.o(.bss)
    DriverInf_FRCR                           0x2000157a   Data          10  vars.o(.bss)
    DriverInf_FRCR1                          0x20001584   Data          10  vars.o(.bss)
    rt_thread_priority_table                 0x20001760   Data         256  scheduler.o(.bss)
    ucMDiscInBuf                             0x20001e44   Data          32  user_mb_app_m.o(.bss)
    ucMCoilBuf                               0x20001e64   Data          32  user_mb_app_m.o(.bss)
    usMRegInBuf                              0x20001e84   Data         512  user_mb_app_m.o(.bss)
    usMRegHoldBuf                            0x20002084   Data        4096  user_mb_app_m.o(.bss)
    __libspace_start                         0x20003084   Data          96  libspace.o(.bss)
    __temporary_stack_top$libspace           0x200030e4   Data           0  libspace.o(.bss)
    Image$$RW_IRAM1$$ZI$$Limit               0x200036e8   Number         0  anon$$obj.o ABSOLUTE



==============================================================================

Memory Map of the image

  Image Entry point : 0x080024ed

  Load Region LR_IROM1 (Base: 0x08002400, Size: 0x000144c0, Max: 0x0001dc00, ABSOLUTE, COMPRESSED[0x00014164])

    Execution Region ER_IROM1 (Base: 0x08002400, Size: 0x00014050, Max: 0x0001dc00, ABSOLUTE)

    Base Addr    Size         Type   Attr      Idx    E Section Name        Object

    0x08002400   0x000000ec   Data   RO         3857    RESET               startup_stm32f10x_md.o
    0x080024ec   0x00000008   Code   RO         6392  * !!!main             c_w.l(__main.o)
    0x080024f4   0x00000034   Code   RO         6550    !!!scatter          c_w.l(__scatter.o)
    0x08002528   0x0000005a   Code   RO         6548    !!dczerorl2         c_w.l(__dczerorl2.o)
    0x08002582   0x00000002   PAD
    0x08002584   0x0000001c   Code   RO         6552    !!handler_zi        c_w.l(__scatter_zi.o)
    0x080025a0   0x00000002   Code   RO         6419    .ARM.Collect$$libinit$$00000000  c_w.l(libinit.o)
    0x080025a2   0x00000000   Code   RO         6426    .ARM.Collect$$libinit$$00000002  c_w.l(libinit2.o)
    0x080025a2   0x00000000   Code   RO         6428    .ARM.Collect$$libinit$$00000004  c_w.l(libinit2.o)
    0x080025a2   0x00000000   Code   RO         6431    .ARM.Collect$$libinit$$0000000A  c_w.l(libinit2.o)
    0x080025a2   0x00000000   Code   RO         6433    .ARM.Collect$$libinit$$0000000C  c_w.l(libinit2.o)
    0x080025a2   0x00000000   Code   RO         6435    .ARM.Collect$$libinit$$0000000E  c_w.l(libinit2.o)
    0x080025a2   0x00000000   Code   RO         6438    .ARM.Collect$$libinit$$00000011  c_w.l(libinit2.o)
    0x080025a2   0x00000000   Code   RO         6440    .ARM.Collect$$libinit$$00000013  c_w.l(libinit2.o)
    0x080025a2   0x00000000   Code   RO         6442    .ARM.Collect$$libinit$$00000015  c_w.l(libinit2.o)
    0x080025a2   0x00000000   Code   RO         6444    .ARM.Collect$$libinit$$00000017  c_w.l(libinit2.o)
    0x080025a2   0x00000000   Code   RO         6446    .ARM.Collect$$libinit$$00000019  c_w.l(libinit2.o)
    0x080025a2   0x00000000   Code   RO         6448    .ARM.Collect$$libinit$$0000001B  c_w.l(libinit2.o)
    0x080025a2   0x00000000   Code   RO         6450    .ARM.Collect$$libinit$$0000001D  c_w.l(libinit2.o)
    0x080025a2   0x00000000   Code   RO         6452    .ARM.Collect$$libinit$$0000001F  c_w.l(libinit2.o)
    0x080025a2   0x00000000   Code   RO         6454    .ARM.Collect$$libinit$$00000021  c_w.l(libinit2.o)
    0x080025a2   0x00000000   Code   RO         6456    .ARM.Collect$$libinit$$00000023  c_w.l(libinit2.o)
    0x080025a2   0x00000000   Code   RO         6458    .ARM.Collect$$libinit$$00000025  c_w.l(libinit2.o)
    0x080025a2   0x00000000   Code   RO         6462    .ARM.Collect$$libinit$$0000002C  c_w.l(libinit2.o)
    0x080025a2   0x00000000   Code   RO         6464    .ARM.Collect$$libinit$$0000002E  c_w.l(libinit2.o)
    0x080025a2   0x00000000   Code   RO         6466    .ARM.Collect$$libinit$$00000030  c_w.l(libinit2.o)
    0x080025a2   0x00000000   Code   RO         6468    .ARM.Collect$$libinit$$00000032  c_w.l(libinit2.o)
    0x080025a2   0x00000002   Code   RO         6469    .ARM.Collect$$libinit$$00000033  c_w.l(libinit2.o)
    0x080025a4   0x00000002   Code   RO         6489    .ARM.Collect$$libshutdown$$00000000  c_w.l(libshutdown.o)
    0x080025a6   0x00000000   Code   RO         6503    .ARM.Collect$$libshutdown$$00000003  c_w.l(libshutdown2.o)
    0x080025a6   0x00000000   Code   RO         6506    .ARM.Collect$$libshutdown$$00000006  c_w.l(libshutdown2.o)
    0x080025a6   0x00000000   Code   RO         6509    .ARM.Collect$$libshutdown$$00000009  c_w.l(libshutdown2.o)
    0x080025a6   0x00000000   Code   RO         6511    .ARM.Collect$$libshutdown$$0000000B  c_w.l(libshutdown2.o)
    0x080025a6   0x00000000   Code   RO         6514    .ARM.Collect$$libshutdown$$0000000E  c_w.l(libshutdown2.o)
    0x080025a6   0x00000002   Code   RO         6515    .ARM.Collect$$libshutdown$$0000000F  c_w.l(libshutdown2.o)
    0x080025a8   0x00000000   Code   RO         6394    .ARM.Collect$$rtentry$$00000000  c_w.l(__rtentry.o)
    0x080025a8   0x00000000   Code   RO         6396    .ARM.Collect$$rtentry$$00000002  c_w.l(__rtentry2.o)
    0x080025a8   0x00000006   Code   RO         6408    .ARM.Collect$$rtentry$$00000004  c_w.l(__rtentry4.o)
    0x080025ae   0x00000000   Code   RO         6398    .ARM.Collect$$rtentry$$00000009  c_w.l(__rtentry2.o)
    0x080025ae   0x00000004   Code   RO         6399    .ARM.Collect$$rtentry$$0000000A  c_w.l(__rtentry2.o)
    0x080025b2   0x00000000   Code   RO         6401    .ARM.Collect$$rtentry$$0000000C  c_w.l(__rtentry2.o)
    0x080025b2   0x00000008   Code   RO         6402    .ARM.Collect$$rtentry$$0000000D  c_w.l(__rtentry2.o)
    0x080025ba   0x00000002   Code   RO         6423    .ARM.Collect$$rtexit$$00000000  c_w.l(rtexit.o)
    0x080025bc   0x00000000   Code   RO         6471    .ARM.Collect$$rtexit$$00000002  c_w.l(rtexit2.o)
    0x080025bc   0x00000004   Code   RO         6472    .ARM.Collect$$rtexit$$00000003  c_w.l(rtexit2.o)
    0x080025c0   0x00000006   Code   RO         6473    .ARM.Collect$$rtexit$$00000004  c_w.l(rtexit2.o)
    0x080025c6   0x00000002   PAD
    0x080025c8   0x000000f0   Code   RO          411    .text               context_rvds.o
    0x080026b8   0x00000038   Code   RO         3858    .text               startup_stm32f10x_md.o
    0x080026f0   0x0000008a   Code   RO         6384    .text               c_w.l(rt_memcpy_v6.o)
    0x0800277a   0x00000064   Code   RO         6386    .text               c_w.l(rt_memcpy_w.o)
    0x080027de   0x0000004e   Code   RO         6388    .text               c_w.l(rt_memclr_w.o)
    0x0800282c   0x00000006   Code   RO         6390    .text               c_w.l(heapauxi.o)
    0x08002832   0x0000004a   Code   RO         6410    .text               c_w.l(sys_stackheap_outer.o)
    0x0800287c   0x0000000c   Code   RO         6412    .text               c_w.l(exit.o)
    0x08002888   0x00000008   Code   RO         6420    .text               c_w.l(libspace.o)
    0x08002890   0x0000000c   Code   RO         6481    .text               c_w.l(sys_exit.o)
    0x0800289c   0x00000002   Code   RO         6492    .text               c_w.l(use_no_semi.o)
    0x0800289e   0x00000000   Code   RO         6494    .text               c_w.l(indicate_semi.o)
    0x0800289e   0x00000006   Code   RO          985    i.ADC_ClearFlag     stm32f10x_adc.o
    0x080028a4   0x00000016   Code   RO          987    i.ADC_Cmd           stm32f10x_adc.o
    0x080028ba   0x00000002   PAD
    0x080028bc   0x0000005c   Code   RO          989    i.ADC_DeInit        stm32f10x_adc.o
    0x08002918   0x00000014   Code   RO          995    i.ADC_GetCalibrationStatus  stm32f10x_adc.o
    0x0800292c   0x00000008   Code   RO          996    i.ADC_GetConversionValue  stm32f10x_adc.o
    0x08002934   0x00000012   Code   RO          998    i.ADC_GetFlagStatus  stm32f10x_adc.o
    0x08002946   0x00000014   Code   RO         1001    i.ADC_GetResetCalibrationStatus  stm32f10x_adc.o
    0x0800295a   0x00000002   PAD
    0x0800295c   0x00000050   Code   RO         1005    i.ADC_Init          stm32f10x_adc.o
    0x080029ac   0x000000b8   Code   RO         1009    i.ADC_RegularChannelConfig  stm32f10x_adc.o
    0x08002a64   0x0000000a   Code   RO         1010    i.ADC_ResetCalibration  stm32f10x_adc.o
    0x08002a6e   0x00000016   Code   RO         1012    i.ADC_SoftwareStartConvCmd  stm32f10x_adc.o
    0x08002a84   0x0000000a   Code   RO         1014    i.ADC_StartCalibration  stm32f10x_adc.o
    0x08002a8e   0x00000002   PAD
    0x08002a90   0x000000f0   Code   RO          927    i.ADC_Switch        adc.o
    0x08002b80   0x0000001c   Code   RO            1    i.BSP_Init          app.o
    0x08002b9c   0x00000004   Code   RO          327    i.BusFault_Handler  stm32f10x_it.o
    0x08002ba0   0x00000088   Code   RO          824    i.CAN1_Init         can.o
    0x08002c28   0x00000038   Code   RO         1285    i.CAN_ClearFlag     stm32f10x_can.o
    0x08002c60   0x00000038   Code   RO         1288    i.CAN_DeInit        stm32f10x_can.o
    0x08002c98   0x00000108   Code   RO         1290    i.CAN_FilterInit    stm32f10x_can.o
    0x08002da0   0x00000078   Code   RO         1291    i.CAN_GetFlagStatus  stm32f10x_can.o
    0x08002e18   0x00000114   Code   RO         1297    i.CAN_Init          stm32f10x_can.o
    0x08002f2c   0x0000001e   Code   RO         1298    i.CAN_MessagePending  stm32f10x_can.o
    0x08002f4a   0x00000002   PAD
    0x08002f4c   0x0000007c   Code   RO          825    i.CAN_Recei_Data    can.o
    0x08002fc8   0x000000f0   Code   RO         1300    i.CAN_Receive       stm32f10x_can.o
    0x080030b8   0x00000020   Code   RO         1303    i.CAN_StructInit    stm32f10x_can.o
    0x080030d8   0x00000126   Code   RO         1305    i.CAN_Transmit      stm32f10x_can.o
    0x080031fe   0x00000002   PAD
    0x08003200   0x0000007c   Code   RO          826    i.CAN_TransmitData  can.o
    0x0800327c   0x000000a0   Code   RO         1306    i.CAN_TransmitStatus  stm32f10x_can.o
    0x0800331c   0x0000023c   Code   RO          704    i.Change_Sen        vars.o
    0x08003558   0x00000160   Code   RO          851    i.ColorLED_Refresh  tftled_ref.o
    0x080036b8   0x0000050c   Code   RO          852    i.DISP_NUM          tftled_ref.o
    0x08003bc4   0x00000002   Code   RO          328    i.DebugMon_Handler  stm32f10x_it.o
    0x08003bc6   0x0000000e   Code   RO          853    i.Delay_ns          tftled_ref.o
    0x08003bd4   0x00000540   Code   RO          854    i.Double_Ref        tftled_ref.o
    0x08004114   0x0000006c   Code   RO          855    i.Driver_ColorLED   tftled_ref.o
    0x08004180   0x00000010   Code   RO         5682    i.EnterCriticalSection  port.o
    0x08004190   0x00000010   Code   RO         5683    i.ExitCriticalSection  port.o
    0x080041a0   0x0000001c   Code   RO         1738    i.FLASH_PrefetchBufferCmd  stm32f10x_flash.o
    0x080041bc   0x00000018   Code   RO         1743    i.FLASH_SetLatency  stm32f10x_flash.o
    0x080041d4   0x0000002c   Code   RO          745    i.Find_Color        rs232.o
    0x08004200   0x00000084   Code   RO          416    i.FloorHeat_Scm     usart.o
    0x08004284   0x000001e4   Code   RO            2    i.GPIO_Configuration  app.o
    0x08004468   0x00000116   Code   RO         2024    i.GPIO_Init         stm32f10x_gpio.o
    0x0800457e   0x00000002   PAD
    0x08004580   0x00000090   Code   RO         2026    i.GPIO_PinRemapConfig  stm32f10x_gpio.o
    0x08004610   0x00000012   Code   RO         2028    i.GPIO_ReadInputDataBit  stm32f10x_gpio.o
    0x08004622   0x00000012   Code   RO         2030    i.GPIO_ReadOutputDataBit  stm32f10x_gpio.o
    0x08004634   0x00000004   Code   RO         2031    i.GPIO_ResetBits    stm32f10x_gpio.o
    0x08004638   0x00000004   Code   RO         2032    i.GPIO_SetBits      stm32f10x_gpio.o
    0x0800463c   0x00000010   Code   RO         2033    i.GPIO_StructInit   stm32f10x_gpio.o
    0x0800464c   0x0000005c   Code   RO          928    i.Get_Adc           adc.o
    0x080046a8   0x00000022   Code   RO            3    i.IWDG_Configuration  app.o
    0x080046ca   0x00000002   PAD
    0x080046cc   0x00000010   Code   RO         2339    i.IWDG_Enable       stm32f10x_iwdg.o
    0x080046dc   0x00000008   Code   RO            4    i.IWDG_Feed         app.o
    0x080046e4   0x00000010   Code   RO         2341    i.IWDG_ReloadCounter  stm32f10x_iwdg.o
    0x080046f4   0x0000000c   Code   RO         2342    i.IWDG_SetPrescaler  stm32f10x_iwdg.o
    0x08004700   0x0000000c   Code   RO         2343    i.IWDG_SetReload    stm32f10x_iwdg.o
    0x0800470c   0x0000000c   Code   RO         2344    i.IWDG_WriteAccessCmd  stm32f10x_iwdg.o
    0x08004718   0x0000022c   Code   RO          706    i.Init_Vars         vars.o
    0x08004944   0x00000030   Code   RO          563    i.LCD_Clear         lcd.o
    0x08004974   0x00000050   Code   RO          564    i.LCD_ClearBLK      lcd.o
    0x080049c4   0x00000020   Code   RO          567    i.LCD_DrawPoint     lcd.o
    0x080049e4   0x0000027c   Code   RO          568    i.LCD_Init          lcd.o
    0x08004c60   0x00000034   Code   RO          569    i.LCD_SetCursor     lcd.o
    0x08004c94   0x00000170   Code   RO          570    i.LCD_ShowChar      lcd.o
    0x08004e04   0x00000066   Code   RO          571    i.LCD_ShowString    lcd.o
    0x08004e6a   0x00000002   PAD
    0x08004e6c   0x00000040   Code   RO          572    i.LCD_WR_DATA       lcd.o
    0x08004eac   0x00000038   Code   RO          573    i.LCD_WR_DATA8      lcd.o
    0x08004ee4   0x00000038   Code   RO          574    i.LCD_WR_REG        lcd.o
    0x08004f1c   0x00000010   Code   RO          576    i.LCD_WriteRAM_Prepare  lcd.o
    0x08004f2c   0x00000074   Code   RO          856    i.LED_D12           tftled_ref.o
    0x08004fa0   0x00000024   Code   RO          746    i.LIN_EndOfFrame    rs232.o
    0x08004fc4   0x00000018   Code   RO          747    i.LIN_FrameError    rs232.o
    0x08004fdc   0x00000058   Code   RO          748    i.LIN_GetMsgLength  rs232.o
    0x08005034   0x000001fc   Code   RO          749    i.LIN_RxCompleted   rs232.o
    0x08005230   0x00000030   Code   RO          750    i.LIN_StaClr        rs232.o
    0x08005260   0x00000010   Code   RO          752    i.LinMemCopy        rs232.o
    0x08005270   0x0000000a   Code   RO         6296    i.Master_timer_timeout_ind  porttimer_m.o
    0x0800527a   0x00000004   Code   RO          329    i.MemManage_Handler  stm32f10x_it.o
    0x0800527e   0x00000002   Code   RO          330    i.NMI_Handler       stm32f10x_it.o
    0x08005280   0x00000010   Code   RO            5    i.NVIC_Configuration  app.o
    0x08005290   0x00000070   Code   RO          945    i.NVIC_Init         misc.o
    0x08005300   0x00000014   Code   RO          947    i.NVIC_SetVectorTable  misc.o
    0x08005314   0x00000064   Code   RO            6    i.PLL_Configuration  app.o
    0x08005378   0x00000018   Code   RO         2444    i.RCC_ADCCLKConfig  stm32f10x_rcc.o
    0x08005390   0x00000020   Code   RO         2446    i.RCC_APB1PeriphClockCmd  stm32f10x_rcc.o
    0x080053b0   0x00000020   Code   RO         2447    i.RCC_APB1PeriphResetCmd  stm32f10x_rcc.o
    0x080053d0   0x00000020   Code   RO         2448    i.RCC_APB2PeriphClockCmd  stm32f10x_rcc.o
    0x080053f0   0x00000020   Code   RO         2449    i.RCC_APB2PeriphResetCmd  stm32f10x_rcc.o
    0x08005410   0x00000036   Code   RO            7    i.RCC_Configuration  app.o
    0x08005446   0x00000002   PAD
    0x08005448   0x0000004c   Code   RO         2455    i.RCC_DeInit        stm32f10x_rcc.o
    0x08005494   0x000000d4   Code   RO         2456    i.RCC_GetClocksFreq  stm32f10x_rcc.o
    0x08005568   0x0000003c   Code   RO         2457    i.RCC_GetFlagStatus  stm32f10x_rcc.o
    0x080055a4   0x00000010   Code   RO         2459    i.RCC_GetSYSCLKSource  stm32f10x_rcc.o
    0x080055b4   0x00000018   Code   RO         2460    i.RCC_HCLKConfig    stm32f10x_rcc.o
    0x080055cc   0x0000004c   Code   RO         2461    i.RCC_HSEConfig     stm32f10x_rcc.o
    0x08005618   0x00000018   Code   RO         2467    i.RCC_PCLK1Config   stm32f10x_rcc.o
    0x08005630   0x00000018   Code   RO         2468    i.RCC_PCLK2Config   stm32f10x_rcc.o
    0x08005648   0x0000000c   Code   RO         2469    i.RCC_PLLCmd        stm32f10x_rcc.o
    0x08005654   0x0000001c   Code   RO         2470    i.RCC_PLLConfig     stm32f10x_rcc.o
    0x08005670   0x00000018   Code   RO         2473    i.RCC_SYSCLKConfig  stm32f10x_rcc.o
    0x08005688   0x00000038   Code   RO         2475    i.RCC_WaitForHSEStartUp  stm32f10x_rcc.o
    0x080056c0   0x00000110   Code   RO          417    i.Read_FloorHeat    usart.o
    0x080057d0   0x000003b8   Code   RO          753    i.SCI_RecData       rs232.o
    0x08005b88   0x00000100   Code   RO          754    i.SCI_SendByte      rs232.o
    0x08005c88   0x00000824   Code   RO          755    i.SCI_SendData      rs232.o
    0x080064ac   0x00000018   Code   RO         2931    i.SPI_Cmd           stm32f10x_spi.o
    0x080064c4   0x0000003c   Code   RO         2944    i.SPI_Init          stm32f10x_spi.o
    0x08006500   0x00000022   Code   RO          577    i.SPI_WriteByte     lcd.o
    0x08006522   0x00000002   Code   RO          331    i.SVC_Handler       stm32f10x_it.o
    0x08006524   0x000000e8   Code   RO          578    i.Show_ICO          lcd.o
    0x0800660c   0x0000005c   Code   RO          579    i.Show_Logo         lcd.o
    0x08006668   0x00000094   Code   RO          580    i.Show_Pig          lcd.o
    0x080066fc   0x00000044   Code   RO          857    i.Show_Ver          tftled_ref.o
    0x08006740   0x00000028   Code   RO          949    i.SysTick_CLKSourceConfig  misc.o
    0x08006768   0x0000006c   Code   RO            8    i.SysTick_Configuration  app.o
    0x080067d4   0x00000008   Code   RO          332    i.SysTick_Handler   stm32f10x_it.o
    0x080067dc   0x00000054   Code   RO            9    i.TFTSPI_Init       app.o
    0x08006830   0x00000058   Code   RO          858    i.TFT_Clear         tftled_ref.o
    0x08006888   0x0000025e   Code   RO          859    i.TFT_DISP_Num      tftled_ref.o
    0x08006ae6   0x00000002   PAD
    0x08006ae8   0x00000af0   Code   RO          860    i.TFT_Refresh       tftled_ref.o
    0x080075d8   0x00000160   Code   RO          861    i.TFT_TST_Num       tftled_ref.o
    0x08007738   0x000002fc   Code   RO          229    i.Timer2S_OUT       app_task.o
    0x08007a34   0x00000060   Code   RO          230    i.Timer50MS_OUT     app_task.o
    0x08007a94   0x00000014   Code   RO          231    i.Timer_LEDBout     app_task.o
    0x08007aa8   0x00000064   Code   RO          418    i.USART1_IRQHandler  usart.o
    0x08007b0c   0x0000007c   Code   RO          419    i.USART3_IRQHandler  usart.o
    0x08007b88   0x00000012   Code   RO         3618    i.USART_ClearFlag   stm32f10x_usart.o
    0x08007b9a   0x0000001e   Code   RO         3619    i.USART_ClearITPendingBit  stm32f10x_usart.o
    0x08007bb8   0x00000018   Code   RO         3622    i.USART_Cmd         stm32f10x_usart.o
    0x08007bd0   0x0000003c   Code   RO          420    i.USART_Config      usart.o
    0x08007c0c   0x0000001a   Code   RO         3625    i.USART_GetFlagStatus  stm32f10x_usart.o
    0x08007c26   0x00000054   Code   RO         3626    i.USART_GetITStatus  stm32f10x_usart.o
    0x08007c7a   0x0000004a   Code   RO         3628    i.USART_ITConfig    stm32f10x_usart.o
    0x08007cc4   0x000000d8   Code   RO         3629    i.USART_Init        stm32f10x_usart.o
    0x08007d9c   0x00000008   Code   RO         3639    i.USART_SendData    stm32f10x_usart.o
    0x08007da4   0x00000022   Code   RO          421    i.Uart_NVIC_Configuration  usart.o
    0x08007dc6   0x00000004   Code   RO          333    i.UsageFault_Handler  stm32f10x_it.o
    0x08007dca   0x00000002   PAD
    0x08007dcc   0x0000004c   Code   RO         4302    i.__rt_ffs          kservice.o
    0x08007e18   0x0000003a   Code   RO         5376    i._pin_control      pin.o
    0x08007e52   0x00000044   Code   RO         5377    i._pin_read         pin.o
    0x08007e96   0x00000044   Code   RO         5378    i._pin_write        pin.o
    0x08007eda   0x0000003c   Code   RO         4635    i._rt_scheduler_stack_check  scheduler.o
    0x08007f16   0x00000002   PAD
    0x08007f18   0x00000098   Code   RO         4719    i._rt_thread_init   thread.o
    0x08007fb0   0x00000042   Code   RO         4833    i._rt_timer_init    timer.o
    0x08007ff2   0x0000002e   Code   RO         4834    i._rt_timer_remove  timer.o
    0x08008020   0x00000078   Code   RO         5298    i._serial_dma_rx    serial.o
    0x08008098   0x0000005c   Code   RO         5299    i._serial_dma_tx    serial.o
    0x080080f4   0x00000088   Code   RO         5300    i._serial_int_rx    serial.o
    0x0800817c   0x00000060   Code   RO         5301    i._serial_int_tx    serial.o
    0x080081dc   0x00000044   Code   RO         5302    i._serial_poll_rx   serial.o
    0x08008220   0x0000004e   Code   RO         5303    i._serial_poll_tx   serial.o
    0x0800826e   0x00000024   Code   RO          422    i.checksum          usart.o
    0x08008292   0x00000002   PAD
    0x08008294   0x000000c4   Code   RO         3911    i.cpu_usage_idle_hook  cpuusage.o
    0x08008358   0x00000010   Code   RO         3912    i.cpu_usage_init    cpuusage.o
    0x08008368   0x00000020   Code   RO          424    i.debug_uart_sendbyte  usart.o
    0x08008388   0x0000001c   Code   RO          581    i.delay_ms          lcd.o
    0x080083a4   0x00000028   Code   RO         5562    i.eMBFuncReportSlaveID  mbfuncother.o
    0x080083cc   0x00000028   Code   RO         5860    i.eMBMasterEnable   mb_m.o
    0x080083f4   0x00000098   Code   RO         6084    i.eMBMasterFuncReadCoils  mbfunccoils_m.o
    0x0800848c   0x00000096   Code   RO         6144    i.eMBMasterFuncReadDiscreteInputs  mbfuncdisc_m.o
    0x08008522   0x00000074   Code   RO         6030    i.eMBMasterFuncReadHoldingRegister  mbfuncholding_m.o
    0x08008596   0x00000072   Code   RO         6126    i.eMBMasterFuncReadInputRegister  mbfuncinput_m.o
    0x08008608   0x000000a4   Code   RO         6031    i.eMBMasterFuncReadWriteMultipleHoldingRegister  mbfuncholding_m.o
    0x080086ac   0x00000070   Code   RO         6085    i.eMBMasterFuncWriteCoil  mbfunccoils_m.o
    0x0800871c   0x00000042   Code   RO         6032    i.eMBMasterFuncWriteHoldingRegister  mbfuncholding_m.o
    0x0800875e   0x00000096   Code   RO         6086    i.eMBMasterFuncWriteMultipleCoils  mbfunccoils_m.o
    0x080087f4   0x00000072   Code   RO         6033    i.eMBMasterFuncWriteMultipleHoldingRegister  mbfuncholding_m.o
    0x08008866   0x00000002   PAD
    0x08008868   0x0000000c   Code   RO         5861    i.eMBMasterGetErrorType  mb_m.o
    0x08008874   0x000000bc   Code   RO         5862    i.eMBMasterInit     mb_m.o
    0x08008930   0x000001f0   Code   RO         5863    i.eMBMasterPoll     mb_m.o
    0x08008b20   0x00000058   Code   RO         5937    i.eMBMasterRTUInit  mbrtu_m.o
    0x08008b78   0x00000050   Code   RO         5938    i.eMBMasterRTUReceive  mbrtu_m.o
    0x08008bc8   0x00000098   Code   RO         5939    i.eMBMasterRTUSend  mbrtu_m.o
    0x08008c60   0x00000024   Code   RO         5940    i.eMBMasterRTUStart  mbrtu_m.o
    0x08008c84   0x00000018   Code   RO         5941    i.eMBMasterRTUStop  mbrtu_m.o
    0x08008c9c   0x00000144   Code   RO         6345    i.eMBMasterRegCoilsCB  user_mb_app_m.o
    0x08008de0   0x000000d4   Code   RO         6346    i.eMBMasterRegDiscreteCB  user_mb_app_m.o
    0x08008eb4   0x000000b4   Code   RO         6347    i.eMBMasterRegHoldingCB  user_mb_app_m.o
    0x08008f68   0x0000007c   Code   RO         6348    i.eMBMasterRegInputCB  user_mb_app_m.o
    0x08008fe4   0x00000066   Code   RO         6034    i.eMBMasterReqReadHoldingRegister  mbfuncholding_m.o
    0x0800904a   0x00000002   PAD
    0x0800904c   0x00000048   Code   RO         6162    i.eMBMasterWaitRequestFinish  portevent_m.o
    0x08009094   0x00000018   Code   RO          525    i.get_pin           gpio.o
    0x080090ac   0x00000018   Code   RO           11    i.main              app.o
    0x080090c4   0x000000bc   Code   RO         4454    i.plug_holes        mem.o
    0x08009180   0x00000022   Code   RO         5583    i.prveMBError2Exception  mbutils.o
    0x080091a2   0x00000002   PAD
    0x080091a4   0x00000010   Code   RO         6297    i.prvvTIMERExpiredISR  porttimer_m.o
    0x080091b4   0x00000010   Code   RO         6236    i.prvvUARTRxISR     portserial_m.o
    0x080091c4   0x00000010   Code   RO         6237    i.prvvUARTTxReadyISR  portserial_m.o
    0x080091d4   0x00000200   Code   RO          232    i.rt_application_init  app_task.o
    0x080093d4   0x00000052   Code   RO         4947    i.rt_completion_done  completion.o
    0x08009426   0x00000030   Code   RO         4948    i.rt_completion_init  completion.o
    0x08009456   0x000000d4   Code   RO         4949    i.rt_completion_wait  completion.o
    0x0800952a   0x00000050   Code   RO         4979    i.rt_data_queue_init  dataqueue.o
    0x0800957a   0x00000062   Code   RO         4980    i.rt_data_queue_peak  dataqueue.o
    0x080095dc   0x00000166   Code   RO         4981    i.rt_data_queue_pop  dataqueue.o
    0x08009742   0x0000011a   Code   RO         4982    i.rt_data_queue_push  dataqueue.o
    0x0800985c   0x00000050   Code   RO         3937    i.rt_device_find    device.o
    0x080098ac   0x00000044   Code   RO         3939    i.rt_device_init_all  device.o
    0x080098f0   0x00000094   Code   RO         3940    i.rt_device_open    device.o
    0x08009984   0x00000050   Code   RO         5379    i.rt_device_pin_register  pin.o
    0x080099d4   0x00000034   Code   RO         3942    i.rt_device_register  device.o
    0x08009a08   0x0000004e   Code   RO         3946    i.rt_device_write   device.o
    0x08009a56   0x00000002   PAD
    0x08009a58   0x00000020   Code   RO         4637    i.rt_enter_critical  scheduler.o
    0x08009a78   0x00000032   Code   RO         4059    i.rt_event_init     ipc.o
    0x08009aaa   0x00000002   PAD
    0x08009aac   0x0000016c   Code   RO         4060    i.rt_event_recv     ipc.o
    0x08009c18   0x000000dc   Code   RO         4061    i.rt_event_send     ipc.o
    0x08009cf4   0x0000003c   Code   RO         4638    i.rt_exit_critical  scheduler.o
    0x08009d30   0x00000118   Code   RO         4456    i.rt_free           mem.o
    0x08009e48   0x00000010   Code   RO           12    i.rt_hw_board_init  app.o
    0x08009e58   0x00000024   Code   RO          380    i.rt_hw_hard_fault_exception  cpuport.o
    0x08009e7c   0x0000014a   Code   RO         5304    i.rt_hw_serial_isr  serial.o
    0x08009fc6   0x00000002   PAD
    0x08009fc8   0x0000006c   Code   RO         5305    i.rt_hw_serial_register  serial.o
    0x0800a034   0x0000004c   Code   RO          381    i.rt_hw_stack_init  cpuport.o
    0x0800a080   0x00000010   Code   RO           13    i.rt_hw_timer_handler  app.o
    0x0800a090   0x00000024   Code   RO         4275    i.rt_interrupt_enter  irq.o
    0x0800a0b4   0x0000000c   Code   RO         4276    i.rt_interrupt_get_nest  irq.o
    0x0800a0c0   0x00000024   Code   RO         4277    i.rt_interrupt_leave  irq.o
    0x0800a0e4   0x00000018   Code   RO         4062    i.rt_ipc_list_resume  ipc.o
    0x0800a0fc   0x0000006c   Code   RO         4064    i.rt_ipc_list_suspend  ipc.o
    0x0800a168   0x00000010   Code   RO         4065    i.rt_ipc_object_init  ipc.o
    0x0800a178   0x00000006   Code   RO         4639    i.rt_list_init      scheduler.o
    0x0800a17e   0x00000006   Code   RO         4835    i.rt_list_init      timer.o
    0x0800a184   0x00000006   Code   RO         4984    i.rt_list_init      dataqueue.o
    0x0800a18a   0x0000000e   Code   RO         4534    i.rt_list_insert_after  object.o
    0x0800a198   0x0000000e   Code   RO         4720    i.rt_list_insert_after  thread.o
    0x0800a1a6   0x0000000e   Code   RO         4836    i.rt_list_insert_after  timer.o
    0x0800a1b4   0x0000000e   Code   RO         4066    i.rt_list_insert_before  ipc.o
    0x0800a1c2   0x0000000e   Code   RO         4985    i.rt_list_insert_before  dataqueue.o
    0x0800a1d0   0x00000010   Code   RO         4014    i.rt_list_isempty   idle.o
    0x0800a1e0   0x00000010   Code   RO         4067    i.rt_list_isempty   ipc.o
    0x0800a1f0   0x00000010   Code   RO         4837    i.rt_list_isempty   timer.o
    0x0800a200   0x00000010   Code   RO         4950    i.rt_list_isempty   completion.o
    0x0800a210   0x00000010   Code   RO         4986    i.rt_list_isempty   dataqueue.o
    0x0800a220   0x00000012   Code   RO         4535    i.rt_list_remove    object.o
    0x0800a232   0x00000012   Code   RO         4721    i.rt_list_remove    thread.o
    0x0800a244   0x00000230   Code   RO         4458    i.rt_malloc         mem.o
    0x0800a474   0x00000048   Code   RO         4311    i.rt_memset         kservice.o
    0x0800a4bc   0x00000088   Code   RO         4536    i.rt_object_allocate  object.o
    0x0800a544   0x00000060   Code   RO         4538    i.rt_object_delete  object.o
    0x0800a5a4   0x00000044   Code   RO         4539    i.rt_object_detach  object.o
    0x0800a5e8   0x00000054   Code   RO         4543    i.rt_object_init    object.o
    0x0800a63c   0x00000026   Code   RO         4544    i.rt_object_is_systemobject  object.o
    0x0800a662   0x00000002   PAD
    0x0800a664   0x0000001c   Code   RO         5380    i.rt_pin_mode       pin.o
    0x0800a680   0x0000001c   Code   RO         5382    i.rt_pin_write      pin.o
    0x0800a69c   0x000000a4   Code   RO         4640    i.rt_schedule       scheduler.o
    0x0800a740   0x00000060   Code   RO         4641    i.rt_schedule_insert_thread  scheduler.o
    0x0800a7a0   0x0000006c   Code   RO         4642    i.rt_schedule_remove_thread  scheduler.o
    0x0800a80c   0x00000034   Code   RO         4087    i.rt_sem_init       ipc.o
    0x0800a840   0x00000054   Code   RO         4088    i.rt_sem_release    ipc.o
    0x0800a894   0x00000114   Code   RO         4089    i.rt_sem_take       ipc.o
    0x0800a9a8   0x00000104   Code   RO         5306    i.rt_serial_close   serial.o
    0x0800aaac   0x0000005e   Code   RO         5307    i.rt_serial_control  serial.o
    0x0800ab0a   0x00000038   Code   RO         5308    i.rt_serial_init    serial.o
    0x0800ab42   0x00000184   Code   RO         5309    i.rt_serial_open    serial.o
    0x0800acc6   0x0000005c   Code   RO         5310    i.rt_serial_read    serial.o
    0x0800ad22   0x0000005c   Code   RO         5311    i.rt_serial_write   serial.o
    0x0800ad7e   0x00000002   PAD
    0x0800ad80   0x00000028   Code   RO         4312    i.rt_set_errno      kservice.o
    0x0800ada8   0x00000028   Code   RO         4320    i.rt_strncmp        kservice.o
    0x0800add0   0x00000034   Code   RO         4321    i.rt_strncpy        kservice.o
    0x0800ae04   0x000000d8   Code   RO         4462    i.rt_system_heap_init  mem.o
    0x0800aedc   0x00000002   Code   RO         4548    i.rt_system_object_init  object.o
    0x0800aede   0x00000002   PAD
    0x0800aee0   0x00000050   Code   RO         4644    i.rt_system_scheduler_init  scheduler.o
    0x0800af30   0x00000030   Code   RO         4645    i.rt_system_scheduler_start  scheduler.o
    0x0800af60   0x00000002   Code   RO         3872    i.rt_system_tick_init  clock.o
    0x0800af62   0x00000002   PAD
    0x0800af64   0x0000001c   Code   RO         4838    i.rt_system_timer_init  timer.o
    0x0800af80   0x00000002   Code   RO         4839    i.rt_system_timer_thread_init  timer.o
    0x0800af82   0x0000000c   Code   RO         4724    i.rt_thread_delay   thread.o
    0x0800af8e   0x00000002   PAD
    0x0800af90   0x00000058   Code   RO         4727    i.rt_thread_exit    thread.o
    0x0800afe8   0x00000018   Code   RO         4015    i.rt_thread_idle_entry  idle.o
    0x0800b000   0x000000a4   Code   RO         4016    i.rt_thread_idle_excute  idle.o
    0x0800b0a4   0x0000003c   Code   RO         4017    i.rt_thread_idle_init  idle.o
    0x0800b0e0   0x0000000c   Code   RO         4018    i.rt_thread_idle_sethook  idle.o
    0x0800b0ec   0x00000056   Code   RO         4729    i.rt_thread_init    thread.o
    0x0800b142   0x00000052   Code   RO         4730    i.rt_thread_resume  thread.o
    0x0800b194   0x0000000c   Code   RO         4731    i.rt_thread_self    thread.o
    0x0800b1a0   0x00000058   Code   RO         4732    i.rt_thread_sleep   thread.o
    0x0800b1f8   0x0000005c   Code   RO         4733    i.rt_thread_startup  thread.o
    0x0800b254   0x00000050   Code   RO         4734    i.rt_thread_suspend  thread.o
    0x0800b2a4   0x0000004a   Code   RO         4735    i.rt_thread_timeout  thread.o
    0x0800b2ee   0x00000002   PAD
    0x0800b2f0   0x00000060   Code   RO         4736    i.rt_thread_yield   thread.o
    0x0800b350   0x0000000c   Code   RO         3874    i.rt_tick_get       clock.o
    0x0800b35c   0x00000030   Code   RO         3875    i.rt_tick_increase  clock.o
    0x0800b38c   0x0000009c   Code   RO         4840    i.rt_timer_check    timer.o
    0x0800b428   0x0000004c   Code   RO         4841    i.rt_timer_control  timer.o
    0x0800b474   0x00000036   Code   RO         4842    i.rt_timer_create   timer.o
    0x0800b4aa   0x00000032   Code   RO         4844    i.rt_timer_detach   timer.o
    0x0800b4dc   0x00000040   Code   RO         4845    i.rt_timer_init     timer.o
    0x0800b51c   0x00000148   Code   RO         4848    i.rt_timer_start    timer.o
    0x0800b664   0x00000058   Code   RO         4849    i.rt_timer_stop     timer.o
    0x0800b6bc   0x00000040   Code   RO          233    i.rtthread_startup  app_task.o
    0x0800b6fc   0x0000000e   Code   RO         6238    i.serial_rx_ind     portserial_m.o
    0x0800b70a   0x00000002   PAD
    0x0800b70c   0x00000020   Code   RO         6239    i.serial_soft_trans_irq  portserial_m.o
    0x0800b72c   0x000000cc   Code   RO          425    i.stm32_configure   usart.o
    0x0800b7f8   0x0000007c   Code   RO          426    i.stm32_control     usart.o
    0x0800b874   0x0000002e   Code   RO          427    i.stm32_getc        usart.o
    0x0800b8a2   0x00000002   PAD
    0x0800b8a4   0x00000018   Code   RO          526    i.stm32_hw_pin_init  gpio.o
    0x0800b8bc   0x000000a4   Code   RO          428    i.stm32_hw_usart_init  usart.o
    0x0800b960   0x0000005e   Code   RO          527    i.stm32_pin_mode    gpio.o
    0x0800b9be   0x00000030   Code   RO          528    i.stm32_pin_read    gpio.o
    0x0800b9ee   0x00000034   Code   RO          529    i.stm32_pin_write   gpio.o
    0x0800ba22   0x00000030   Code   RO          429    i.stm32_putc        usart.o
    0x0800ba52   0x00000002   PAD
    0x0800ba54   0x00000224   Code   RO          234    i.thread_entry_ADC  app_task.o
    0x0800bc78   0x000003f0   Code   RO          235    i.thread_entry_CANCOMM  app_task.o
    0x0800c068   0x0000002c   Code   RO          236    i.thread_entry_ModbusMasterPoll  app_task.o
    0x0800c094   0x00000628   Code   RO          237    i.thread_entry_RS232COMM  app_task.o
    0x0800c6bc   0x000004f4   Code   RO          238    i.thread_entry_SysMonitor  app_task.o
    0x0800cbb0   0x0000015c   Code   RO          239    i.thread_entry_TFTdisplay  app_task.o
    0x0800cd0c   0x0000000c   Code   RO         5864    i.ucMBMasterGetDestAddress  mb_m.o
    0x0800cd18   0x00000038   Code   RO         5607    i.usMBCRC16         mbcrc.o
    0x0800cd50   0x0000000c   Code   RO         5942    i.usMBMasterGetPDUSndLength  mbrtu_m.o
    0x0800cd5c   0x00000010   Code   RO         6163    i.vMBMasterCBRequestScuuess  portevent_m.o
    0x0800cd6c   0x00000018   Code   RO         6164    i.vMBMasterErrorCBExecuteFunction  portevent_m.o
    0x0800cd84   0x00000018   Code   RO         6165    i.vMBMasterErrorCBReceiveData  portevent_m.o
    0x0800cd9c   0x00000018   Code   RO         6166    i.vMBMasterErrorCBRespondTimeout  portevent_m.o
    0x0800cdb4   0x0000000c   Code   RO         5943    i.vMBMasterGetPDUSndBuf  mbrtu_m.o
    0x0800cdc0   0x00000020   Code   RO         6167    i.vMBMasterOsResInit  portevent_m.o
    0x0800cde0   0x00000068   Code   RO         6241    i.vMBMasterPortSerialEnable  portserial_m.o
    0x0800ce48   0x00000024   Code   RO         6298    i.vMBMasterPortTimersConvertDelayEnable  porttimer_m.o
    0x0800ce6c   0x00000010   Code   RO         6299    i.vMBMasterPortTimersDisable  porttimer_m.o
    0x0800ce7c   0x00000024   Code   RO         6300    i.vMBMasterPortTimersRespondTimeoutEnable  porttimer_m.o
    0x0800cea0   0x00000034   Code   RO         6301    i.vMBMasterPortTimersT35Enable  porttimer_m.o
    0x0800ced4   0x00000010   Code   RO         6168    i.vMBMasterRunResRelease  portevent_m.o
    0x0800cee4   0x0000000c   Code   RO         5865    i.vMBMasterSetCBRunInMasterMode  mb_m.o
    0x0800cef0   0x0000000c   Code   RO         5945    i.vMBMasterSetCurTimerMode  mbrtu_m.o
    0x0800cefc   0x0000000c   Code   RO         5866    i.vMBMasterSetDestAddress  mb_m.o
    0x0800cf08   0x0000000c   Code   RO         5867    i.vMBMasterSetErrorType  mb_m.o
    0x0800cf14   0x0000000c   Code   RO         5946    i.vMBMasterSetPDUSndLength  mbrtu_m.o
    0x0800cf20   0x00000060   Code   RO         6169    i.xMBMasterPortEventGet  portevent_m.o
    0x0800cf80   0x00000024   Code   RO         6170    i.xMBMasterPortEventInit  portevent_m.o
    0x0800cfa4   0x00000014   Code   RO         6171    i.xMBMasterPortEventPost  portevent_m.o
    0x0800cfb8   0x00000020   Code   RO         6242    i.xMBMasterPortSerialGetByte  portserial_m.o
    0x0800cfd8   0x00000170   Code   RO         6243    i.xMBMasterPortSerialInit  portserial_m.o
    0x0800d148   0x0000001c   Code   RO         6244    i.xMBMasterPortSerialPutByte  portserial_m.o
    0x0800d164   0x00000048   Code   RO         6302    i.xMBMasterPortTimersInit  porttimer_m.o
    0x0800d1ac   0x00000094   Code   RO         5947    i.xMBMasterRTUReceiveFSM  mbrtu_m.o
    0x0800d240   0x00000094   Code   RO         5948    i.xMBMasterRTUTimerExpired  mbrtu_m.o
    0x0800d2d4   0x0000008c   Code   RO         5949    i.xMBMasterRTUTransmitFSM  mbrtu_m.o
    0x0800d360   0x0000000c   Code   RO         5950    i.xMBMasterRequestIsBroadcast  mbrtu_m.o
    0x0800d36c   0x0000001c   Code   RO         6172    i.xMBMasterRunResTake  portevent_m.o
    0x0800d388   0x0000002a   Code   RO         5584    i.xMBUtilGetBits    mbutils.o
    0x0800d3b2   0x00000060   Code   RO         5585    i.xMBUtilSetBits    mbutils.o
    0x0800d412   0x00000002   PAD
    0x0800d414   0x0000001c   Data   RO          431    .constdata          usart.o
    0x0800d430   0x0000002c   Data   RO          530    .constdata          gpio.o
    0x0800d45c   0x00008bd4   Data   RO          584    .constdata          lcd.o
    0x08016030   0x00000010   Data   RO          708    .constdata          vars.o
    0x08016040   0x000000cc   Data   RO          756    .constdata          rs232.o
    0x0801610c   0x00000122   Data   RO         4326    .constdata          kservice.o
    0x0801622e   0x00000200   Data   RO         5608    .constdata          mbcrc.o
    0x0801642e   0x00000002   PAD
    0x08016430   0x00000020   Data   RO         6546    Region$$Table       anon$$obj.o


    Execution Region RW_IRAM1 (Base: 0x20000000, Size: 0x000036e8, Max: 0x00005000, ABSOLUTE, COMPRESSED[0x00000114])

    Base Addr    Size         Type   Attr      Idx    E Section Name        Object

    0x20000000   0x0000000c   Data   RW          241    .data               app_task.o
    0x2000000c   0x00000010   Data   RW          382    .data               cpuport.o
    0x2000001c   0x00000010   Data   RW          432    .data               usart.o
    0x2000002c   0x00000004   Data   RW          585    .data               lcd.o
    0x20000030   0x00000210   Data   RW          709    .data               vars.o
    0x20000240   0x00000014   Data   RW          757    .data               rs232.o
    0x20000254   0x00000014   Data   RW         2476    .data               stm32f10x_rcc.o
    0x20000268   0x00000004   Data   RW         3877    .data               clock.o
    0x2000026c   0x00000008   Data   RW         3913    .data               cpuusage.o
    0x20000274   0x00000004   Data   RW         4020    .data               idle.o
    0x20000278   0x00000001   Data   RW         4278    .data               irq.o
    0x20000279   0x00000003   PAD
    0x2000027c   0x00000004   Data   RW         4327    .data               kservice.o
    0x20000280   0x00000020   Data   RW         4464    .data               mem.o
    0x200002a0   0x00000084   Data   RW         4549    .data               object.o
    0x20000324   0x0000001c   Data   RW         4647    .data               scheduler.o
    0x20000340   0x00000010   Data   RW         4851    .data               timer.o
    0x20000350   0x00000002   Data   RW         5565    .data               mbfuncother.o
    0x20000352   0x00000002   PAD
    0x20000354   0x00000004   Data   RW         5684    .data               port.o
    0x20000358   0x000000f5   Data   RW         5869    .data               mb_m.o
    0x2000044d   0x00000003   PAD
    0x20000450   0x0000000e   Data   RW         5952    .data               mbrtu_m.o
    0x2000045e   0x00000002   PAD
    0x20000460   0x00000004   Data   RW         6246    .data               portserial_m.o
    0x20000464   0x00000002   Data   RW         6304    .data               porttimer_m.o
    0x20000466   0x00000008   Data   RW         6350    .data               user_mb_app_m.o
    0x2000046e   0x00000002   PAD
    0x20000470   0x00000f40   Zero   RW          240    .bss                app_task.o
    0x200013b0   0x000000c8   Zero   RW          430    .bss                usart.o
    0x20001478   0x0000000a   Zero   RW          583    .bss                lcd.o
    0x20001482   0x0000010c   Zero   RW          707    .bss                vars.o
    0x2000158e   0x00000002   PAD
    0x20001590   0x000001a0   Zero   RW         4019    .bss                idle.o
    0x20001730   0x00000030   Zero   RW         4463    .bss                mem.o
    0x20001760   0x00000100   Zero   RW         4646    .bss                scheduler.o
    0x20001860   0x00000054   Zero   RW         5383    .bss                pin.o
    0x200018b4   0x00000020   Zero   RW         5564    .bss                mbfuncother.o
    0x200018d4   0x000001fd   Zero   RW         5951    .bss                mbrtu_m.o
    0x20001ad1   0x00000003   PAD
    0x20001ad4   0x00000060   Zero   RW         6173    .bss                portevent_m.o
    0x20001b34   0x00000004   PAD
    0x20001b38   0x000002d0   Zero   RW         6245    .bss                portserial_m.o
    0x20001e08   0x0000003c   Zero   RW         6303    .bss                porttimer_m.o
    0x20001e44   0x00001240   Zero   RW         6349    .bss                user_mb_app_m.o
    0x20003084   0x00000060   Zero   RW         6421    .bss                c_w.l(libspace.o)
    0x200030e4   0x00000004   PAD
    0x200030e8   0x00000200   Zero   RW         3856    HEAP                startup_stm32f10x_md.o
    0x200032e8   0x00000400   Zero   RW         3855    STACK               startup_stm32f10x_md.o


==============================================================================

Image component sizes


      Code (inc. data)   RO Data    RW Data    ZI Data      Debug   Object Name

       332         18          0          0          0       1271   adc.o
       972         30          0          0          0     300776   app.o
      6248        600          0         12       3904      10938   app_task.o
       384         18          0          0          0       2696   can.o
        62         12          0          4          0       1647   clock.o
       358          0          0          0          0       4271   completion.o
       240         26          0          0          0        824   context_rvds.o
       112         10          0         16          0       3106   cpuport.o
       212         20          0          8          0       1797   cpuusage.o
       854          0          0          0          0       8427   dataqueue.o
       426          8          0          0          0       4148   device.o
       242         14         44          0          0       3674   gpio.o
       276         36          0          4        416       4215   idle.o
      1224         28          0          0          0       9337   ipc.o
        84         18          0          1          0       2074   irq.o
       280         10        290          4          0       6038   kservice.o
      2044        124      35796          4         10      12900   lcd.o
       784        142          0        245          0       7574   mb_m.o
        56          8        512          0          0       1236   mbcrc.o
       414          0          0          0          0       4184   mbfunccoils_m.o
       150          0          0          0          0       1702   mbfuncdisc_m.o
       562          0          0          0          0       6425   mbfuncholding_m.o
       114          0          0          0          0       1689   mbfuncinput_m.o
        40         10          0          2         32       1403   mbfuncother.o
       876        126          0         14        509       9181   mbrtu_m.o
       172          0          0          0          0       2578   mbutils.o
      1244         96          0         32         48       4656   mem.o
       172         20          0          0          0       2264   misc.o
       456         26          0        132          0       6572   object.o
       330         34          0          0         84       4926   pin.o
        32          8          0          4          0       1165   port.o
       388         80          0          0         96       7016   portevent_m.o
       610         98          0          4        720       5538   portserial_m.o
       238         60          0          2         60       3964   porttimer_m.o
      4056        450        204         20          0       8882   rs232.o
       654         96          0         28        256       7234   scheduler.o
      2010         26          0          0          0      12999   serial.o
        56         22        236          0       1536        912   startup_stm32f10x_md.o
       492         24          0          0          0       9598   stm32f10x_adc.o
      1528         38          0          0          0       7965   stm32f10x_can.o
        52         12          0          0          0       1169   stm32f10x_flash.o
       482          6          0          0          0       5945   stm32f10x_gpio.o
        26          0          0          0          0       3069   stm32f10x_it.o
        68         30          0          0          0       2690   stm32f10x_iwdg.o
       784        110          0         20          0      12915   stm32f10x_rcc.o
        84          0          0          0          0       2269   stm32f10x_spi.o
       480          6          0          0          0       7153   stm32f10x_usart.o
      7140        288          0          0          0       8416   tftled_ref.o
       894         38          0          0          0       9123   thread.o
       994         30          0         16          0      10347   timer.o
      1376        112         28         16        200      29664   usart.o
       840         36          0          8       4672       4771   user_mb_app_m.o
      1128        284         16        528        268      13016   vars.o

    ----------------------------------------------------------------------
     44190       3288      37160       1136      12820     608349   Object Totals
         0          0         32          0          0          0   (incl. Generated)
        58          0          2         12          9          0   (incl. Padding)

    ----------------------------------------------------------------------

      Code (inc. data)   RO Data    RW Data    ZI Data      Debug   Library Member Name

        90          0          0          0          0          0   __dczerorl2.o
         8          0          0          0          0         68   __main.o
         0          0          0          0          0          0   __rtentry.o
        12          0          0          0          0          0   __rtentry2.o
         6          0          0          0          0          0   __rtentry4.o
        52          8          0          0          0          0   __scatter.o
        28          0          0          0          0          0   __scatter_zi.o
        12          0          0          0          0         72   exit.o
         6          0          0          0          0        152   heapauxi.o
         0          0          0          0          0          0   indicate_semi.o
         2          0          0          0          0          0   libinit.o
         2          0          0          0          0          0   libinit2.o
         2          0          0          0          0          0   libshutdown.o
         2          0          0          0          0          0   libshutdown2.o
         8          4          0          0         96         68   libspace.o
        78          0          0          0          0         80   rt_memclr_w.o
       138          0          0          0          0         68   rt_memcpy_v6.o
       100          0          0          0          0         80   rt_memcpy_w.o
         2          0          0          0          0          0   rtexit.o
        10          0          0          0          0          0   rtexit2.o
        12          4          0          0          0         68   sys_exit.o
        74          0          0          0          0         80   sys_stackheap_outer.o
         2          0          0          0          0         68   use_no_semi.o

    ----------------------------------------------------------------------
       650         16          0          0        100        804   Library Totals
         4          0          0          0          4          0   (incl. Padding)

    ----------------------------------------------------------------------

      Code (inc. data)   RO Data    RW Data    ZI Data      Debug   Library Name

       646         16          0          0         96        804   c_w.l

    ----------------------------------------------------------------------
       650         16          0          0        100        804   Library Totals

    ----------------------------------------------------------------------

==============================================================================


      Code (inc. data)   RO Data    RW Data    ZI Data      Debug   

     44840       3304      37160       1136      12920     591365   Grand Totals
     44840       3304      37160        276      12920     591365   ELF Image Totals (compressed)
     44840       3304      37160        276          0          0   ROM Totals

==============================================================================

    Total RO  Size (Code + RO Data)                82000 (  80.08kB)
    Total RW  Size (RW Data + ZI Data)             14056 (  13.73kB)
    Total ROM Size (Code + RO Data + RW Data)      82276 (  80.35kB)

==============================================================================

