Component: ARM Compiler 5.05 update 1 (build 106) Tool: armlink [4d0efa]

==============================================================================

Section Cross References

    app.o(i.BSP_Init) refers to app.o(i.RCC_Configuration) for RCC_Configuration
    app.o(i.BSP_Init) refers to app.o(i.NVIC_Configuration) for NVIC_Configuration
    app.o(i.BSP_Init) refers to app.o(i.SysTick_Configuration) for SysTick_Configuration
    app.o(i.BSP_Init) refers to app.o(i.GPIO_Configuration) for GPIO_Configuration
    app.o(i.BSP_Init) refers to app.o(i.TFTSPI_Init) for TFTSPI_Init
    app.o(i.BSP_Init) refers to app.o(i.IWDG_Configuration) for IWDG_Configuration
    app.o(i.GPIO_Configuration) refers to stm32f10x_gpio.o(i.GPIO_StructInit) for GPIO_StructInit
    app.o(i.GPIO_Configuration) refers to stm32f10x_gpio.o(i.GPIO_Init) for GPIO_Init
    app.o(i.GPIO_Configuration) refers to stm32f10x_gpio.o(i.GPIO_PinRemapConfig) for GPIO_PinRemapConfig
    app.o(i.GPIO_Configuration) refers to stm32f10x_gpio.o(i.GPIO_SetBits) for GPIO_SetBits
    app.o(i.GPIO_Configuration) refers to tftled_ref.o(i.ColorLED_Refresh) for ColorLED_Refresh
    app.o(i.GPIO_Configuration) refers to tftled_ref.o(i.Driver_ColorLED) for Driver_ColorLED
    app.o(i.GPIO_Configuration) refers to stm32f10x_gpio.o(i.GPIO_ResetBits) for GPIO_ResetBits
    app.o(i.IWDG_Configuration) refers to stm32f10x_iwdg.o(i.IWDG_WriteAccessCmd) for IWDG_WriteAccessCmd
    app.o(i.IWDG_Configuration) refers to stm32f10x_iwdg.o(i.IWDG_SetPrescaler) for IWDG_SetPrescaler
    app.o(i.IWDG_Configuration) refers to stm32f10x_iwdg.o(i.IWDG_SetReload) for IWDG_SetReload
    app.o(i.IWDG_Configuration) refers to stm32f10x_iwdg.o(i.IWDG_ReloadCounter) for IWDG_ReloadCounter
    app.o(i.IWDG_Configuration) refers to stm32f10x_iwdg.o(i.IWDG_Enable) for IWDG_Enable
    app.o(i.IWDG_Feed) refers to stm32f10x_iwdg.o(i.IWDG_ReloadCounter) for IWDG_ReloadCounter
    app.o(i.NVIC_Configuration) refers to misc.o(i.NVIC_SetVectorTable) for NVIC_SetVectorTable
    app.o(i.PLL_Configuration) refers to stm32f10x_rcc.o(i.RCC_DeInit) for RCC_DeInit
    app.o(i.PLL_Configuration) refers to stm32f10x_rcc.o(i.RCC_HSEConfig) for RCC_HSEConfig
    app.o(i.PLL_Configuration) refers to stm32f10x_rcc.o(i.RCC_WaitForHSEStartUp) for RCC_WaitForHSEStartUp
    app.o(i.PLL_Configuration) refers to stm32f10x_rcc.o(i.RCC_HCLKConfig) for RCC_HCLKConfig
    app.o(i.PLL_Configuration) refers to stm32f10x_rcc.o(i.RCC_PCLK2Config) for RCC_PCLK2Config
    app.o(i.PLL_Configuration) refers to stm32f10x_rcc.o(i.RCC_PCLK1Config) for RCC_PCLK1Config
    app.o(i.PLL_Configuration) refers to stm32f10x_flash.o(i.FLASH_SetLatency) for FLASH_SetLatency
    app.o(i.PLL_Configuration) refers to stm32f10x_flash.o(i.FLASH_PrefetchBufferCmd) for FLASH_PrefetchBufferCmd
    app.o(i.PLL_Configuration) refers to stm32f10x_rcc.o(i.RCC_PLLConfig) for RCC_PLLConfig
    app.o(i.PLL_Configuration) refers to stm32f10x_rcc.o(i.RCC_PLLCmd) for RCC_PLLCmd
    app.o(i.PLL_Configuration) refers to stm32f10x_rcc.o(i.RCC_GetFlagStatus) for RCC_GetFlagStatus
    app.o(i.PLL_Configuration) refers to stm32f10x_rcc.o(i.RCC_SYSCLKConfig) for RCC_SYSCLKConfig
    app.o(i.PLL_Configuration) refers to stm32f10x_rcc.o(i.RCC_GetSYSCLKSource) for RCC_GetSYSCLKSource
    app.o(i.RCC_Configuration) refers to stm32f10x_rcc.o(i.RCC_APB2PeriphClockCmd) for RCC_APB2PeriphClockCmd
    app.o(i.RCC_Configuration) refers to stm32f10x_rcc.o(i.RCC_APB1PeriphClockCmd) for RCC_APB1PeriphClockCmd
    app.o(i.RCC_Configuration) refers to stm32f10x_rcc.o(i.RCC_ADCCLKConfig) for RCC_ADCCLKConfig
    app.o(i.SysTick_Configuration) refers to stm32f10x_rcc.o(i.RCC_GetClocksFreq) for RCC_GetClocksFreq
    app.o(i.SysTick_Configuration) refers to misc.o(i.SysTick_CLKSourceConfig) for SysTick_CLKSourceConfig
    app.o(i.TFTSPI_Init) refers to stm32f10x_spi.o(i.SPI_Init) for SPI_Init
    app.o(i.TFTSPI_Init) refers to stm32f10x_spi.o(i.SPI_Cmd) for SPI_Cmd
    app.o(i.main) refers to context_rvds.o(.text) for rt_hw_interrupt_disable
    app.o(i.main) refers to app.o(i.PLL_Configuration) for PLL_Configuration
    app.o(i.main) refers to vars.o(i.Init_Vars) for Init_Vars
    app.o(i.main) refers to app_task.o(i.rtthread_startup) for rtthread_startup
    app.o(i.rt_hw_board_init) refers to app.o(i.BSP_Init) for BSP_Init
    app.o(i.rt_hw_board_init) refers to usart.o(i.stm32_hw_usart_init) for stm32_hw_usart_init
    app.o(i.rt_hw_board_init) refers to gpio.o(i.stm32_hw_pin_init) for stm32_hw_pin_init
    app.o(i.rt_hw_timer_handler) refers to irq.o(i.rt_interrupt_enter) for rt_interrupt_enter
    app.o(i.rt_hw_timer_handler) refers to clock.o(i.rt_tick_increase) for rt_tick_increase
    app.o(i.rt_hw_timer_handler) refers to irq.o(i.rt_interrupt_leave) for rt_interrupt_leave
    app_task.o(i.Timer2S_OUT) refers to thread.o(i.rt_thread_suspend) for rt_thread_suspend
    app_task.o(i.Timer2S_OUT) refers to thread.o(i.rt_thread_resume) for rt_thread_resume
[...]
    IWDG_SetPrescaler                        0x080047a9   Thumb Code     6  stm32f10x_iwdg.o(i.IWDG_SetPrescaler)
    IWDG_SetReload                           0x080047b5   Thumb Code     6  stm32f10x_iwdg.o(i.IWDG_SetReload)
    IWDG_WriteAccessCmd                      0x080047c1   Thumb Code     6  stm32f10x_iwdg.o(i.IWDG_WriteAccessCmd)
    Init_Vars                                0x080047cd   Thumb Code   344  vars.o(i.Init_Vars)
    LCD_Clear                                0x08004a11   Thumb Code    44  lcd.o(i.LCD_Clear)
    LCD_ClearBLK                             0x08004a41   Thumb Code    80  lcd.o(i.LCD_ClearBLK)
    LCD_DrawPoint                            0x08004a91   Thumb Code    28  lcd.o(i.LCD_DrawPoint)
    LCD_Init                                 0x08004ab1   Thumb Code   628  lcd.o(i.LCD_Init)
    LCD_SetCursor                            0x08004d2d   Thumb Code    48  lcd.o(i.LCD_SetCursor)
    LCD_ShowChar                             0x08004d61   Thumb Code   346  lcd.o(i.LCD_ShowChar)
    LCD_ShowString                           0x08004ed1   Thumb Code   102  lcd.o(i.LCD_ShowString)
    LCD_WR_DATA                              0x08004f39   Thumb Code    52  lcd.o(i.LCD_WR_DATA)
    LCD_WR_DATA8                             0x08004f79   Thumb Code    44  lcd.o(i.LCD_WR_DATA8)
    LCD_WR_REG                               0x08004fb1   Thumb Code    44  lcd.o(i.LCD_WR_REG)
    LCD_WriteRAM_Prepare                     0x08004fe9   Thumb Code    12  lcd.o(i.LCD_WriteRAM_Prepare)
    LED_D12                                  0x08004ff9   Thumb Code   106  tftled_ref.o(i.LED_D12)
    LIN_EndOfFrame                           0x0800506d   Thumb Code    26  rs232.o(i.LIN_EndOfFrame)
    LIN_FrameError                           0x08005091   Thumb Code    18  rs232.o(i.LIN_FrameError)
    LIN_GetMsgLength                         0x080050a9   Thumb Code    80  rs232.o(i.LIN_GetMsgLength)
    LIN_RxCompleted                          0x08005101   Thumb Code   490  rs232.o(i.LIN_RxCompleted)
    LIN_StaClr                               0x08005315   Thumb Code    28  rs232.o(i.LIN_StaClr)
    LinMemCopy                               0x08005345   Thumb Code    16  rs232.o(i.LinMemCopy)
    MemManage_Handler                        0x0800535f   Thumb Code     4  stm32f10x_it.o(i.MemManage_Handler)
    NMI_Handler                              0x08005363   Thumb Code     2  stm32f10x_it.o(i.NMI_Handler)
    NVIC_Init                                0x08005375   Thumb Code   100  misc.o(i.NVIC_Init)
    NVIC_SetVectorTable                      0x080053e5   Thumb Code    12  misc.o(i.NVIC_SetVectorTable)
    PLL_Configuration                        0x080053f9   Thumb Code   102  app.o(i.PLL_Configuration)
    RCC_ADCCLKConfig                         0x08005461   Thumb Code    18  stm32f10x_rcc.o(i.RCC_ADCCLKConfig)
    RCC_APB1PeriphClockCmd                   0x08005479   Thumb Code    26  stm32f10x_rcc.o(i.RCC_APB1PeriphClockCmd)
    RCC_APB1PeriphResetCmd                   0x08005499   Thumb Code    26  stm32f10x_rcc.o(i.RCC_APB1PeriphResetCmd)
    RCC_APB2PeriphClockCmd                   0x080054b9   Thumb Code    26  stm32f10x_rcc.o(i.RCC_APB2PeriphClockCmd)
    RCC_APB2PeriphResetCmd                   0x080054d9   Thumb Code    26  stm32f10x_rcc.o(i.RCC_APB2PeriphResetCmd)
    RCC_DeInit                               0x08005531   Thumb Code    64  stm32f10x_rcc.o(i.RCC_DeInit)
    RCC_GetClocksFreq                        0x0800557d   Thumb Code   192  stm32f10x_rcc.o(i.RCC_GetClocksFreq)
    RCC_GetFlagStatus                        0x08005651   Thumb Code    56  stm32f10x_rcc.o(i.RCC_GetFlagStatus)
    RCC_GetSYSCLKSource                      0x0800568d   Thumb Code    10  stm32f10x_rcc.o(i.RCC_GetSYSCLKSource)
    RCC_HCLKConfig                           0x0800569d   Thumb Code    18  stm32f10x_rcc.o(i.RCC_HCLKConfig)
    RCC_HSEConfig                            0x080056b5   Thumb Code    70  stm32f10x_rcc.o(i.RCC_HSEConfig)
    RCC_PCLK1Config                          0x08005701   Thumb Code    18  stm32f10x_rcc.o(i.RCC_PCLK1Config)
    RCC_PCLK2Config                          0x08005719   Thumb Code    20  stm32f10x_rcc.o(i.RCC_PCLK2Config)
    RCC_PLLCmd                               0x08005731   Thumb Code     6  stm32f10x_rcc.o(i.RCC_PLLCmd)
    RCC_PLLConfig                            0x0800573d   Thumb Code    24  stm32f10x_rcc.o(i.RCC_PLLConfig)
    RCC_SYSCLKConfig                         0x08005759   Thumb Code    18  stm32f10x_rcc.o(i.RCC_SYSCLKConfig)
    RCC_WaitForHSEStartUp                    0x08005771   Thumb Code    56  stm32f10x_rcc.o(i.RCC_WaitForHSEStartUp)
    Read_FloorHeat                           0x080057a9   Thumb Code   250  usart.o(i.Read_FloorHeat)
    SCI_RecData                              0x080058b9   Thumb Code   940  rs232.o(i.SCI_RecData)
    SCI_SendByte                             0x08005ce5   Thumb Code   256  rs232.o(i.SCI_SendByte)
    SCI_SendData                             0x08005de5   Thumb Code  2698  rs232.o(i.SCI_SendData)
    SPI_Cmd                                  0x080068b5   Thumb Code    24  stm32f10x_spi.o(i.SPI_Cmd)
    SPI_Init                                 0x080068cd   Thumb Code    60  stm32f10x_spi.o(i.SPI_Init)
    SPI_WriteByte                            0x08006909   Thumb Code    34  lcd.o(i.SPI_WriteByte)
    SVC_Handler                              0x0800692b   Thumb Code     2  stm32f10x_it.o(i.SVC_Handler)
    Show_ICO                                 0x0800692d   Thumb Code   198  lcd.o(i.Show_ICO)
    Show_Logo                                0x08006a15   Thumb Code    88  lcd.o(i.Show_Logo)
    Show_Pig                                 0x08006a71   Thumb Code   144  lcd.o(i.Show_Pig)
    Show_Ver                                 0x08006b05   Thumb Code   208  tftled_ref.o(i.Show_Ver)
    SysTick_CLKSourceConfig                  0x08006bdd   Thumb Code    40  misc.o(i.SysTick_CLKSourceConfig)
    SysTick_Configuration                    0x08006c05   Thumb Code   100  app.o(i.SysTick_Configuration)
    SysTick_Handler                          0x08006c71   Thumb Code     8  stm32f10x_it.o(i.SysTick_Handler)
    TFTSPI_Init                              0x08006c79   Thumb Code    80  app.o(i.TFTSPI_Init)
    TFT_Clear                                0x08006ccd   Thumb Code    88  tftled_ref.o(i.TFT_Clear)
    TFT_DISP_Num                             0x08006d25   Thumb Code   606  tftled_ref.o(i.TFT_DISP_Num)
    TFT_Refresh                              0x08006f85   Thumb Code  2494  tftled_ref.o(i.TFT_Refresh)
    TFT_TST_Num                              0x0800795d   Thumb Code   352  tftled_ref.o(i.TFT_TST_Num)
    USART1_IRQHandler                        0x08007ea1   Thumb Code    88  usart.o(i.USART1_IRQHandler)
    USART3_IRQHandler                        0x08007f05   Thumb Code   108  usart.o(i.USART3_IRQHandler)
    USART_ClearFlag                          0x08007f81   Thumb Code    18  stm32f10x_usart.o(i.USART_ClearFlag)
    USART_ClearITPendingBit                  0x08007f93   Thumb Code    30  stm32f10x_usart.o(i.USART_ClearITPendingBit)
    USART_Cmd                                0x08007fb1   Thumb Code    24  stm32f10x_usart.o(i.USART_Cmd)
    USART_Config                             0x08007fc9   Thumb Code    56  usart.o(i.USART_Config)
    USART_GetFlagStatus                      0x08008005   Thumb Code    26  stm32f10x_usart.o(i.USART_GetFlagStatus)
    USART_GetITStatus                        0x0800801f   Thumb Code    84  stm32f10x_usart.o(i.USART_GetITStatus)
    USART_ITConfig                           0x08008073   Thumb Code    74  stm32f10x_usart.o(i.USART_ITConfig)
    USART_Init                               0x080080bd   Thumb Code   210  stm32f10x_usart.o(i.USART_Init)
    USART_SendData                           0x08008195   Thumb Code     8  stm32f10x_usart.o(i.USART_SendData)
    UsageFault_Handler                       0x080081bf   Thumb Code     4  stm32f10x_it.o(i.UsageFault_Handler)
    __rt_ffs                                 0x080081c5   Thumb Code    70  kservice.o(i.__rt_ffs)
    checksum                                 0x08008667   Thumb Code    36  usart.o(i.checksum)
    cpu_usage_init                           0x08008751   Thumb Code    10  cpuusage.o(i.cpu_usage_init)
    debug_uart_sendbyte                      0x08008761   Thumb Code    28  usart.o(i.debug_uart_sendbyte)
    delay_ms                                 0x08008781   Thumb Code    28  lcd.o(i.delay_ms)
    eMBFuncReportSlaveID                     0x0800879d   Thumb Code    30  mbfuncother.o(i.eMBFuncReportSlaveID)
    eMBMasterEnable                          0x080087c5   Thumb Code    32  mb_m.o(i.eMBMasterEnable)
    eMBMasterFuncReadCoils                   0x080087ed   Thumb Code   152  mbfunccoils_m.o(i.eMBMasterFuncReadCoils)
    eMBMasterFuncReadDiscreteInputs          0x08008885   Thumb Code   150  mbfuncdisc_m.o(i.eMBMasterFuncReadDiscreteInputs)
    eMBMasterFuncReadHoldingRegister         0x0800891b   Thumb Code   116  mbfuncholding_m.o(i.eMBMasterFuncReadHoldingRegister)
    eMBMasterFuncReadInputRegister           0x0800898f   Thumb Code   114  mbfuncinput_m.o(i.eMBMasterFuncReadInputRegister)
    eMBMasterFuncReadWriteMultipleHoldingRegister 0x08008a01   Thumb Code   164  mbfuncholding_m.o(i.eMBMasterFuncReadWriteMultipleHoldingRegister)
    eMBMasterFuncWriteCoil                   0x08008aa5   Thumb Code   112  mbfunccoils_m.o(i.eMBMasterFuncWriteCoil)
    eMBMasterFuncWriteHoldingRegister        0x08008b15   Thumb Code    66  mbfuncholding_m.o(i.eMBMasterFuncWriteHoldingRegister)
    eMBMasterFuncWriteMultipleCoils          0x08008b57   Thumb Code   150  mbfunccoils_m.o(i.eMBMasterFuncWriteMultipleCoils)
    eMBMasterFuncWriteMultipleHoldingRegister 0x08008bed   Thumb Code   114  mbfuncholding_m.o(i.eMBMasterFuncWriteMultipleHoldingRegister)
    eMBMasterGetErrorType                    0x08008c61   Thumb Code     6  mb_m.o(i.eMBMasterGetErrorType)
    eMBMasterInit                            0x08008c6d   Thumb Code   122  mb_m.o(i.eMBMasterInit)
    eMBMasterPoll                            0x08008d29   Thumb Code   458  mb_m.o(i.eMBMasterPoll)
    eMBMasterRTUInit                         0x08008f19   Thumb Code    82  mbrtu_m.o(i.eMBMasterRTUInit)
    eMBMasterRTUReceive                      0x08008f71   Thumb Code    70  mbrtu_m.o(i.eMBMasterRTUReceive)
    eMBMasterRTUSend                         0x08008fc1   Thumb Code   132  mbrtu_m.o(i.eMBMasterRTUSend)
    eMBMasterRTUStart                        0x08009059   Thumb Code    30  mbrtu_m.o(i.eMBMasterRTUStart)
    eMBMasterRTUStop                         0x0800907d   Thumb Code    24  mbrtu_m.o(i.eMBMasterRTUStop)
    eMBMasterRegCoilsCB                      0x08009095   Thumb Code   314  user_mb_app_m.o(i.eMBMasterRegCoilsCB)
    eMBMasterRegDiscreteCB                   0x080091d9   Thumb Code   204  user_mb_app_m.o(i.eMBMasterRegDiscreteCB)
    eMBMasterRegHoldingCB                    0x080092ad   Thumb Code   172  user_mb_app_m.o(i.eMBMasterRegHoldingCB)
    eMBMasterRegInputCB                      0x08009361   Thumb Code   114  user_mb_app_m.o(i.eMBMasterRegInputCB)
    eMBMasterReqReadHoldingRegister          0x080093dd   Thumb Code   102  mbfuncholding_m.o(i.eMBMasterReqReadHoldingRegister)
    eMBMasterReqWriteMultipleHoldingRegister 0x08009443   Thumb Code   168  mbfuncholding_m.o(i.eMBMasterReqWriteMultipleHoldingRegister)
    eMBMasterWaitRequestFinish               0x080094ed   Thumb Code    68  portevent_m.o(i.eMBMasterWaitRequestFinish)
    get_pin                                  0x08009535   Thumb Code    18  gpio.o(i.get_pin)
    main                                     0x0800954d   Thumb Code    24  app.o(i.main)
    prveMBError2Exception                    0x08009621   Thumb Code    34  mbutils.o(i.prveMBError2Exception)
    rt_application_init                      0x08009675   Thumb Code   324  app_task.o(i.rt_application_init)
    rt_completion_done                       0x08009875   Thumb Code    82  completion.o(i.rt_completion_done)
    rt_completion_init                       0x080098c7   Thumb Code    48  completion.o(i.rt_completion_init)
    rt_completion_wait                       0x080098f7   Thumb Code   212  completion.o(i.rt_completion_wait)
    rt_data_queue_init                       0x080099cb   Thumb Code    80  dataqueue.o(i.rt_data_queue_init)
    rt_data_queue_peak                       0x08009a1b   Thumb Code    98  dataqueue.o(i.rt_data_queue_peak)
    rt_data_queue_pop                        0x08009a7d   Thumb Code   358  dataqueue.o(i.rt_data_queue_pop)
    rt_data_queue_push                       0x08009be3   Thumb Code   282  dataqueue.o(i.rt_data_queue_push)
    rt_device_find                           0x08009cfd   Thumb Code    76  device.o(i.rt_device_find)
    rt_device_init_all                       0x08009d4d   Thumb Code    64  device.o(i.rt_device_init_all)
    rt_device_open                           0x08009d91   Thumb Code   148  device.o(i.rt_device_open)
    rt_device_pin_register                   0x08009e25   Thumb Code    58  pin.o(i.rt_device_pin_register)
    rt_device_register                       0x08009e75   Thumb Code    52  device.o(i.rt_device_register)
    rt_device_write                          0x08009ea9   Thumb Code    78  device.o(i.rt_device_write)
    rt_enter_critical                        0x08009ef9   Thumb Code    28  scheduler.o(i.rt_enter_critical)
    rt_event_init                            0x08009f19   Thumb Code    50  ipc.o(i.rt_event_init)
    rt_event_recv                            0x08009f4d   Thumb Code   356  ipc.o(i.rt_event_recv)
    rt_event_send                            0x0800a0b9   Thumb Code   214  ipc.o(i.rt_event_send)
    rt_exit_critical                         0x0800a195   Thumb Code    54  scheduler.o(i.rt_exit_critical)
    rt_free                                  0x0800a1d1   Thumb Code   256  mem.o(i.rt_free)
    rt_hw_board_init                         0x0800a2e9   Thumb Code    16  app.o(i.rt_hw_board_init)
    rt_hw_hard_fault_exception               0x0800a2f9   Thumb Code    32  cpuport.o(i.rt_hw_hard_fault_exception)
    rt_hw_serial_isr                         0x0800a31d   Thumb Code   330  serial.o(i.rt_hw_serial_isr)
    rt_hw_serial_register                    0x0800a469   Thumb Code    82  serial.o(i.rt_hw_serial_register)
    rt_hw_stack_init                         0x0800a4d5   Thumb Code    70  cpuport.o(i.rt_hw_stack_init)
    rt_hw_timer_handler                      0x0800a521   Thumb Code    16  app.o(i.rt_hw_timer_handler)
    rt_interrupt_enter                       0x0800a531   Thumb Code    30  irq.o(i.rt_interrupt_enter)
    rt_interrupt_get_nest                    0x0800a555   Thumb Code     6  irq.o(i.rt_interrupt_get_nest)
    rt_interrupt_leave                       0x0800a561   Thumb Code    30  irq.o(i.rt_interrupt_leave)
    rt_malloc                                0x0800a6e5   Thumb Code   528  mem.o(i.rt_malloc)
    rt_memset                                0x0800a915   Thumb Code    72  kservice.o(i.rt_memset)
    rt_object_allocate                       0x0800a95d   Thumb Code   128  object.o(i.rt_object_allocate)
    rt_object_delete                         0x0800a9e5   Thumb Code    92  object.o(i.rt_object_delete)
    rt_object_detach                         0x0800aa45   Thumb Code    62  object.o(i.rt_object_detach)
    rt_object_init                           0x0800aa89   Thumb Code    76  object.o(i.rt_object_init)
    rt_object_is_systemobject                0x0800aadd   Thumb Code    38  object.o(i.rt_object_is_systemobject)
    rt_pin_mode                              0x0800ab05   Thumb Code    22  pin.o(i.rt_pin_mode)
    rt_pin_write                             0x0800ab21   Thumb Code    22  pin.o(i.rt_pin_write)
    rt_schedule                              0x0800ab3d   Thumb Code   134  scheduler.o(i.rt_schedule)
    rt_schedule_insert_thread                0x0800abe1   Thumb Code    86  scheduler.o(i.rt_schedule_insert_thread)
    rt_schedule_remove_thread                0x0800ac41   Thumb Code    98  scheduler.o(i.rt_schedule_remove_thread)
    rt_sem_init                              0x0800acad   Thumb Code    52  ipc.o(i.rt_sem_init)
    rt_sem_release                           0x0800ace1   Thumb Code    80  ipc.o(i.rt_sem_release)
    rt_sem_take                              0x0800ad35   Thumb Code   266  ipc.o(i.rt_sem_take)
    rt_set_errno                             0x0800b221   Thumb Code    36  kservice.o(i.rt_set_errno)
    rt_strncmp                               0x0800b249   Thumb Code    40  kservice.o(i.rt_strncmp)
    rt_strncpy                               0x0800b271   Thumb Code    52  kservice.o(i.rt_strncpy)
    rt_system_heap_init                      0x0800b2a5   Thumb Code   188  mem.o(i.rt_system_heap_init)
    rt_system_object_init                    0x0800b37d   Thumb Code     2  object.o(i.rt_system_object_init)
    rt_system_scheduler_init                 0x0800b381   Thumb Code    56  scheduler.o(i.rt_system_scheduler_init)
    rt_system_scheduler_start                0x0800b3d1   Thumb Code    36  scheduler.o(i.rt_system_scheduler_start)
    rt_system_tick_init                      0x0800b401   Thumb Code     2  clock.o(i.rt_system_tick_init)
    rt_system_timer_init                     0x0800b405   Thumb Code    24  timer.o(i.rt_system_timer_init)
    rt_system_timer_thread_init              0x0800b421   Thumb Code     2  timer.o(i.rt_system_timer_thread_init)
    rt_thread_delay                          0x0800b423   Thumb Code    12  thread.o(i.rt_thread_delay)
    rt_thread_idle_excute                    0x0800b4a1   Thumb Code   160  idle.o(i.rt_thread_idle_excute)
    rt_thread_idle_init                      0x0800b545   Thumb Code    38  idle.o(i.rt_thread_idle_init)
    rt_thread_idle_sethook                   0x0800b581   Thumb Code     6  idle.o(i.rt_thread_idle_sethook)
    rt_thread_init                           0x0800b58d   Thumb Code    86  thread.o(i.rt_thread_init)
    rt_thread_resume                         0x0800b5e3   Thumb Code    82  thread.o(i.rt_thread_resume)
    rt_thread_self                           0x0800b635   Thumb Code     6  thread.o(i.rt_thread_self)
    rt_thread_sleep                          0x0800b641   Thumb Code    82  thread.o(i.rt_thread_sleep)
    rt_thread_startup                        0x0800b699   Thumb Code    92  thread.o(i.rt_thread_startup)
    rt_thread_suspend                        0x0800b6f5   Thumb Code    80  thread.o(i.rt_thread_suspend)
    rt_thread_timeout                        0x0800b745   Thumb Code    74  thread.o(i.rt_thread_timeout)
    rt_thread_yield                          0x0800b791   Thumb Code    88  thread.o(i.rt_thread_yield)
    rt_tick_get                              0x0800b7f1   Thumb Code     6  clock.o(i.rt_tick_get)
    rt_tick_increase                         0x0800b7fd   Thumb Code    42  clock.o(i.rt_tick_increase)
    rt_timer_check                           0x0800b82d   Thumb Code   148  timer.o(i.rt_timer_check)
    rt_timer_control                         0x0800b8c9   Thumb Code    76  timer.o(i.rt_timer_control)
    rt_timer_create                          0x0800b915   Thumb Code    54  timer.o(i.rt_timer_create)
    rt_timer_detach                          0x0800b94b   Thumb Code    50  timer.o(i.rt_timer_detach)
    rt_timer_init                            0x0800b97d   Thumb Code    64  timer.o(i.rt_timer_init)
    rt_timer_start                           0x0800b9bd   Thumb Code   314  timer.o(i.rt_timer_start)
    rt_timer_stop                            0x0800bb05   Thumb Code    84  timer.o(i.rt_timer_stop)
    rtthread_startup                         0x0800bb5d   Thumb Code    56  app_task.o(i.rtthread_startup)
    stm32_hw_pin_init                        0x0800bd45   Thumb Code    16  gpio.o(i.stm32_hw_pin_init)
    stm32_hw_usart_init                      0x0800bd5d   Thumb Code   120  usart.o(i.stm32_hw_usart_init)
    stm32_pin_mode                           0x0800be01   Thumb Code    94  gpio.o(i.stm32_pin_mode)
    stm32_pin_read                           0x0800be5f   Thumb Code    48  gpio.o(i.stm32_pin_read)
    stm32_pin_write                          0x0800be8f   Thumb Code    52  gpio.o(i.stm32_pin_write)
    thread_entry_ADC                         0x0800bef5   Thumb Code   502  app_task.o(i.thread_entry_ADC)
    thread_entry_CANCOMM                     0x0800c119   Thumb Code   980  app_task.o(i.thread_entry_CANCOMM)
    thread_entry_ModbusMasterPoll            0x0800c52d   Thumb Code    38  app_task.o(i.thread_entry_ModbusMasterPoll)
    thread_entry_RS232COMM                   0x0800c559   Thumb Code  1874  app_task.o(i.thread_entry_RS232COMM)
    thread_entry_SysMonitor                  0x0800cce1   Thumb Code  2786  app_task.o(i.thread_entry_SysMonitor)
    thread_entry_TFTdisplay                  0x0800d7ed   Thumb Code   326  app_task.o(i.thread_entry_TFTdisplay)
    ucMBMasterGetDestAddress                 0x0800d949   Thumb Code     6  mb_m.o(i.ucMBMasterGetDestAddress)
    usMBCRC16                                0x0800d955   Thumb Code    48  mbcrc.o(i.usMBCRC16)
    usMBMasterGetPDUSndLength                0x0800d98d   Thumb Code     6  mbrtu_m.o(i.usMBMasterGetPDUSndLength)
    vMBMasterCBRequestScuuess                0x0800d999   Thumb Code    12  portevent_m.o(i.vMBMasterCBRequestScuuess)
    vMBMasterErrorCBExecuteFunction          0x0800d9a9   Thumb Code    20  portevent_m.o(i.vMBMasterErrorCBExecuteFunction)
    vMBMasterErrorCBReceiveData              0x0800d9c1   Thumb Code    18  portevent_m.o(i.vMBMasterErrorCBReceiveData)
    vMBMasterErrorCBRespondTimeout           0x0800d9d9   Thumb Code    18  portevent_m.o(i.vMBMasterErrorCBRespondTimeout)
    vMBMasterGetPDUSndBuf                    0x0800d9f1   Thumb Code     6  mbrtu_m.o(i.vMBMasterGetPDUSndBuf)
    vMBMasterOsResInit                       0x0800d9fd   Thumb Code    16  portevent_m.o(i.vMBMasterOsResInit)
    vMBMasterPortSerialEnable                0x0800da1d   Thumb Code    96  portserial_m.o(i.vMBMasterPortSerialEnable)
    vMBMasterPortTimersConvertDelayEnable    0x0800da85   Thumb Code    30  porttimer_m.o(i.vMBMasterPortTimersConvertDelayEnable)
    vMBMasterPortTimersDisable               0x0800daa9   Thumb Code    10  porttimer_m.o(i.vMBMasterPortTimersDisable)
    vMBMasterPortTimersRespondTimeoutEnable  0x0800dab9   Thumb Code    30  porttimer_m.o(i.vMBMasterPortTimersRespondTimeoutEnable)
    vMBMasterPortTimersT35Enable             0x0800dadd   Thumb Code    44  porttimer_m.o(i.vMBMasterPortTimersT35Enable)
    vMBMasterRunResRelease                   0x0800db11   Thumb Code    10  portevent_m.o(i.vMBMasterRunResRelease)
    vMBMasterSetCBRunInMasterMode            0x0800db21   Thumb Code     6  mb_m.o(i.vMBMasterSetCBRunInMasterMode)
    vMBMasterSetCurTimerMode                 0x0800db2d   Thumb Code     6  mbrtu_m.o(i.vMBMasterSetCurTimerMode)
    vMBMasterSetDestAddress                  0x0800db39   Thumb Code     6  mb_m.o(i.vMBMasterSetDestAddress)
    vMBMasterSetErrorType                    0x0800db45   Thumb Code     6  mb_m.o(i.vMBMasterSetErrorType)
    vMBMasterSetPDUSndLength                 0x0800db51   Thumb Code     6  mbrtu_m.o(i.vMBMasterSetPDUSndLength)
    xMBMasterPortEventGet                    0x0800db5d   Thumb Code    92  portevent_m.o(i.xMBMasterPortEventGet)
    xMBMasterPortEventInit                   0x0800dbbd   Thumb Code    16  portevent_m.o(i.xMBMasterPortEventInit)
    xMBMasterPortEventPost                   0x0800dbe1   Thumb Code    16  portevent_m.o(i.xMBMasterPortEventPost)
    xMBMasterPortSerialGetByte               0x0800dbf5   Thumb Code    26  portserial_m.o(i.xMBMasterPortSerialGetByte)
    xMBMasterPortSerialInit                  0x0800dc15   Thumb Code   304  portserial_m.o(i.xMBMasterPortSerialInit)
    xMBMasterPortSerialPutByte               0x0800dd85   Thumb Code    24  portserial_m.o(i.xMBMasterPortSerialPutByte)
    xMBMasterPortTimersInit                  0x0800dda1   Thumb Code    44  porttimer_m.o(i.xMBMasterPortTimersInit)
    xMBMasterRTUReceiveFSM                   0x0800dde9   Thumb Code   132  mbrtu_m.o(i.xMBMasterRTUReceiveFSM)
    xMBMasterRTUTimerExpired                 0x0800de7d   Thumb Code   130  mbrtu_m.o(i.xMBMasterRTUTimerExpired)
    xMBMasterRTUTransmitFSM                  0x0800df11   Thumb Code   120  mbrtu_m.o(i.xMBMasterRTUTransmitFSM)
    xMBMasterRequestIsBroadcast              0x0800df9d   Thumb Code     6  mbrtu_m.o(i.xMBMasterRequestIsBroadcast)
    xMBMasterRunResTake                      0x0800dfa9   Thumb Code    22  portevent_m.o(i.xMBMasterRunResTake)
    xMBUtilGetBits                           0x0800dfc5   Thumb Code    42  mbutils.o(i.xMBUtilGetBits)
    xMBUtilSetBits                           0x0800dfef   Thumb Code    96  mbutils.o(i.xMBUtilSetBits)
    __aeabi_f2uiz                            0x0800e051   Thumb Code     0  ffixu.o(x$fpl$ffixu)
    _ffixu                                   0x0800e051   Thumb Code    62  ffixu.o(x$fpl$ffixu)
    __aeabi_fmul                             0x0800e091   Thumb Code     0  fmul.o(x$fpl$fmul)
    _fmul                                    0x0800e091   Thumb Code   258  fmul.o(x$fpl$fmul)
    __fpl_fnaninf                            0x0800e193   Thumb Code   140  fnaninf.o(x$fpl$fnaninf)
    __fpl_fretinf                            0x0800e21f   Thumb Code    10  fretinf.o(x$fpl$fretinf)
    __I$use$fp                               0x0800e228   Number         0  usenofp.o(x$fpl$usenofp)
    CHN_2424                                 0x0800e270   Data        2664  lcd.o(.constdata)
    BAT_4016                                 0x0800ecd8   Data          80  lcd.o(.constdata)
    BLUETOO_1622                             0x0800ed28   Data          44  lcd.o(.constdata)
    UNIT_7226                                0x0800ed54   Data        1638  lcd.o(.constdata)
    DIG_2427                                 0x0800f3ba   Data        1053  lcd.o(.constdata)
    DIG_3248                                 0x0800f7d7   Data        2112  lcd.o(.constdata)
    DIG_1613                                 0x08010017   Data         286  lcd.o(.constdata)
    ICO                                      0x08010135   Data        7168  lcd.o(.constdata)
    Pig_RAR                                  0x08011d35   Data        1771  lcd.o(.constdata)
    asc2_1206                                0x08012420   Data        1140  lcd.o(.constdata)
    asc2_1608                                0x08012894   Data        1520  lcd.o(.constdata)
    hanzi32                                  0x08012e84   Data         512  lcd.o(.constdata)
    hanzi16                                  0x08013084   Data         320  lcd.o(.constdata)
    HV_LOGO                                  0x080131c4   Data       15488  lcd.o(.constdata)
    baud_table                               0x08016e44   Data          16  vars.o(.constdata)
    Rcv_MsgTable                             0x08016e54   Data          20  rs232.o(.constdata)
    Snd_MsgTable                             0x08016e68   Data          48  rs232.o(.constdata)
    COLTable                                 0x08016e98   Data          20  rs232.o(.constdata)
    __lowest_bit_bitmap                      0x08016f54   Data         256  kservice.o(.constdata)
    Region$$Table$$Base                      0x08017278   Number         0  anon$$obj.o(Region$$Table)
    Region$$Table$$Limit                     0x08017298   Number         0  anon$$obj.o(Region$$Table)
    version                                  0x2000000c   Data           7  app_task.o(.data)
    rt_interrupt_from_thread                 0x20000014   Data           4  cpuport.o(.data)
    rt_interrupt_to_thread                   0x20000018   Data           4  cpuport.o(.data)
    rt_thread_switch_interrupt_flag          0x2000001c   Data           4  cpuport.o(.data)
    uart1                                    0x20000024   Data           8  usart.o(.data)
    uart3                                    0x2000002c   Data           8  usart.o(.data)
    POINT_COLOR                              0x20000034   Data           2  lcd.o(.data)
    BACK_COLOR                               0x20000036   Data           2  lcd.o(.data)
    FLAGS0                                   0x20000038   Data           4  vars.o(.data)
    FLAGS1                                   0x2000003c   Data           4  vars.o(.data)
    FLAGS2                                   0x20000040   Data           4  vars.o(.data)
    Rs485_byte                               0x20000044   Data           1  vars.o(.data)
    Rs485_Count                              0x20000045   Data           1  vars.o(.data)
    Rs232_Comand                             0x20000046   Data           1  vars.o(.data)
    DN_Count                                 0x20000047   Data           1  vars.o(.data)
    RS485_StateFlag                          0x20000048   Data           1  vars.o(.data)
    DN_RS485_COUNT                           0x20000049   Data           1  vars.o(.data)
    MOTOR_SPEED_SEND                         0x2000004a   Data           2  vars.o(.data)
    MOTOR_SPEED_REC                          0x2000004c   Data           8  vars.o(.data)
    Variable_Frequency_Voltage               0x20000054   Data           1  vars.o(.data)
    LIN_Length                               0x20000055   Data           1  vars.o(.data)
    LIN_TmpSCIByte                           0x20000056   Data           1  vars.o(.data)
    LIN_BufCounter                           0x20000057   Data           1  vars.o(.data)
    LIN_StateFlags                           0x20000058   Data           1  vars.o(.data)
    LIN_MsgDir                               0x20000059   Data           1  vars.o(.data)
    LIN_Err                                  0x2000005a   Data           1  vars.o(.data)
    Checksum                                 0x2000005b   Data           1  vars.o(.data)
    RS232Temp_Num                            0x2000005c   Data           1  vars.o(.data)
    RS232Hmd_Num                             0x2000005d   Data           1  vars.o(.data)
    RS232DR_Num                              0x2000005e   Data           1  vars.o(.data)
    RS232PHV_Num                             0x2000005f   Data           1  vars.o(.data)
    RS232WF_Num                              0x20000060   Data           1  vars.o(.data)
    RS232WP_Num                              0x20000061   Data           1  vars.o(.data)
    RS232TH_Num                              0x20000062   Data           1  vars.o(.data)
    RS232NH_Num                              0x20000063   Data           1  vars.o(.data)
    RS232WG_Num                              0x20000064   Data           1  vars.o(.data)
    RS232RF_Num                              0x20000065   Data           1  vars.o(.data)
    RS232GRT_Num                             0x20000066   Data           1  vars.o(.data)
    RS232CD_Num                              0x20000067   Data           1  vars.o(.data)
    RS232EPower_Num                          0x20000068   Data           1  vars.o(.data)
    RS232WPower_Num                          0x20000069   Data           1  vars.o(.data)
    RS232Smell_Num                           0x2000006a   Data           1  vars.o(.data)
    driveBoardNum                            0x2000006b   Data           1  vars.o(.data)
    currentBoardData                         0x2000006c   Data           8  vars.o(.data)
    Temp_COLOR                               0x20000074   Data           2  vars.o(.data)
    HMD_COLOR                                0x20000076   Data           2  vars.o(.data)
    PHV_COLOR                                0x20000078   Data           2  vars.o(.data)
    WF_COLOR                                 0x2000007a   Data           2  vars.o(.data)
    WP_COLOR                                 0x2000007c   Data           2  vars.o(.data)
    TP_COLOR                                 0x2000007e   Data           2  vars.o(.data)
    NH3_COLOR                                0x20000080   Data           2  vars.o(.data)
    WARN_COLOR                               0x20000082   Data           2  vars.o(.data)
    Temp1_COLOR                              0x20000084   Data           2  vars.o(.data)
    KG_COLOR                                 0x20000086   Data           2  vars.o(.data)
    RFID_COLOR                               0x20000088   Data           2  vars.o(.data)
    RUNMD_COLOR                              0x2000008a   Data           2  vars.o(.data)
    DEVMOD_COLOR                             0x2000008c   Data           2  vars.o(.data)
    Temp1_Sort                               0x2000008e   Data           2  vars.o(.data)
    Weight_Sort                              0x20000090   Data           8  vars.o(.data)
    RFID                                     0x20000098   Data           2  vars.o(.data)
    RunMode                                  0x2000009a   Data           1  vars.o(.data)
    DevMode                                  0x2000009b   Data           1  vars.o(.data)
    Rs485_threadCount                        0x2000009c   Data           2  vars.o(.data)
    Rs485REC_threadCount                     0x2000009e   Data           2  vars.o(.data)
    Num_Sensor                               0x200000a0   Data           1  vars.o(.data)
    Config_FRCR                              0x200000a1   Data           8  vars.o(.data)
    TFT_Inf_FRCR                             0x200000a9   Data           2  vars.o(.data)
    Driver_RELSta                            0x200000ab   Data           8  vars.o(.data)
    Driver_Input                             0x200000b3   Data           8  vars.o(.data)
    Driver_Input1                            0x200000bb   Data           8  vars.o(.data)
    Driver_RELSta1                           0x200000c3   Data           8  vars.o(.data)
    Driver_RInSta1                           0x200000cb   Data           1  vars.o(.data)
    Driver_RRelSta1                          0x200000cc   Data           1  vars.o(.data)
    ColorLED_FRCR                            0x200000cd   Data           4  vars.o(.data)
    DouLED_FRCR                              0x200000d1   Data           2  vars.o(.data)
    Power_FRCR                               0x200000d3   Data           2  vars.o(.data)
    ADC_Cout                                 0x200000d5   Data           1  vars.o(.data)
    Adc_Count                                0x200000d6   Data           1  vars.o(.data)
    RS232ERR_Cout                            0x200000d7   Data           1  vars.o(.data)
    FANDR_Cout                               0x200000d8   Data           1  vars.o(.data)
    TIM_Count                                0x200000d9   Data           1  vars.o(.data)
    CAN1ERR_Cout                             0x200000da   Data           1  vars.o(.data)
    CAN2ERR_Cout                             0x200000db   Data           1  vars.o(.data)
    RS232Send_Cout                           0x200000dc   Data           1  vars.o(.data)
    LeaTST_Count                             0x200000dd   Data           1  vars.o(.data)
    CoLED_Count                              0x200000de   Data           1  vars.o(.data)
    Ref_Count                                0x200000df   Data           1  vars.o(.data)
    SendCon_Count                            0x200000e0   Data           1  vars.o(.data)
    TstOV_Count                              0x200000e1   Data           1  vars.o(.data)
    TFT_REFCount                             0x200000e2   Data           2  vars.o(.data)
    CoreRstCount                             0x200000e4   Data           2  vars.o(.data)
    CoreStCount                              0x200000e6   Data           1  vars.o(.data)
    Driver_RInSta                            0x200000e7   Data           1  vars.o(.data)
    Driver_RRelSta                           0x200000e8   Data           1  vars.o(.data)
    MOTOR_Count                              0x200000ea   Data           2  vars.o(.data)
    Val_3P3V                                 0x200000ec   Data           1  vars.o(.data)
    Val_5V                                   0x200000ed   Data           1  vars.o(.data)
    Val_5VGPRS                               0x200000ee   Data           1  vars.o(.data)
    Val_9V                                   0x200000ef   Data           1  vars.o(.data)
    Val_12V                                  0x200000f0   Data           1  vars.o(.data)
    Val_BAT                                  0x200000f1   Data           1  vars.o(.data)
    Val_EXTBAT                               0x200000f2   Data           1  vars.o(.data)
    Val_24V                                  0x200000f3   Data           1  vars.o(.data)
    INT_Temp                                 0x200000f4   Data           2  vars.o(.data)
    INT_HMD                                  0x200000f6   Data           2  vars.o(.data)
    DouLED                                   0x200000f8   Data           2  vars.o(.data)
    Test_DLED                                0x200000fa   Data           1  vars.o(.data)
    Test_TFT                                 0x200000fc   Data           2  vars.o(.data)
    Test_CAN                                 0x200000fe   Data           1  vars.o(.data)
    Debug_dat                                0x200000ff   Data           8  vars.o(.data)
    Temp_NumDG                               0x20000107   Data           1  vars.o(.data)
    CLED_Color                               0x20000108   Data           4  vars.o(.data)
    NoCore_Count                             0x2000010c   Data           1  vars.o(.data)
    Dev_info                                 0x2000010e   Data         456  vars.o(.data)
    SEN_CurrentIdx                           0x200002d6   Data           1  vars.o(.data)
    SEN_Count                                0x200002d7   Data           1  vars.o(.data)
    CoreP_Ver                                0x200002d8   Data           9  rs232.o(.data)
    CoreP_ID                                 0x200002e1   Data          11  rs232.o(.data)
    rs232DataProcSta                         0x200002ec   Data           1  rs232.o(.data)
    rt_interrupt_nest                        0x20000314   Data           1  irq.o(.data)
    rt_object_container                      0x2000033c   Data         112  object.o(.data)
    rt_object_trytake_hook                   0x200003b4   Data           4  object.o(.data)
    rt_object_take_hook                      0x200003b8   Data           4  object.o(.data)
    rt_object_put_hook                       0x200003bc   Data           4  object.o(.data)
    rt_current_thread                        0x200003c4   Data           4  scheduler.o(.data)
    rt_current_priority                      0x200003c8   Data           1  scheduler.o(.data)
    rt_thread_ready_priority_group           0x200003cc   Data           4  scheduler.o(.data)
    rt_thread_defunct                        0x200003d0   Data           8  scheduler.o(.data)
    pxMBMasterFrameCBByteReceived            0x2000040c   Data           4  mb_m.o(.data)
    pxMBMasterFrameCBTransmitterEmpty        0x20000410   Data           4  mb_m.o(.data)
    pxMBMasterPortCBTimerExpired             0x20000414   Data           4  mb_m.o(.data)
    pxMBMasterFrameCBReceiveFSMCur           0x20000418   Data           4  mb_m.o(.data)
    pxMBMasterFrameCBTransmitFSMCur          0x2000041c   Data           4  mb_m.o(.data)
    usMDiscInStart                           0x20000502   Data           2  user_mb_app_m.o(.data)
    usMCoilStart                             0x20000504   Data           2  user_mb_app_m.o(.data)
    usMRegInStart                            0x20000506   Data           2  user_mb_app_m.o(.data)
    usMRegHoldStart                          0x20000508   Data           2  user_mb_app_m.o(.data)
    thread_SysMonitor                        0x20001290   Data         160  app_task.o(.bss)
    thread_ModbusMasterPoll                  0x20001330   Data         160  app_task.o(.bss)
    thread_TFTDisplay                        0x200013d0   Data         160  app_task.o(.bss)
    thread_CANCOMM                           0x20001470   Data         160  app_task.o(.bss)
    thread_RS232COMM                         0x20001510   Data         160  app_task.o(.bss)
    thread_ADC                               0x200015b0   Data         160  app_task.o(.bss)
    serial1                                  0x20001650   Data         100  usart.o(.bss)
    serial3                                  0x200016b4   Data         100  usart.o(.bss)
    lcddev                                   0x20001718   Data          10  lcd.o(.bss)
    Rs485_Databuf                            0x20001728   Data          20  vars.o(.bss)
    Rs232_Rec_buf                            0x2000173c   Data          20  vars.o(.bss)
    LIN_ProtBuf                              0x20001750   Data          20  vars.o(.bss)
    recvDataBuf                              0x20001764   Data          20  vars.o(.bss)
    Err_Count                                0x20001778   Data          38  vars.o(.bss)
    smell4in1Data                            0x200017a0   Data          16  vars.o(.bss)
    elePowerData                             0x200017b0   Data          16  vars.o(.bss)
    waterUseData                             0x200017c0   Data          16  vars.o(.bss)
    weightData                               0x200017d0   Data          16  vars.o(.bss)
    datebuf                                  0x200017e0   Data          80  vars.o(.bss)
    DriverInf_FRCR                           0x20001830   Data          10  vars.o(.bss)
    DriverInf_FRCR1                          0x2000183a   Data          10  vars.o(.bss)
    rt_thread_priority_table                 0x20001a18   Data         256  scheduler.o(.bss)
    ucMDiscInBuf                             0x200020fc   Data          64  user_mb_app_m.o(.bss)
    ucMCoilBuf                               0x2000213c   Data          64  user_mb_app_m.o(.bss)
    usMRegInBuf                              0x2000217c   Data        1024  user_mb_app_m.o(.bss)
    usMRegHoldBuf                            0x2000257c   Data        8192  user_mb_app_m.o(.bss)
    __libspace_start                         0x2000457c   Data          96  libspace.o(.bss)
    __temporary_stack_top$libspace           0x200045dc   Data           0  libspace.o(.bss)
    Image$$RW_IRAM1$$ZI$$Limit               0x20004be0   Number         0  anon$$obj.o ABSOLUTE



==============================================================================

Memory Map of the image

  Image Entry point : 0x080024ed

  Load Region LR_IROM1 (Base: 0x08002400, Size: 0x000153a4, Max: 0x0001dc00, ABSOLUTE, COMPRESSED[0x00014fd4])

    Execution Region ER_IROM1 (Base: 0x08002400, Size: 0x00014e98, Max: 0x0001dc00, ABSOLUTE)

    Base Addr    Size         Type   Attr      Idx    E Section Name        Object

    0x08002400   0x000000ec   Data   RO         3860    RESET               startup_stm32f10x_md.o
    0x080024ec   0x00000008   Code   RO         6392  * !!!main             c_w.l(__main.o)
    0x080024f4   0x00000034   Code   RO         6561    !!!scatter          c_w.l(__scatter.o)
    0x08002528   0x0000005a   Code   RO         6559    !!dczerorl2         c_w.l(__dczerorl2.o)
    0x08002582   0x00000002   PAD
    0x08002584   0x0000001c   Code   RO         6563    !!handler_zi        c_w.l(__scatter_zi.o)
    0x080025a0   0x00000002   Code   RO         6430    .ARM.Collect$$libinit$$00000000  c_w.l(libinit.o)
    0x080025a2   0x00000000   Code   RO         6437    .ARM.Collect$$libinit$$00000002  c_w.l(libinit2.o)
    0x080025a2   0x00000000   Code   RO         6439    .ARM.Collect$$libinit$$00000004  c_w.l(libinit2.o)
    0x080025a2   0x00000000   Code   RO         6442    .ARM.Collect$$libinit$$0000000A  c_w.l(libinit2.o)
    0x080025a2   0x00000000   Code   RO         6444    .ARM.Collect$$libinit$$0000000C  c_w.l(libinit2.o)
    0x080025a2   0x00000000   Code   RO         6446    .ARM.Collect$$libinit$$0000000E  c_w.l(libinit2.o)
    0x080025a2   0x00000000   Code   RO         6449    .ARM.Collect$$libinit$$00000011  c_w.l(libinit2.o)
    0x080025a2   0x00000000   Code   RO         6451    .ARM.Collect$$libinit$$00000013  c_w.l(libinit2.o)
    0x080025a2   0x00000000   Code   RO         6453    .ARM.Collect$$libinit$$00000015  c_w.l(libinit2.o)
    0x080025a2   0x00000000   Code   RO         6455    .ARM.Collect$$libinit$$00000017  c_w.l(libinit2.o)
    0x080025a2   0x00000000   Code   RO         6457    .ARM.Collect$$libinit$$00000019  c_w.l(libinit2.o)
    0x080025a2   0x00000000   Code   RO         6459    .ARM.Collect$$libinit$$0000001B  c_w.l(libinit2.o)
    0x080025a2   0x00000000   Code   RO         6461    .ARM.Collect$$libinit$$0000001D  c_w.l(libinit2.o)
    0x080025a2   0x00000000   Code   RO         6463    .ARM.Collect$$libinit$$0000001F  c_w.l(libinit2.o)
    0x080025a2   0x00000000   Code   RO         6465    .ARM.Collect$$libinit$$00000021  c_w.l(libinit2.o)
    0x080025a2   0x00000000   Code   RO         6467    .ARM.Collect$$libinit$$00000023  c_w.l(libinit2.o)
    0x080025a2   0x00000000   Code   RO         6469    .ARM.Collect$$libinit$$00000025  c_w.l(libinit2.o)
    0x080025a2   0x00000000   Code   RO         6473    .ARM.Collect$$libinit$$0000002C  c_w.l(libinit2.o)
    0x080025a2   0x00000000   Code   RO         6475    .ARM.Collect$$libinit$$0000002E  c_w.l(libinit2.o)
    0x080025a2   0x00000000   Code   RO         6477    .ARM.Collect$$libinit$$00000030  c_w.l(libinit2.o)
    0x080025a2   0x00000000   Code   RO         6479    .ARM.Collect$$libinit$$00000032  c_w.l(libinit2.o)
    0x080025a2   0x00000002   Code   RO         6480    .ARM.Collect$$libinit$$00000033  c_w.l(libinit2.o)
    0x080025a4   0x00000002   Code   RO         6500    .ARM.Collect$$libshutdown$$00000000  c_w.l(libshutdown.o)
    0x080025a6   0x00000000   Code   RO         6514    .ARM.Collect$$libshutdown$$00000003  c_w.l(libshutdown2.o)
    0x080025a6   0x00000000   Code   RO         6517    .ARM.Collect$$libshutdown$$00000006  c_w.l(libshutdown2.o)
    0x080025a6   0x00000000   Code   RO         6520    .ARM.Collect$$libshutdown$$00000009  c_w.l(libshutdown2.o)
    0x080025a6   0x00000000   Code   RO         6522    .ARM.Collect$$libshutdown$$0000000B  c_w.l(libshutdown2.o)
    0x080025a6   0x00000000   Code   RO         6525    .ARM.Collect$$libshutdown$$0000000E  c_w.l(libshutdown2.o)
    0x080025a6   0x00000002   Code   RO         6526    .ARM.Collect$$libshutdown$$0000000F  c_w.l(libshutdown2.o)
    0x080025a8   0x00000000   Code   RO         6400    .ARM.Collect$$rtentry$$00000000  c_w.l(__rtentry.o)
    0x080025a8   0x00000000   Code   RO         6407    .ARM.Collect$$rtentry$$00000002  c_w.l(__rtentry2.o)
    0x080025a8   0x00000006   Code   RO         6419    .ARM.Collect$$rtentry$$00000004  c_w.l(__rtentry4.o)
    0x080025ae   0x00000000   Code   RO         6409    .ARM.Collect$$rtentry$$00000009  c_w.l(__rtentry2.o)
    0x080025ae   0x00000004   Code   RO         6410    .ARM.Collect$$rtentry$$0000000A  c_w.l(__rtentry2.o)
    0x080025b2   0x00000000   Code   RO         6412    .ARM.Collect$$rtentry$$0000000C  c_w.l(__rtentry2.o)
    0x080025b2   0x00000008   Code   RO         6413    .ARM.Collect$$rtentry$$0000000D  c_w.l(__rtentry2.o)
    0x080025ba   0x00000002   Code   RO         6434    .ARM.Collect$$rtexit$$00000000  c_w.l(rtexit.o)
    0x080025bc   0x00000000   Code   RO         6482    .ARM.Collect$$rtexit$$00000002  c_w.l(rtexit2.o)
    0x080025bc   0x00000004   Code   RO         6483    .ARM.Collect$$rtexit$$00000003  c_w.l(rtexit2.o)
    0x080025c0   0x00000006   Code   RO         6484    .ARM.Collect$$rtexit$$00000004  c_w.l(rtexit2.o)
    0x080025c6   0x00000002   PAD
    0x080025c8   0x000000f0   Code   RO          411    .text               context_rvds.o
    0x080026b8   0x00000038   Code   RO         3861    .text               startup_stm32f10x_md.o
    0x080026f0   0x0000008a   Code   RO         6384    .text               c_w.l(rt_memcpy_v6.o)
    0x0800277a   0x00000064   Code   RO         6386    .text               c_w.l(rt_memcpy_w.o)
    0x080027de   0x0000004e   Code   RO         6388    .text               c_w.l(rt_memclr_w.o)
    0x0800282c   0x00000006   Code   RO         6390    .text               c_w.l(heapauxi.o)
    0x08002832   0x0000004a   Code   RO         6421    .text               c_w.l(sys_stackheap_outer.o)
    0x0800287c   0x0000000c   Code   RO         6423    .text               c_w.l(exit.o)
    0x08002888   0x00000008   Code   RO         6431    .text               c_w.l(libspace.o)
    0x08002890   0x0000000c   Code   RO         6492    .text               c_w.l(sys_exit.o)
    0x0800289c   0x00000002   Code   RO         6503    .text               c_w.l(use_no_semi.o)
    0x0800289e   0x00000000   Code   RO         6505    .text               c_w.l(indicate_semi.o)
    0x0800289e   0x00000006   Code   RO          988    i.ADC_ClearFlag     stm32f10x_adc.o
    0x080028a4   0x00000016   Code   RO          990    i.ADC_Cmd           stm32f10x_adc.o
    0x080028ba   0x00000002   PAD
    0x080028bc   0x0000005c   Code   RO          992    i.ADC_DeInit        stm32f10x_adc.o
    0x08002918   0x00000014   Code   RO          998    i.ADC_GetCalibrationStatus  stm32f10x_adc.o
    0x0800292c   0x00000008   Code   RO          999    i.ADC_GetConversionValue  stm32f10x_adc.o
    0x08002934   0x00000012   Code   RO         1001    i.ADC_GetFlagStatus  stm32f10x_adc.o
    0x08002946   0x00000014   Code   RO         1004    i.ADC_GetResetCalibrationStatus  stm32f10x_adc.o
    0x0800295a   0x00000002   PAD
    0x0800295c   0x00000050   Code   RO         1008    i.ADC_Init          stm32f10x_adc.o
    0x080029ac   0x000000b8   Code   RO         1012    i.ADC_RegularChannelConfig  stm32f10x_adc.o
    0x08002a64   0x0000000a   Code   RO         1013    i.ADC_ResetCalibration  stm32f10x_adc.o
    0x08002a6e   0x00000016   Code   RO         1015    i.ADC_SoftwareStartConvCmd  stm32f10x_adc.o
    0x08002a84   0x0000000a   Code   RO         1017    i.ADC_StartCalibration  stm32f10x_adc.o
    0x08002a8e   0x00000002   PAD
    0x08002a90   0x000000f0   Code   RO          930    i.ADC_Switch        adc.o
    0x08002b80   0x0000001c   Code   RO            1    i.BSP_Init          app.o
    0x08002b9c   0x00000004   Code   RO          327    i.BusFault_Handler  stm32f10x_it.o
    0x08002ba0   0x00000088   Code   RO          827    i.CAN1_Init         can.o
    0x08002c28   0x00000038   Code   RO         1288    i.CAN_ClearFlag     stm32f10x_can.o
    0x08002c60   0x00000038   Code   RO         1291    i.CAN_DeInit        stm32f10x_can.o
    0x08002c98   0x00000108   Code   RO         1293    i.CAN_FilterInit    stm32f10x_can.o
    0x08002da0   0x00000078   Code   RO         1294    i.CAN_GetFlagStatus  stm32f10x_can.o
    0x08002e18   0x00000114   Code   RO         1300    i.CAN_Init          stm32f10x_can.o
    0x08002f2c   0x0000001e   Code   RO         1301    i.CAN_MessagePending  stm32f10x_can.o
    0x08002f4a   0x00000002   PAD
    0x08002f4c   0x0000007c   Code   RO          828    i.CAN_Recei_Data    can.o
    0x08002fc8   0x000000f0   Code   RO         1303    i.CAN_Receive       stm32f10x_can.o
    0x080030b8   0x00000020   Code   RO         1306    i.CAN_StructInit    stm32f10x_can.o
    0x080030d8   0x00000126   Code   RO         1308    i.CAN_Transmit      stm32f10x_can.o
    0x080031fe   0x00000002   PAD
    0x08003200   0x0000007c   Code   RO          829    i.CAN_TransmitData  can.o
    0x0800327c   0x000000a0   Code   RO         1309    i.CAN_TransmitStatus  stm32f10x_can.o
    0x0800331c   0x000002a0   Code   RO          704    i.Change_Sen        vars.o
    0x080035bc   0x00000160   Code   RO          854    i.ColorLED_Refresh  tftled_ref.o
    0x0800371c   0x0000050c   Code   RO          855    i.DISP_NUM          tftled_ref.o
    0x08003c28   0x00000002   Code   RO          328    i.DebugMon_Handler  stm32f10x_it.o
    0x08003c2a   0x0000000e   Code   RO          856    i.Delay_ns          tftled_ref.o
    0x08003c38   0x00000588   Code   RO          857    i.Double_Ref        tftled_ref.o
    0x080041c0   0x0000006c   Code   RO          858    i.Driver_ColorLED   tftled_ref.o
    0x0800422c   0x00000010   Code   RO         5682    i.EnterCriticalSection  port.o
    0x0800423c   0x00000010   Code   RO         5683    i.ExitCriticalSection  port.o
    0x0800424c   0x0000001c   Code   RO         1741    i.FLASH_PrefetchBufferCmd  stm32f10x_flash.o
    0x08004268   0x00000018   Code   RO         1746    i.FLASH_SetLatency  stm32f10x_flash.o
    0x08004280   0x0000002c   Code   RO          745    i.Find_Color        rs232.o
    0x080042ac   0x00000084   Code   RO          416    i.FloorHeat_Scm     usart.o
    0x08004330   0x000001ec   Code   RO            2    i.GPIO_Configuration  app.o
    0x0800451c   0x00000116   Code   RO         2027    i.GPIO_Init         stm32f10x_gpio.o
    0x08004632   0x00000002   PAD
    0x08004634   0x00000090   Code   RO         2029    i.GPIO_PinRemapConfig  stm32f10x_gpio.o
    0x080046c4   0x00000012   Code   RO         2031    i.GPIO_ReadInputDataBit  stm32f10x_gpio.o
    0x080046d6   0x00000012   Code   RO         2033    i.GPIO_ReadOutputDataBit  stm32f10x_gpio.o
    0x080046e8   0x00000004   Code   RO         2034    i.GPIO_ResetBits    stm32f10x_gpio.o
    0x080046ec   0x00000004   Code   RO         2035    i.GPIO_SetBits      stm32f10x_gpio.o
    0x080046f0   0x00000010   Code   RO         2036    i.GPIO_StructInit   stm32f10x_gpio.o
    0x08004700   0x0000005c   Code   RO          931    i.Get_Adc           adc.o
    0x0800475c   0x00000022   Code   RO            3    i.IWDG_Configuration  app.o
    0x0800477e   0x00000002   PAD
    0x08004780   0x00000010   Code   RO         2342    i.IWDG_Enable       stm32f10x_iwdg.o
    0x08004790   0x00000008   Code   RO            4    i.IWDG_Feed         app.o
    0x08004798   0x00000010   Code   RO         2344    i.IWDG_ReloadCounter  stm32f10x_iwdg.o
    0x080047a8   0x0000000c   Code   RO         2345    i.IWDG_SetPrescaler  stm32f10x_iwdg.o
    0x080047b4   0x0000000c   Code   RO         2346    i.IWDG_SetReload    stm32f10x_iwdg.o
    0x080047c0   0x0000000c   Code   RO         2347    i.IWDG_WriteAccessCmd  stm32f10x_iwdg.o
    0x080047cc   0x00000244   Code   RO          706    i.Init_Vars         vars.o
    0x08004a10   0x00000030   Code   RO          563    i.LCD_Clear         lcd.o
    0x08004a40   0x00000050   Code   RO          564    i.LCD_ClearBLK      lcd.o
    0x08004a90   0x00000020   Code   RO          567    i.LCD_DrawPoint     lcd.o
    0x08004ab0   0x0000027c   Code   RO          568    i.LCD_Init          lcd.o
    0x08004d2c   0x00000034   Code   RO          569    i.LCD_SetCursor     lcd.o
    0x08004d60   0x00000170   Code   RO          570    i.LCD_ShowChar      lcd.o
    0x08004ed0   0x00000066   Code   RO          571    i.LCD_ShowString    lcd.o
    0x08004f36   0x00000002   PAD
    0x08004f38   0x00000040   Code   RO          572    i.LCD_WR_DATA       lcd.o
    0x08004f78   0x00000038   Code   RO          573    i.LCD_WR_DATA8      lcd.o
    0x08004fb0   0x00000038   Code   RO          574    i.LCD_WR_REG        lcd.o
    0x08004fe8   0x00000010   Code   RO          576    i.LCD_WriteRAM_Prepare  lcd.o
    0x08004ff8   0x00000074   Code   RO          859    i.LED_D12           tftled_ref.o
    0x0800506c   0x00000024   Code   RO          746    i.LIN_EndOfFrame    rs232.o
    0x08005090   0x00000018   Code   RO          747    i.LIN_FrameError    rs232.o
    0x080050a8   0x00000058   Code   RO          748    i.LIN_GetMsgLength  rs232.o
    0x08005100   0x00000214   Code   RO          749    i.LIN_RxCompleted   rs232.o
    0x08005314   0x00000030   Code   RO          750    i.LIN_StaClr        rs232.o
    0x08005344   0x00000010   Code   RO          752    i.LinMemCopy        rs232.o
    0x08005354   0x0000000a   Code   RO         6296    i.Master_timer_timeout_ind  porttimer_m.o
    0x0800535e   0x00000004   Code   RO          329    i.MemManage_Handler  stm32f10x_it.o
    0x08005362   0x00000002   Code   RO          330    i.NMI_Handler       stm32f10x_it.o
    0x08005364   0x00000010   Code   RO            5    i.NVIC_Configuration  app.o
    0x08005374   0x00000070   Code   RO          948    i.NVIC_Init         misc.o
    0x080053e4   0x00000014   Code   RO          950    i.NVIC_SetVectorTable  misc.o
    0x080053f8   0x00000066   Code   RO            6    i.PLL_Configuration  app.o
    0x0800545e   0x00000002   PAD
    0x08005460   0x00000018   Code   RO         2447    i.RCC_ADCCLKConfig  stm32f10x_rcc.o
    0x08005478   0x00000020   Code   RO         2449    i.RCC_APB1PeriphClockCmd  stm32f10x_rcc.o
    0x08005498   0x00000020   Code   RO         2450    i.RCC_APB1PeriphResetCmd  stm32f10x_rcc.o
    0x080054b8   0x00000020   Code   RO         2451    i.RCC_APB2PeriphClockCmd  stm32f10x_rcc.o
    0x080054d8   0x00000020   Code   RO         2452    i.RCC_APB2PeriphResetCmd  stm32f10x_rcc.o
    0x080054f8   0x00000036   Code   RO            7    i.RCC_Configuration  app.o
    0x0800552e   0x00000002   PAD
    0x08005530   0x0000004c   Code   RO         2458    i.RCC_DeInit        stm32f10x_rcc.o
    0x0800557c   0x000000d4   Code   RO         2459    i.RCC_GetClocksFreq  stm32f10x_rcc.o
    0x08005650   0x0000003c   Code   RO         2460    i.RCC_GetFlagStatus  stm32f10x_rcc.o
    0x0800568c   0x00000010   Code   RO         2462    i.RCC_GetSYSCLKSource  stm32f10x_rcc.o
    0x0800569c   0x00000018   Code   RO         2463    i.RCC_HCLKConfig    stm32f10x_rcc.o
    0x080056b4   0x0000004c   Code   RO         2464    i.RCC_HSEConfig     stm32f10x_rcc.o
    0x08005700   0x00000018   Code   RO         2470    i.RCC_PCLK1Config   stm32f10x_rcc.o
    0x08005718   0x00000018   Code   RO         2471    i.RCC_PCLK2Config   stm32f10x_rcc.o
    0x08005730   0x0000000c   Code   RO         2472    i.RCC_PLLCmd        stm32f10x_rcc.o
    0x0800573c   0x0000001c   Code   RO         2473    i.RCC_PLLConfig     stm32f10x_rcc.o
    0x08005758   0x00000018   Code   RO         2476    i.RCC_SYSCLKConfig  stm32f10x_rcc.o
    0x08005770   0x00000038   Code   RO         2478    i.RCC_WaitForHSEStartUp  stm32f10x_rcc.o
    0x080057a8   0x00000110   Code   RO          417    i.Read_FloorHeat    usart.o
    0x080058b8   0x0000042c   Code   RO          753    i.SCI_RecData       rs232.o
    0x08005ce4   0x00000100   Code   RO          754    i.SCI_SendByte      rs232.o
    0x08005de4   0x00000ad0   Code   RO          755    i.SCI_SendData      rs232.o
    0x080068b4   0x00000018   Code   RO         2934    i.SPI_Cmd           stm32f10x_spi.o
    0x080068cc   0x0000003c   Code   RO         2947    i.SPI_Init          stm32f10x_spi.o
    0x08006908   0x00000022   Code   RO          577    i.SPI_WriteByte     lcd.o
    0x0800692a   0x00000002   Code   RO          331    i.SVC_Handler       stm32f10x_it.o
    0x0800692c   0x000000e8   Code   RO          578    i.Show_ICO          lcd.o
    0x08006a14   0x0000005c   Code   RO          579    i.Show_Logo         lcd.o
    0x08006a70   0x00000094   Code   RO          580    i.Show_Pig          lcd.o
    0x08006b04   0x000000d8   Code   RO          860    i.Show_Ver          tftled_ref.o
    0x08006bdc   0x00000028   Code   RO          952    i.SysTick_CLKSourceConfig  misc.o
    0x08006c04   0x0000006c   Code   RO            8    i.SysTick_Configuration  app.o
    0x08006c70   0x00000008   Code   RO          332    i.SysTick_Handler   stm32f10x_it.o
    0x08006c78   0x00000054   Code   RO            9    i.TFTSPI_Init       app.o
    0x08006ccc   0x00000058   Code   RO          861    i.TFT_Clear         tftled_ref.o
    0x08006d24   0x0000025e   Code   RO          862    i.TFT_DISP_Num      tftled_ref.o
    0x08006f82   0x00000002   PAD
    0x08006f84   0x000009d8   Code   RO          863    i.TFT_Refresh       tftled_ref.o
    0x0800795c   0x00000160   Code   RO          864    i.TFT_TST_Num       tftled_ref.o
    0x08007abc   0x00000370   Code   RO          243    i.Timer2S_OUT       app_task.o
    0x08007e2c   0x00000060   Code   RO          244    i.Timer50MS_OUT     app_task.o
    0x08007e8c   0x00000014   Code   RO          245    i.Timer_LEDBout     app_task.o
    0x08007ea0   0x00000064   Code   RO          418    i.USART1_IRQHandler  usart.o
    0x08007f04   0x0000007c   Code   RO          419    i.USART3_IRQHandler  usart.o
    0x08007f80   0x00000012   Code   RO         3621    i.USART_ClearFlag   stm32f10x_usart.o
    0x08007f92   0x0000001e   Code   RO         3622    i.USART_ClearITPendingBit  stm32f10x_usart.o
    0x08007fb0   0x00000018   Code   RO         3625    i.USART_Cmd         stm32f10x_usart.o
    0x08007fc8   0x0000003c   Code   RO          420    i.USART_Config      usart.o
    0x08008004   0x0000001a   Code   RO         3628    i.USART_GetFlagStatus  stm32f10x_usart.o
    0x0800801e   0x00000054   Code   RO         3629    i.USART_GetITStatus  stm32f10x_usart.o
    0x08008072   0x0000004a   Code   RO         3631    i.USART_ITConfig    stm32f10x_usart.o
    0x080080bc   0x000000d8   Code   RO         3632    i.USART_Init        stm32f10x_usart.o
    0x08008194   0x00000008   Code   RO         3642    i.USART_SendData    stm32f10x_usart.o
    0x0800819c   0x00000022   Code   RO          421    i.Uart_NVIC_Configuration  usart.o
    0x080081be   0x00000004   Code   RO          333    i.UsageFault_Handler  stm32f10x_it.o
    0x080081c2   0x00000002   PAD
    0x080081c4   0x0000004c   Code   RO         4305    i.__rt_ffs          kservice.o
    0x08008210   0x0000003a   Code   RO         5379    i._pin_control      pin.o
    0x0800824a   0x00000044   Code   RO         5380    i._pin_read         pin.o
    0x0800828e   0x00000044   Code   RO         5381    i._pin_write        pin.o
    0x080082d2   0x0000003c   Code   RO         4638    i._rt_scheduler_stack_check  scheduler.o
    0x0800830e   0x00000002   PAD
    0x08008310   0x00000098   Code   RO         4722    i._rt_thread_init   thread.o
    0x080083a8   0x00000042   Code   RO         4836    i._rt_timer_init    timer.o
    0x080083ea   0x0000002e   Code   RO         4837    i._rt_timer_remove  timer.o
    0x08008418   0x00000078   Code   RO         5301    i._serial_dma_rx    serial.o
    0x08008490   0x0000005c   Code   RO         5302    i._serial_dma_tx    serial.o
    0x080084ec   0x00000088   Code   RO         5303    i._serial_int_rx    serial.o
    0x08008574   0x00000060   Code   RO         5304    i._serial_int_tx    serial.o
    0x080085d4   0x00000044   Code   RO         5305    i._serial_poll_rx   serial.o
    0x08008618   0x0000004e   Code   RO         5306    i._serial_poll_tx   serial.o
    0x08008666   0x00000024   Code   RO          422    i.checksum          usart.o
    0x0800868a   0x00000002   PAD
    0x0800868c   0x000000c4   Code   RO         3914    i.cpu_usage_idle_hook  cpuusage.o
    0x08008750   0x00000010   Code   RO         3915    i.cpu_usage_init    cpuusage.o
    0x08008760   0x00000020   Code   RO          424    i.debug_uart_sendbyte  usart.o
    0x08008780   0x0000001c   Code   RO          581    i.delay_ms          lcd.o
    0x0800879c   0x00000028   Code   RO         5562    i.eMBFuncReportSlaveID  mbfuncother.o
    0x080087c4   0x00000028   Code   RO         5860    i.eMBMasterEnable   mb_m.o
    0x080087ec   0x00000098   Code   RO         6084    i.eMBMasterFuncReadCoils  mbfunccoils_m.o
    0x08008884   0x00000096   Code   RO         6144    i.eMBMasterFuncReadDiscreteInputs  mbfuncdisc_m.o
    0x0800891a   0x00000074   Code   RO         6030    i.eMBMasterFuncReadHoldingRegister  mbfuncholding_m.o
    0x0800898e   0x00000072   Code   RO         6126    i.eMBMasterFuncReadInputRegister  mbfuncinput_m.o
    0x08008a00   0x000000a4   Code   RO         6031    i.eMBMasterFuncReadWriteMultipleHoldingRegister  mbfuncholding_m.o
    0x08008aa4   0x00000070   Code   RO         6085    i.eMBMasterFuncWriteCoil  mbfunccoils_m.o
    0x08008b14   0x00000042   Code   RO         6032    i.eMBMasterFuncWriteHoldingRegister  mbfuncholding_m.o
    0x08008b56   0x00000096   Code   RO         6086    i.eMBMasterFuncWriteMultipleCoils  mbfunccoils_m.o
    0x08008bec   0x00000072   Code   RO         6033    i.eMBMasterFuncWriteMultipleHoldingRegister  mbfuncholding_m.o
    0x08008c5e   0x00000002   PAD
    0x08008c60   0x0000000c   Code   RO         5861    i.eMBMasterGetErrorType  mb_m.o
    0x08008c6c   0x000000bc   Code   RO         5862    i.eMBMasterInit     mb_m.o
    0x08008d28   0x000001f0   Code   RO         5863    i.eMBMasterPoll     mb_m.o
    0x08008f18   0x00000058   Code   RO         5937    i.eMBMasterRTUInit  mbrtu_m.o
    0x08008f70   0x00000050   Code   RO         5938    i.eMBMasterRTUReceive  mbrtu_m.o
    0x08008fc0   0x00000098   Code   RO         5939    i.eMBMasterRTUSend  mbrtu_m.o
    0x08009058   0x00000024   Code   RO         5940    i.eMBMasterRTUStart  mbrtu_m.o
    0x0800907c   0x00000018   Code   RO         5941    i.eMBMasterRTUStop  mbrtu_m.o
    0x08009094   0x00000144   Code   RO         6345    i.eMBMasterRegCoilsCB  user_mb_app_m.o
    0x080091d8   0x000000d4   Code   RO         6346    i.eMBMasterRegDiscreteCB  user_mb_app_m.o
    0x080092ac   0x000000b4   Code   RO         6347    i.eMBMasterRegHoldingCB  user_mb_app_m.o
    0x08009360   0x0000007c   Code   RO         6348    i.eMBMasterRegInputCB  user_mb_app_m.o
    0x080093dc   0x00000066   Code   RO         6034    i.eMBMasterReqReadHoldingRegister  mbfuncholding_m.o
    0x08009442   0x000000a8   Code   RO         6037    i.eMBMasterReqWriteMultipleHoldingRegister  mbfuncholding_m.o
    0x080094ea   0x00000002   PAD
    0x080094ec   0x00000048   Code   RO         6162    i.eMBMasterWaitRequestFinish  portevent_m.o
    0x08009534   0x00000018   Code   RO          525    i.get_pin           gpio.o
    0x0800954c   0x00000018   Code   RO           11    i.main              app.o
    0x08009564   0x000000bc   Code   RO         4457    i.plug_holes        mem.o
    0x08009620   0x00000022   Code   RO         5583    i.prveMBError2Exception  mbutils.o
    0x08009642   0x00000002   PAD
    0x08009644   0x00000010   Code   RO         6297    i.prvvTIMERExpiredISR  porttimer_m.o
    0x08009654   0x00000010   Code   RO         6236    i.prvvUARTRxISR     portserial_m.o
    0x08009664   0x00000010   Code   RO         6237    i.prvvUARTTxReadyISR  portserial_m.o
    0x08009674   0x00000200   Code   RO          246    i.rt_application_init  app_task.o
    0x08009874   0x00000052   Code   RO         4950    i.rt_completion_done  completion.o
    0x080098c6   0x00000030   Code   RO         4951    i.rt_completion_init  completion.o
    0x080098f6   0x000000d4   Code   RO         4952    i.rt_completion_wait  completion.o
    0x080099ca   0x00000050   Code   RO         4982    i.rt_data_queue_init  dataqueue.o
    0x08009a1a   0x00000062   Code   RO         4983    i.rt_data_queue_peak  dataqueue.o
    0x08009a7c   0x00000166   Code   RO         4984    i.rt_data_queue_pop  dataqueue.o
    0x08009be2   0x0000011a   Code   RO         4985    i.rt_data_queue_push  dataqueue.o
    0x08009cfc   0x00000050   Code   RO         3940    i.rt_device_find    device.o
    0x08009d4c   0x00000044   Code   RO         3942    i.rt_device_init_all  device.o
    0x08009d90   0x00000094   Code   RO         3943    i.rt_device_open    device.o
    0x08009e24   0x00000050   Code   RO         5382    i.rt_device_pin_register  pin.o
    0x08009e74   0x00000034   Code   RO         3945    i.rt_device_register  device.o
    0x08009ea8   0x0000004e   Code   RO         3949    i.rt_device_write   device.o
    0x08009ef6   0x00000002   PAD
    0x08009ef8   0x00000020   Code   RO         4640    i.rt_enter_critical  scheduler.o
    0x08009f18   0x00000032   Code   RO         4062    i.rt_event_init     ipc.o
    0x08009f4a   0x00000002   PAD
    0x08009f4c   0x0000016c   Code   RO         4063    i.rt_event_recv     ipc.o
    0x0800a0b8   0x000000dc   Code   RO         4064    i.rt_event_send     ipc.o
    0x0800a194   0x0000003c   Code   RO         4641    i.rt_exit_critical  scheduler.o
    0x0800a1d0   0x00000118   Code   RO         4459    i.rt_free           mem.o
    0x0800a2e8   0x00000010   Code   RO           12    i.rt_hw_board_init  app.o
    0x0800a2f8   0x00000024   Code   RO          380    i.rt_hw_hard_fault_exception  cpuport.o
    0x0800a31c   0x0000014a   Code   RO         5307    i.rt_hw_serial_isr  serial.o
    0x0800a466   0x00000002   PAD
    0x0800a468   0x0000006c   Code   RO         5308    i.rt_hw_serial_register  serial.o
    0x0800a4d4   0x0000004c   Code   RO          381    i.rt_hw_stack_init  cpuport.o
    0x0800a520   0x00000010   Code   RO           13    i.rt_hw_timer_handler  app.o
    0x0800a530   0x00000024   Code   RO         4278    i.rt_interrupt_enter  irq.o
    0x0800a554   0x0000000c   Code   RO         4279    i.rt_interrupt_get_nest  irq.o
    0x0800a560   0x00000024   Code   RO         4280    i.rt_interrupt_leave  irq.o
    0x0800a584   0x00000018   Code   RO         4065    i.rt_ipc_list_resume  ipc.o
    0x0800a59c   0x0000006c   Code   RO         4067    i.rt_ipc_list_suspend  ipc.o
    0x0800a608   0x00000010   Code   RO         4068    i.rt_ipc_object_init  ipc.o
    0x0800a618   0x00000006   Code   RO         4642    i.rt_list_init      scheduler.o
    0x0800a61e   0x00000006   Code   RO         4838    i.rt_list_init      timer.o
    0x0800a624   0x00000006   Code   RO         4987    i.rt_list_init      dataqueue.o
    0x0800a62a   0x0000000e   Code   RO         4537    i.rt_list_insert_after  object.o
    0x0800a638   0x0000000e   Code   RO         4723    i.rt_list_insert_after  thread.o
    0x0800a646   0x0000000e   Code   RO         4839    i.rt_list_insert_after  timer.o
    0x0800a654   0x0000000e   Code   RO         4069    i.rt_list_insert_before  ipc.o
    0x0800a662   0x0000000e   Code   RO         4988    i.rt_list_insert_before  dataqueue.o
    0x0800a670   0x00000010   Code   RO         4017    i.rt_list_isempty   idle.o
    0x0800a680   0x00000010   Code   RO         4070    i.rt_list_isempty   ipc.o
    0x0800a690   0x00000010   Code   RO         4840    i.rt_list_isempty   timer.o
    0x0800a6a0   0x00000010   Code   RO         4953    i.rt_list_isempty   completion.o
    0x0800a6b0   0x00000010   Code   RO         4989    i.rt_list_isempty   dataqueue.o
    0x0800a6c0   0x00000012   Code   RO         4538    i.rt_list_remove    object.o
    0x0800a6d2   0x00000012   Code   RO         4724    i.rt_list_remove    thread.o
    0x0800a6e4   0x00000230   Code   RO         4461    i.rt_malloc         mem.o
    0x0800a914   0x00000048   Code   RO         4314    i.rt_memset         kservice.o
    0x0800a95c   0x00000088   Code   RO         4539    i.rt_object_allocate  object.o
    0x0800a9e4   0x00000060   Code   RO         4541    i.rt_object_delete  object.o
    0x0800aa44   0x00000044   Code   RO         4542    i.rt_object_detach  object.o
    0x0800aa88   0x00000054   Code   RO         4546    i.rt_object_init    object.o
    0x0800aadc   0x00000026   Code   RO         4547    i.rt_object_is_systemobject  object.o
    0x0800ab02   0x00000002   PAD
    0x0800ab04   0x0000001c   Code   RO         5383    i.rt_pin_mode       pin.o
    0x0800ab20   0x0000001c   Code   RO         5385    i.rt_pin_write      pin.o
    0x0800ab3c   0x000000a4   Code   RO         4643    i.rt_schedule       scheduler.o
    0x0800abe0   0x00000060   Code   RO         4644    i.rt_schedule_insert_thread  scheduler.o
    0x0800ac40   0x0000006c   Code   RO         4645    i.rt_schedule_remove_thread  scheduler.o
    0x0800acac   0x00000034   Code   RO         4090    i.rt_sem_init       ipc.o
    0x0800ace0   0x00000054   Code   RO         4091    i.rt_sem_release    ipc.o
    0x0800ad34   0x00000114   Code   RO         4092    i.rt_sem_take       ipc.o
    0x0800ae48   0x00000104   Code   RO         5309    i.rt_serial_close   serial.o
    0x0800af4c   0x0000005e   Code   RO         5310    i.rt_serial_control  serial.o
    0x0800afaa   0x00000038   Code   RO         5311    i.rt_serial_init    serial.o
    0x0800afe2   0x00000184   Code   RO         5312    i.rt_serial_open    serial.o
    0x0800b166   0x0000005c   Code   RO         5313    i.rt_serial_read    serial.o
    0x0800b1c2   0x0000005c   Code   RO         5314    i.rt_serial_write   serial.o
    0x0800b21e   0x00000002   PAD
    0x0800b220   0x00000028   Code   RO         4315    i.rt_set_errno      kservice.o
    0x0800b248   0x00000028   Code   RO         4323    i.rt_strncmp        kservice.o
    0x0800b270   0x00000034   Code   RO         4324    i.rt_strncpy        kservice.o
    0x0800b2a4   0x000000d8   Code   RO         4465    i.rt_system_heap_init  mem.o
    0x0800b37c   0x00000002   Code   RO         4551    i.rt_system_object_init  object.o
    0x0800b37e   0x00000002   PAD
    0x0800b380   0x00000050   Code   RO         4647    i.rt_system_scheduler_init  scheduler.o
    0x0800b3d0   0x00000030   Code   RO         4648    i.rt_system_scheduler_start  scheduler.o
    0x0800b400   0x00000002   Code   RO         3875    i.rt_system_tick_init  clock.o
    0x0800b402   0x00000002   PAD
    0x0800b404   0x0000001c   Code   RO         4841    i.rt_system_timer_init  timer.o
    0x0800b420   0x00000002   Code   RO         4842    i.rt_system_timer_thread_init  timer.o
    0x0800b422   0x0000000c   Code   RO         4727    i.rt_thread_delay   thread.o
    0x0800b42e   0x00000002   PAD
    0x0800b430   0x00000058   Code   RO         4730    i.rt_thread_exit    thread.o
    0x0800b488   0x00000018   Code   RO         4018    i.rt_thread_idle_entry  idle.o
    0x0800b4a0   0x000000a4   Code   RO         4019    i.rt_thread_idle_excute  idle.o
    0x0800b544   0x0000003c   Code   RO         4020    i.rt_thread_idle_init  idle.o
    0x0800b580   0x0000000c   Code   RO         4021    i.rt_thread_idle_sethook  idle.o
    0x0800b58c   0x00000056   Code   RO         4732    i.rt_thread_init    thread.o
    0x0800b5e2   0x00000052   Code   RO         4733    i.rt_thread_resume  thread.o
    0x0800b634   0x0000000c   Code   RO         4734    i.rt_thread_self    thread.o
    0x0800b640   0x00000058   Code   RO         4735    i.rt_thread_sleep   thread.o
    0x0800b698   0x0000005c   Code   RO         4736    i.rt_thread_startup  thread.o
    0x0800b6f4   0x00000050   Code   RO         4737    i.rt_thread_suspend  thread.o
    0x0800b744   0x0000004a   Code   RO         4738    i.rt_thread_timeout  thread.o
    0x0800b78e   0x00000002   PAD
    0x0800b790   0x00000060   Code   RO         4739    i.rt_thread_yield   thread.o
    0x0800b7f0   0x0000000c   Code   RO         3877    i.rt_tick_get       clock.o
    0x0800b7fc   0x00000030   Code   RO         3878    i.rt_tick_increase  clock.o
    0x0800b82c   0x0000009c   Code   RO         4843    i.rt_timer_check    timer.o
    0x0800b8c8   0x0000004c   Code   RO         4844    i.rt_timer_control  timer.o
    0x0800b914   0x00000036   Code   RO         4845    i.rt_timer_create   timer.o
    0x0800b94a   0x00000032   Code   RO         4847    i.rt_timer_detach   timer.o
    0x0800b97c   0x00000040   Code   RO         4848    i.rt_timer_init     timer.o
    0x0800b9bc   0x00000148   Code   RO         4851    i.rt_timer_start    timer.o
    0x0800bb04   0x00000058   Code   RO         4852    i.rt_timer_stop     timer.o
    0x0800bb5c   0x00000040   Code   RO          247    i.rtthread_startup  app_task.o
    0x0800bb9c   0x0000000e   Code   RO         6238    i.serial_rx_ind     portserial_m.o
    0x0800bbaa   0x00000002   PAD
    0x0800bbac   0x00000020   Code   RO         6239    i.serial_soft_trans_irq  portserial_m.o
    0x0800bbcc   0x000000cc   Code   RO          425    i.stm32_configure   usart.o
    0x0800bc98   0x0000007c   Code   RO          426    i.stm32_control     usart.o
    0x0800bd14   0x0000002e   Code   RO          427    i.stm32_getc        usart.o
    0x0800bd42   0x00000002   PAD
    0x0800bd44   0x00000018   Code   RO          526    i.stm32_hw_pin_init  gpio.o
    0x0800bd5c   0x000000a4   Code   RO          428    i.stm32_hw_usart_init  usart.o
    0x0800be00   0x0000005e   Code   RO          527    i.stm32_pin_mode    gpio.o
    0x0800be5e   0x00000030   Code   RO          528    i.stm32_pin_read    gpio.o
    0x0800be8e   0x00000034   Code   RO          529    i.stm32_pin_write   gpio.o
    0x0800bec2   0x00000030   Code   RO          429    i.stm32_putc        usart.o
    0x0800bef2   0x00000002   PAD
    0x0800bef4   0x00000224   Code   RO          248    i.thread_entry_ADC  app_task.o
    0x0800c118   0x00000414   Code   RO          249    i.thread_entry_CANCOMM  app_task.o
    0x0800c52c   0x0000002c   Code   RO          250    i.thread_entry_ModbusMasterPoll  app_task.o
    0x0800c558   0x00000788   Code   RO          251    i.thread_entry_RS232COMM  app_task.o
    0x0800cce0   0x00000b0c   Code   RO          252    i.thread_entry_SysMonitor  app_task.o
    0x0800d7ec   0x0000015c   Code   RO          253    i.thread_entry_TFTdisplay  app_task.o
    0x0800d948   0x0000000c   Code   RO         5864    i.ucMBMasterGetDestAddress  mb_m.o
    0x0800d954   0x00000038   Code   RO         5607    i.usMBCRC16         mbcrc.o
    0x0800d98c   0x0000000c   Code   RO         5942    i.usMBMasterGetPDUSndLength  mbrtu_m.o
    0x0800d998   0x00000010   Code   RO         6163    i.vMBMasterCBRequestScuuess  portevent_m.o
    0x0800d9a8   0x00000018   Code   RO         6164    i.vMBMasterErrorCBExecuteFunction  portevent_m.o
    0x0800d9c0   0x00000018   Code   RO         6165    i.vMBMasterErrorCBReceiveData  portevent_m.o
    0x0800d9d8   0x00000018   Code   RO         6166    i.vMBMasterErrorCBRespondTimeout  portevent_m.o
    0x0800d9f0   0x0000000c   Code   RO         5943    i.vMBMasterGetPDUSndBuf  mbrtu_m.o
    0x0800d9fc   0x00000020   Code   RO         6167    i.vMBMasterOsResInit  portevent_m.o
    0x0800da1c   0x00000068   Code   RO         6241    i.vMBMasterPortSerialEnable  portserial_m.o
    0x0800da84   0x00000024   Code   RO         6298    i.vMBMasterPortTimersConvertDelayEnable  porttimer_m.o
    0x0800daa8   0x00000010   Code   RO         6299    i.vMBMasterPortTimersDisable  porttimer_m.o
    0x0800dab8   0x00000024   Code   RO         6300    i.vMBMasterPortTimersRespondTimeoutEnable  porttimer_m.o
    0x0800dadc   0x00000034   Code   RO         6301    i.vMBMasterPortTimersT35Enable  porttimer_m.o
    0x0800db10   0x00000010   Code   RO         6168    i.vMBMasterRunResRelease  portevent_m.o
    0x0800db20   0x0000000c   Code   RO         5865    i.vMBMasterSetCBRunInMasterMode  mb_m.o
    0x0800db2c   0x0000000c   Code   RO         5945    i.vMBMasterSetCurTimerMode  mbrtu_m.o
    0x0800db38   0x0000000c   Code   RO         5866    i.vMBMasterSetDestAddress  mb_m.o
    0x0800db44   0x0000000c   Code   RO         5867    i.vMBMasterSetErrorType  mb_m.o
    0x0800db50   0x0000000c   Code   RO         5946    i.vMBMasterSetPDUSndLength  mbrtu_m.o
    0x0800db5c   0x00000060   Code   RO         6169    i.xMBMasterPortEventGet  portevent_m.o
    0x0800dbbc   0x00000024   Code   RO         6170    i.xMBMasterPortEventInit  portevent_m.o
    0x0800dbe0   0x00000014   Code   RO         6171    i.xMBMasterPortEventPost  portevent_m.o
    0x0800dbf4   0x00000020   Code   RO         6242    i.xMBMasterPortSerialGetByte  portserial_m.o
    0x0800dc14   0x00000170   Code   RO         6243    i.xMBMasterPortSerialInit  portserial_m.o
    0x0800dd84   0x0000001c   Code   RO         6244    i.xMBMasterPortSerialPutByte  portserial_m.o
    0x0800dda0   0x00000048   Code   RO         6302    i.xMBMasterPortTimersInit  porttimer_m.o
    0x0800dde8   0x00000094   Code   RO         5947    i.xMBMasterRTUReceiveFSM  mbrtu_m.o
    0x0800de7c   0x00000094   Code   RO         5948    i.xMBMasterRTUTimerExpired  mbrtu_m.o
    0x0800df10   0x0000008c   Code   RO         5949    i.xMBMasterRTUTransmitFSM  mbrtu_m.o
    0x0800df9c   0x0000000c   Code   RO         5950    i.xMBMasterRequestIsBroadcast  mbrtu_m.o
    0x0800dfa8   0x0000001c   Code   RO         6172    i.xMBMasterRunResTake  portevent_m.o
    0x0800dfc4   0x0000002a   Code   RO         5584    i.xMBUtilGetBits    mbutils.o
    0x0800dfee   0x00000060   Code   RO         5585    i.xMBUtilSetBits    mbutils.o
    0x0800e04e   0x00000002   PAD
    0x0800e050   0x0000003e   Code   RO         6394    x$fpl$ffixu         fz_ws.l(ffixu.o)
    0x0800e08e   0x00000002   PAD
    0x0800e090   0x00000102   Code   RO         6398    x$fpl$fmul          fz_ws.l(fmul.o)
    0x0800e192   0x0000008c   Code   RO         6401    x$fpl$fnaninf       fz_ws.l(fnaninf.o)
    0x0800e21e   0x0000000a   Code   RO         6403    x$fpl$fretinf       fz_ws.l(fretinf.o)
    0x0800e228   0x00000000   Code   RO         6405    x$fpl$usenofp       fz_ws.l(usenofp.o)
    0x0800e228   0x0000001c   Data   RO          431    .constdata          usart.o
    0x0800e244   0x0000002c   Data   RO          530    .constdata          gpio.o
    0x0800e270   0x00008bd4   Data   RO          584    .constdata          lcd.o
    0x08016e44   0x00000010   Data   RO          708    .constdata          vars.o
    0x08016e54   0x00000100   Data   RO          756    .constdata          rs232.o
    0x08016f54   0x00000122   Data   RO         4329    .constdata          kservice.o
    0x08017076   0x00000200   Data   RO         5608    .constdata          mbcrc.o
    0x08017276   0x00000002   PAD
    0x08017278   0x00000020   Data   RO         6557    Region$$Table       anon$$obj.o


    Execution Region RW_IRAM1 (Base: 0x20000000, Size: 0x00004be0, Max: 0x00005000, ABSOLUTE, COMPRESSED[0x0000013c])

    Base Addr    Size         Type   Attr      Idx    E Section Name        Object

    0x20000000   0x00000013   Data   RW          255    .data               app_task.o
    0x20000013   0x00000001   PAD
    0x20000014   0x00000010   Data   RW          382    .data               cpuport.o
    0x20000024   0x00000010   Data   RW          432    .data               usart.o
    0x20000034   0x00000004   Data   RW          585    .data               lcd.o
    0x20000038   0x000002a0   Data   RW          709    .data               vars.o
    0x200002d8   0x00000015   Data   RW          757    .data               rs232.o
    0x200002ed   0x00000014   Data   RW         2479    .data               stm32f10x_rcc.o
    0x20000301   0x00000003   PAD
    0x20000304   0x00000004   Data   RW         3880    .data               clock.o
    0x20000308   0x00000008   Data   RW         3916    .data               cpuusage.o
    0x20000310   0x00000004   Data   RW         4023    .data               idle.o
    0x20000314   0x00000001   Data   RW         4281    .data               irq.o
    0x20000315   0x00000003   PAD
    0x20000318   0x00000004   Data   RW         4330    .data               kservice.o
    0x2000031c   0x00000020   Data   RW         4467    .data               mem.o
    0x2000033c   0x00000084   Data   RW         4552    .data               object.o
    0x200003c0   0x0000001c   Data   RW         4650    .data               scheduler.o
    0x200003dc   0x00000010   Data   RW         4854    .data               timer.o
    0x200003ec   0x00000002   Data   RW         5565    .data               mbfuncother.o
    0x200003ee   0x00000002   PAD
    0x200003f0   0x00000004   Data   RW         5684    .data               port.o
    0x200003f4   0x000000f5   Data   RW         5869    .data               mb_m.o
    0x200004e9   0x00000003   PAD
    0x200004ec   0x0000000e   Data   RW         5952    .data               mbrtu_m.o
    0x200004fa   0x00000002   PAD
    0x200004fc   0x00000004   Data   RW         6246    .data               portserial_m.o
    0x20000500   0x00000002   Data   RW         6304    .data               porttimer_m.o
    0x20000502   0x00000008   Data   RW         6350    .data               user_mb_app_m.o
    0x2000050a   0x00000006   PAD
    0x20000510   0x00001140   Zero   RW          254    .bss                app_task.o
    0x20001650   0x000000c8   Zero   RW          430    .bss                usart.o
    0x20001718   0x0000000a   Zero   RW          583    .bss                lcd.o
    0x20001722   0x00000006   PAD
    0x20001728   0x0000011c   Zero   RW          707    .bss                vars.o
    0x20001844   0x00000004   PAD
    0x20001848   0x000001a0   Zero   RW         4022    .bss                idle.o
    0x200019e8   0x00000030   Zero   RW         4466    .bss                mem.o
    0x20001a18   0x00000100   Zero   RW         4649    .bss                scheduler.o
    0x20001b18   0x00000054   Zero   RW         5386    .bss                pin.o
    0x20001b6c   0x00000020   Zero   RW         5564    .bss                mbfuncother.o
    0x20001b8c   0x000001fd   Zero   RW         5951    .bss                mbrtu_m.o
    0x20001d89   0x00000003   PAD
    0x20001d8c   0x00000060   Zero   RW         6173    .bss                portevent_m.o
    0x20001dec   0x00000004   PAD
    0x20001df0   0x000002d0   Zero   RW         6245    .bss                portserial_m.o
    0x200020c0   0x0000003c   Zero   RW         6303    .bss                porttimer_m.o
    0x200020fc   0x00002480   Zero   RW         6349    .bss                user_mb_app_m.o
    0x2000457c   0x00000060   Zero   RW         6432    .bss                c_w.l(libspace.o)
    0x200045dc   0x00000004   PAD
    0x200045e0   0x00000200   Zero   RW         3859    HEAP                startup_stm32f10x_md.o
    0x200047e0   0x00000400   Zero   RW         3858    STACK               startup_stm32f10x_md.o


==============================================================================

Image component sizes


      Code (inc. data)   RO Data    RW Data    ZI Data      Debug   Object Name

       332         18          0          0          0       1207   adc.o
       982         28          0          0          0     301890   app.o
      8312        694          0         19       4416      11634   app_task.o
       384         18          0          0          0       2568   can.o
        62         12          0          4          0       1519   clock.o
       358          0          0          0          0       4079   completion.o
       240         26          0          0          0        796   context_rvds.o
       112         10          0         16          0       2978   cpuport.o
       212         20          0          8          0       1669   cpuusage.o
       854          0          0          0          0       8139   dataqueue.o
       426          8          0          0          0       3956   device.o
       242         14         44          0          0       3450   gpio.o
       276         36          0          4        416       3959   idle.o
      1224         28          0          0          0       8921   ipc.o
        84         18          0          1          0       1914   irq.o
       280         10        290          4          0       5782   kservice.o
      2044        124      35796          4         10      12228   lcd.o
       784        142          0        245          0       7222   mb_m.o
        56          8        512          0          0       1140   mbcrc.o
       414          0          0          0          0       4056   mbfunccoils_m.o
       150          0          0          0          0       1638   mbfuncdisc_m.o
       730          0          0          0          0       7156   mbfuncholding_m.o
       114          0          0          0          0       1625   mbfuncinput_m.o
        40         10          0          2         32       1307   mbfuncother.o
       876        126          0         14        509       8701   mbrtu_m.o
       172          0          0          0          0       2450   mbutils.o
      1244         96          0         32         48       4464   mem.o
       172         20          0          0          0       2136   misc.o
       456         26          0        132          0       6220   object.o
       330         34          0          0         84       4670   pin.o
        32          8          0          4          0       1069   port.o
       388         80          0          0         96       6600   portevent_m.o
       610         98          0          4        720       5218   portserial_m.o
       238         60          0          2         60       3708   porttimer_m.o
      4880        552        256         21          0       9011   rs232.o
       654         96          0         28        256       6850   scheduler.o
      2010         26          0          0          0      12519   serial.o
        56         22        236          0       1536        884   startup_stm32f10x_md.o
       492         24          0          0          0       9182   stm32f10x_adc.o
      1528         38          0          0          0       7613   stm32f10x_can.o
        52         12          0          0          0       1105   stm32f10x_flash.o
       482          6          0          0          0       5689   stm32f10x_gpio.o
        26          0          0          0          0       2845   stm32f10x_it.o
        68         30          0          0          0       2530   stm32f10x_iwdg.o
       784        110          0         20          0      12307   stm32f10x_rcc.o
        84          0          0          0          0       2173   stm32f10x_spi.o
       480          6          0          0          0       6865   stm32f10x_usart.o
      7080        240          0          0          0       8136   tftled_ref.o
       894         38          0          0          0       8675   thread.o
       994         30          0         16          0       9803   timer.o
      1376        112         28         16        200      29052   usart.o
       840         36          0          8       9344       4579   user_mb_app_m.o
      1252        298         16        672        284      15046   vars.o

    ----------------------------------------------------------------------
     47322       3448      37212       1292      18032     600933   Object Totals
         0          0         32          0          0          0   (incl. Generated)
        60          0          2         16         21          0   (incl. Padding)

    ----------------------------------------------------------------------

      Code (inc. data)   RO Data    RW Data    ZI Data      Debug   Library Member Name

        90          0          0          0          0          0   __dczerorl2.o
         8          0          0          0          0         68   __main.o
         0          0          0          0          0          0   __rtentry.o
        12          0          0          0          0          0   __rtentry2.o
         6          0          0          0          0          0   __rtentry4.o
        52          8          0          0          0          0   __scatter.o
        28          0          0          0          0          0   __scatter_zi.o
        12          0          0          0          0         72   exit.o
         6          0          0          0          0        152   heapauxi.o
         0          0          0          0          0          0   indicate_semi.o
         2          0          0          0          0          0   libinit.o
         2          0          0          0          0          0   libinit2.o
         2          0          0          0          0          0   libshutdown.o
         2          0          0          0          0          0   libshutdown2.o
         8          4          0          0         96         68   libspace.o
        78          0          0          0          0         80   rt_memclr_w.o
       138          0          0          0          0         68   rt_memcpy_v6.o
       100          0          0          0          0         80   rt_memcpy_w.o
         2          0          0          0          0          0   rtexit.o
        10          0          0          0          0          0   rtexit2.o
        12          4          0          0          0         68   sys_exit.o
        74          0          0          0          0         80   sys_stackheap_outer.o
         2          0          0          0          0         68   use_no_semi.o
        62          4          0          0          0         84   ffixu.o
       258          4          0          0          0         84   fmul.o
       140          4          0          0          0         84   fnaninf.o
        10          0          0          0          0         68   fretinf.o
         0          0          0          0          0          0   usenofp.o

    ----------------------------------------------------------------------
      1122         28          0          0        100       1124   Library Totals
         6          0          0          0          4          0   (incl. Padding)

    ----------------------------------------------------------------------

      Code (inc. data)   RO Data    RW Data    ZI Data      Debug   Library Name

       646         16          0          0         96        804   c_w.l
       470         12          0          0          0        320   fz_ws.l

    ----------------------------------------------------------------------
      1122         28          0          0        100       1124   Library Totals

    ----------------------------------------------------------------------

==============================================================================


      Code (inc. data)   RO Data    RW Data    ZI Data      Debug   

     48444       3476      37212       1292      18132     584009   Grand Totals
     48444       3476      37212        316      18132     584009   ELF Image Totals (compressed)
     48444       3476      37212        316          0          0   ROM Totals

==============================================================================

    Total RO  Size (Code + RO Data)                85656 (  83.65kB)
    Total RW  Size (RW Data + ZI Data)             19424 (  18.97kB)
    Total ROM Size (Code + RO Data + RW Data)      85972 (  83.96kB)

==============================================================================

