Component: ARM Compiler 5.06 update 2 (build 183) Tool: armlink [4d35b7]

==============================================================================

Section Cross References

    app.o(i.BSP_Init) refers to app.o(i.RCC_Configuration) for RCC_Configuration
    app.o(i.BSP_Init) refers to app.o(i.NVIC_Configuration) for NVIC_Configuration
    app.o(i.BSP_Init) refers to app.o(i.SysTick_Configuration) for SysTick_Configuration
    app.o(i.BSP_Init) refers to app.o(i.GPIO_Configuration) for GPIO_Configuration
    app.o(i.BSP_Init) refers to app.o(i.TFTSPI_Init) for TFTSPI_Init
    app.o(i.BSP_Init) refers to app.o(i.IWDG_Configuration) for IWDG_Configuration
    app.o(i.GPIO_Configuration) refers to stm32f10x_gpio.o(i.GPIO_StructInit) for GPIO_StructInit
    app.o(i.GPIO_Configuration) refers to stm32f10x_gpio.o(i.GPIO_Init) for GPIO_Init
    app.o(i.GPIO_Configuration) refers to stm32f10x_gpio.o(i.GPIO_PinRemapConfig) for GPIO_PinRemapConfig
    app.o(i.GPIO_Configuration) refers to stm32f10x_gpio.o(i.GPIO_SetBits) for GPIO_SetBits
    app.o(i.GPIO_Configuration) refers to stm32f10x_gpio.o(i.GPIO_ResetBits) for GPIO_ResetBits
    app.o(i.IWDG_Configuration) refers to stm32f10x_iwdg.o(i.IWDG_WriteAccessCmd) for IWDG_WriteAccessCmd
    app.o(i.IWDG_Configuration) refers to stm32f10x_iwdg.o(i.IWDG_SetPrescaler) for IWDG_SetPrescaler
    app.o(i.IWDG_Configuration) refers to stm32f10x_iwdg.o(i.IWDG_SetReload) for IWDG_SetReload
    app.o(i.IWDG_Configuration) refers to stm32f10x_iwdg.o(i.IWDG_ReloadCounter) for IWDG_ReloadCounter
    app.o(i.IWDG_Configuration) refers to stm32f10x_iwdg.o(i.IWDG_Enable) for IWDG_Enable
    app.o(i.IWDG_Feed) refers to stm32f10x_iwdg.o(i.IWDG_ReloadCounter) for IWDG_ReloadCounter
    app.o(i.NVIC_Configuration) refers to misc.o(i.NVIC_SetVectorTable) for NVIC_SetVectorTable
    app.o(i.PLL_Configuration) refers to stm32f10x_rcc.o(i.RCC_DeInit) for RCC_DeInit
    app.o(i.PLL_Configuration) refers to stm32f10x_rcc.o(i.RCC_HSEConfig) for RCC_HSEConfig
    app.o(i.PLL_Configuration) refers to stm32f10x_rcc.o(i.RCC_WaitForHSEStartUp) for RCC_WaitForHSEStartUp
    app.o(i.PLL_Configuration) refers to stm32f10x_rcc.o(i.RCC_HCLKConfig) for RCC_HCLKConfig
    app.o(i.PLL_Configuration) refers to stm32f10x_rcc.o(i.RCC_PCLK2Config) for RCC_PCLK2Config
    app.o(i.PLL_Configuration) refers to stm32f10x_rcc.o(i.RCC_PCLK1Config) for RCC_PCLK1Config
    app.o(i.PLL_Configuration) refers to stm32f10x_flash.o(i.FLASH_SetLatency) for FLASH_SetLatency
    app.o(i.PLL_Configuration) refers to stm32f10x_flash.o(i.FLASH_PrefetchBufferCmd) for FLASH_PrefetchBufferCmd
    app.o(i.PLL_Configuration) refers to stm32f10x_rcc.o(i.RCC_PLLConfig) for RCC_PLLConfig
    app.o(i.PLL_Configuration) refers to stm32f10x_rcc.o(i.RCC_PLLCmd) for RCC_PLLCmd
    app.o(i.PLL_Configuration) refers to stm32f10x_rcc.o(i.RCC_GetFlagStatus) for RCC_GetFlagStatus
    app.o(i.PLL_Configuration) refers to stm32f10x_rcc.o(i.RCC_SYSCLKConfig) for RCC_SYSCLKConfig
    app.o(i.PLL_Configuration) refers to stm32f10x_rcc.o(i.RCC_GetSYSCLKSource) for RCC_GetSYSCLKSource
    app.o(i.RCC_Configuration) refers to stm32f10x_rcc.o(i.RCC_APB2PeriphClockCmd) for RCC_APB2PeriphClockCmd
    app.o(i.RCC_Configuration) refers to stm32f10x_rcc.o(i.RCC_APB1PeriphClockCmd) for RCC_APB1PeriphClockCmd
    app.o(i.RCC_Configuration) refers to stm32f10x_rcc.o(i.RCC_ADCCLKConfig) for RCC_ADCCLKConfig
    app.o(i.SysTick_Configuration) refers to stm32f10x_rcc.o(i.RCC_GetClocksFreq) for RCC_GetClocksFreq
    app.o(i.SysTick_Configuration) refers to misc.o(i.SysTick_CLKSourceConfig) for SysTick_CLKSourceConfig
    app.o(i.TFTSPI_Init) refers to stm32f10x_spi.o(i.SPI_Init) for SPI_Init
    app.o(i.TFTSPI_Init) refers to stm32f10x_spi.o(i.SPI_Cmd) for SPI_Cmd
    app.o(i.main) refers to context_rvds.o(.text) for rt_hw_interrupt_disable
    app.o(i.main) refers to app.o(i.PLL_Configuration) for PLL_Configuration
    app.o(i.main) refers to vars.o(i.Init_Vars) for Init_Vars
    app.o(i.main) refers to app_task.o(i.rtthread_startup) for rtthread_startup
    app.o(i.rt_hw_board_init) refers to app.o(i.BSP_Init) for BSP_Init
    app.o(i.rt_hw_board_init) refers to usart.o(i.stm32_hw_usart_init) for stm32_hw_usart_init
    app.o(i.rt_hw_board_init) refers to gpio.o(i.stm32_hw_pin_init) for stm32_hw_pin_init
    app.o(i.rt_hw_timer_handler) refers to irq.o(i.rt_interrupt_enter) for rt_interrupt_enter
    app.o(i.rt_hw_timer_handler) refers to clock.o(i.rt_tick_increase) for rt_tick_increase
    app.o(i.rt_hw_timer_handler) refers to irq.o(i.rt_interrupt_leave) for rt_interrupt_leave
    app_task.o(i.Timer2S_OUT) refers to thread.o(i.rt_thread_suspend) for rt_thread_suspend
    app_task.o(i.Timer2S_OUT) refers to thread.o(i.rt_thread_resume) for rt_thread_resume
    app_task.o(i.Timer2S_OUT) refers to vars.o(.data) for Rs485_threadCount
    app_task.o(i.Timer2S_OUT) refers to app_task.o(.bss) for thread_SysMonitor
[...]
    rt_hw_context_switch_interrupt           0x080025d7   Thumb Code     0  context_rvds.o(.text)
    PendSV_Handler                           0x080025f7   Thumb Code    60  context_rvds.o(.text)
    rt_hw_context_switch_to                  0x08002633   Thumb Code    56  context_rvds.o(.text)
    rt_hw_interrupt_thread_switch            0x0800266b   Thumb Code     4  context_rvds.o(.text)
    HardFault_Handler                        0x0800266f   Thumb Code    48  context_rvds.o(.text)
    Reset_Handler                            0x080026b9   Thumb Code     4  startup_stm32f10x_md.o(.text)
    ADC1_2_IRQHandler                        0x080026cf   Thumb Code     0  startup_stm32f10x_md.o(.text)
    CAN1_RX1_IRQHandler                      0x080026cf   Thumb Code     0  startup_stm32f10x_md.o(.text)
    CAN1_SCE_IRQHandler                      0x080026cf   Thumb Code     0  startup_stm32f10x_md.o(.text)
    DMA1_Channel1_IRQHandler                 0x080026cf   Thumb Code     0  startup_stm32f10x_md.o(.text)
    DMA1_Channel2_IRQHandler                 0x080026cf   Thumb Code     0  startup_stm32f10x_md.o(.text)
    DMA1_Channel3_IRQHandler                 0x080026cf   Thumb Code     0  startup_stm32f10x_md.o(.text)
    DMA1_Channel4_IRQHandler                 0x080026cf   Thumb Code     0  startup_stm32f10x_md.o(.text)
    DMA1_Channel5_IRQHandler                 0x080026cf   Thumb Code     0  startup_stm32f10x_md.o(.text)
    DMA1_Channel6_IRQHandler                 0x080026cf   Thumb Code     0  startup_stm32f10x_md.o(.text)
    DMA1_Channel7_IRQHandler                 0x080026cf   Thumb Code     0  startup_stm32f10x_md.o(.text)
    EXTI0_IRQHandler                         0x080026cf   Thumb Code     0  startup_stm32f10x_md.o(.text)
    EXTI15_10_IRQHandler                     0x080026cf   Thumb Code     0  startup_stm32f10x_md.o(.text)
    EXTI1_IRQHandler                         0x080026cf   Thumb Code     0  startup_stm32f10x_md.o(.text)
    EXTI2_IRQHandler                         0x080026cf   Thumb Code     0  startup_stm32f10x_md.o(.text)
    EXTI3_IRQHandler                         0x080026cf   Thumb Code     0  startup_stm32f10x_md.o(.text)
    EXTI4_IRQHandler                         0x080026cf   Thumb Code     0  startup_stm32f10x_md.o(.text)
    EXTI9_5_IRQHandler                       0x080026cf   Thumb Code     0  startup_stm32f10x_md.o(.text)
    FLASH_IRQHandler                         0x080026cf   Thumb Code     0  startup_stm32f10x_md.o(.text)
    I2C1_ER_IRQHandler                       0x080026cf   Thumb Code     0  startup_stm32f10x_md.o(.text)
    I2C1_EV_IRQHandler                       0x080026cf   Thumb Code     0  startup_stm32f10x_md.o(.text)
    I2C2_ER_IRQHandler                       0x080026cf   Thumb Code     0  startup_stm32f10x_md.o(.text)
    I2C2_EV_IRQHandler                       0x080026cf   Thumb Code     0  startup_stm32f10x_md.o(.text)
    PVD_IRQHandler                           0x080026cf   Thumb Code     0  startup_stm32f10x_md.o(.text)
    RCC_IRQHandler                           0x080026cf   Thumb Code     0  startup_stm32f10x_md.o(.text)
    RTCAlarm_IRQHandler                      0x080026cf   Thumb Code     0  startup_stm32f10x_md.o(.text)
    RTC_IRQHandler                           0x080026cf   Thumb Code     0  startup_stm32f10x_md.o(.text)
    SPI1_IRQHandler                          0x080026cf   Thumb Code     0  startup_stm32f10x_md.o(.text)
    SPI2_IRQHandler                          0x080026cf   Thumb Code     0  startup_stm32f10x_md.o(.text)
    TAMPER_IRQHandler                        0x080026cf   Thumb Code     0  startup_stm32f10x_md.o(.text)
    TIM1_BRK_IRQHandler                      0x080026cf   Thumb Code     0  startup_stm32f10x_md.o(.text)
    TIM1_CC_IRQHandler                       0x080026cf   Thumb Code     0  startup_stm32f10x_md.o(.text)
    TIM1_TRG_COM_IRQHandler                  0x080026cf   Thumb Code     0  startup_stm32f10x_md.o(.text)
    TIM1_UP_IRQHandler                       0x080026cf   Thumb Code     0  startup_stm32f10x_md.o(.text)
    TIM2_IRQHandler                          0x080026cf   Thumb Code     0  startup_stm32f10x_md.o(.text)
    TIM3_IRQHandler                          0x080026cf   Thumb Code     0  startup_stm32f10x_md.o(.text)
    TIM4_IRQHandler                          0x080026cf   Thumb Code     0  startup_stm32f10x_md.o(.text)
    USART2_IRQHandler                        0x080026cf   Thumb Code     0  startup_stm32f10x_md.o(.text)
    USBWakeUp_IRQHandler                     0x080026cf   Thumb Code     0  startup_stm32f10x_md.o(.text)
    USB_HP_CAN1_TX_IRQHandler                0x080026cf   Thumb Code     0  startup_stm32f10x_md.o(.text)
    USB_LP_CAN1_RX0_IRQHandler               0x080026cf   Thumb Code     0  startup_stm32f10x_md.o(.text)
    WWDG_IRQHandler                          0x080026cf   Thumb Code     0  startup_stm32f10x_md.o(.text)
    __user_initial_stackheap                 0x080026d1   Thumb Code     0  startup_stm32f10x_md.o(.text)
    __aeabi_memcpy                           0x080026f1   Thumb Code     0  rt_memcpy_v6.o(.text)
    __rt_memcpy                              0x080026f1   Thumb Code   138  rt_memcpy_v6.o(.text)
    _memcpy_lastbytes                        0x08002757   Thumb Code     0  rt_memcpy_v6.o(.text)
    __aeabi_memclr4                          0x0800277b   Thumb Code     0  rt_memclr_w.o(.text)
    __aeabi_memclr8                          0x0800277b   Thumb Code     0  rt_memclr_w.o(.text)
    __rt_memclr_w                            0x0800277b   Thumb Code    78  rt_memclr_w.o(.text)
    _memset_w                                0x0800277f   Thumb Code     0  rt_memclr_w.o(.text)
    __use_two_region_memory                  0x080027c9   Thumb Code     2  heapauxi.o(.text)
    __rt_heap_escrow$2region                 0x080027cb   Thumb Code     2  heapauxi.o(.text)
    __rt_heap_expand$2region                 0x080027cd   Thumb Code     2  heapauxi.o(.text)
    __aeabi_memcpy4                          0x080027cf   Thumb Code     0  rt_memcpy_w.o(.text)
    __aeabi_memcpy8                          0x080027cf   Thumb Code     0  rt_memcpy_w.o(.text)
    __rt_memcpy_w                            0x080027cf   Thumb Code   100  rt_memcpy_w.o(.text)
    _memcpy_lastbytes_aligned                0x08002817   Thumb Code     0  rt_memcpy_w.o(.text)
    __user_setup_stackheap                   0x08002833   Thumb Code    74  sys_stackheap_outer.o(.text)
    exit                                     0x0800287d   Thumb Code    18  exit.o(.text)
    __user_libspace                          0x08002891   Thumb Code     8  libspace.o(.text)
    __user_perproc_libspace                  0x08002891   Thumb Code     0  libspace.o(.text)
    __user_perthread_libspace                0x08002891   Thumb Code     0  libspace.o(.text)
    _sys_exit                                0x08002899   Thumb Code     8  sys_exit.o(.text)
    __I$use$semihosting                      0x080028a5   Thumb Code     0  use_no_semi.o(.text)
    __use_no_semihosting_swi                 0x080028a5   Thumb Code     2  use_no_semi.o(.text)
    ADC_ClearFlag                            0x080028a7   Thumb Code     6  stm32f10x_adc.o(i.ADC_ClearFlag)
    __semihosting_library_function           0x080028a7   Thumb Code     0  indicate_semi.o(.text)
    ADC_Cmd                                  0x080028ad   Thumb Code    22  stm32f10x_adc.o(i.ADC_Cmd)
    ADC_DeInit                               0x080028c5   Thumb Code    78  stm32f10x_adc.o(i.ADC_DeInit)
    ADC_GetCalibrationStatus                 0x08002921   Thumb Code    20  stm32f10x_adc.o(i.ADC_GetCalibrationStatus)
    ADC_GetConversionValue                   0x08002935   Thumb Code     8  stm32f10x_adc.o(i.ADC_GetConversionValue)
    ADC_GetFlagStatus                        0x0800293d   Thumb Code    18  stm32f10x_adc.o(i.ADC_GetFlagStatus)
    ADC_GetResetCalibrationStatus            0x0800294f   Thumb Code    20  stm32f10x_adc.o(i.ADC_GetResetCalibrationStatus)
    ADC_Init                                 0x08002965   Thumb Code    70  stm32f10x_adc.o(i.ADC_Init)
    ADC_RegularChannelConfig                 0x080029b5   Thumb Code   184  stm32f10x_adc.o(i.ADC_RegularChannelConfig)
    ADC_ResetCalibration                     0x08002a6d   Thumb Code    10  stm32f10x_adc.o(i.ADC_ResetCalibration)
    ADC_SoftwareStartConvCmd                 0x08002a77   Thumb Code    22  stm32f10x_adc.o(i.ADC_SoftwareStartConvCmd)
    ADC_StartCalibration                     0x08002a8d   Thumb Code    10  stm32f10x_adc.o(i.ADC_StartCalibration)
    BSP_Init                                 0x08002a97   Thumb Code    28  app.o(i.BSP_Init)
    BusFault_Handler                         0x08002ab3   Thumb Code     4  stm32f10x_it.o(i.BusFault_Handler)
    CAN1_Init                                0x08002ab9   Thumb Code   130  can.o(i.CAN1_Init)
    CAN_ClearFlag                            0x08002b41   Thumb Code    52  stm32f10x_can.o(i.CAN_ClearFlag)
    CAN_DeInit                               0x08002b79   Thumb Code    50  stm32f10x_can.o(i.CAN_DeInit)
    CAN_FilterInit                           0x08002bb1   Thumb Code   258  stm32f10x_can.o(i.CAN_FilterInit)
    CAN_GetFlagStatus                        0x08002cb9   Thumb Code   120  stm32f10x_can.o(i.CAN_GetFlagStatus)
    CAN_Init                                 0x08002d31   Thumb Code   276  stm32f10x_can.o(i.CAN_Init)
    CAN_MessagePending                       0x08002e45   Thumb Code    30  stm32f10x_can.o(i.CAN_MessagePending)
    CAN_Recei_Data                           0x08002e65   Thumb Code   116  can.o(i.CAN_Recei_Data)
    CAN_Receive                              0x08002ee1   Thumb Code   240  stm32f10x_can.o(i.CAN_Receive)
    CAN_StructInit                           0x08002fd1   Thumb Code    32  stm32f10x_can.o(i.CAN_StructInit)
    CAN_Transmit                             0x08002ff1   Thumb Code   294  stm32f10x_can.o(i.CAN_Transmit)
    CAN_TransmitData                         0x08003119   Thumb Code   120  can.o(i.CAN_TransmitData)
    CAN_TransmitStatus                       0x08003195   Thumb Code   138  stm32f10x_can.o(i.CAN_TransmitStatus)
    Change_Sen                               0x08003235   Thumb Code   450  vars.o(i.Change_Sen)
    ColorLED_Refresh                         0x08003429   Thumb Code   270  tftled_ref.o(i.ColorLED_Refresh)
    DebugMon_Handler                         0x0800355d   Thumb Code     2  stm32f10x_it.o(i.DebugMon_Handler)
    Delay_ns                                 0x0800355f   Thumb Code    14  tftled_ref.o(i.Delay_ns)
    EnterCriticalSection                     0x0800356d   Thumb Code    12  port.o(i.EnterCriticalSection)
    ExitCriticalSection                      0x0800357d   Thumb Code    12  port.o(i.ExitCriticalSection)
    FLASH_PrefetchBufferCmd                  0x0800358d   Thumb Code    22  stm32f10x_flash.o(i.FLASH_PrefetchBufferCmd)
    FLASH_SetLatency                         0x080035a9   Thumb Code    18  stm32f10x_flash.o(i.FLASH_SetLatency)
    GPIO_Init                                0x080037a5   Thumb Code   278  stm32f10x_gpio.o(i.GPIO_Init)
    GPIO_PinRemapConfig                      0x080038bd   Thumb Code   138  stm32f10x_gpio.o(i.GPIO_PinRemapConfig)
    GPIO_ReadInputDataBit                    0x0800394d   Thumb Code    18  stm32f10x_gpio.o(i.GPIO_ReadInputDataBit)
    GPIO_ResetBits                           0x0800395f   Thumb Code     4  stm32f10x_gpio.o(i.GPIO_ResetBits)
    GPIO_SetBits                             0x08003963   Thumb Code     4  stm32f10x_gpio.o(i.GPIO_SetBits)
    GPIO_StructInit                          0x08003967   Thumb Code    16  stm32f10x_gpio.o(i.GPIO_StructInit)
    Get_Adc                                  0x08003979   Thumb Code    88  adc.o(i.Get_Adc)
    IWDG_Configuration                       0x080039d5   Thumb Code    34  app.o(i.IWDG_Configuration)
    IWDG_Enable                              0x080039f9   Thumb Code    10  stm32f10x_iwdg.o(i.IWDG_Enable)
    IWDG_Feed                                0x08003a09   Thumb Code     8  app.o(i.IWDG_Feed)
    IWDG_ReloadCounter                       0x08003a11   Thumb Code    10  stm32f10x_iwdg.o(i.IWDG_ReloadCounter)
    IWDG_SetPrescaler                        0x08003a21   Thumb Code     6  stm32f10x_iwdg.o(i.IWDG_SetPrescaler)
    IWDG_SetReload                           0x08003a2d   Thumb Code     6  stm32f10x_iwdg.o(i.IWDG_SetReload)
    IWDG_WriteAccessCmd                      0x08003a39   Thumb Code     6  stm32f10x_iwdg.o(i.IWDG_WriteAccessCmd)
    Init_Vars                                0x08003a45   Thumb Code   376  vars.o(i.Init_Vars)
    LCD_Init                                 0x08003cb1   Thumb Code   628  lcd.o(i.LCD_Init)
    LCD_SetCursor                            0x08003f2d   Thumb Code    48  lcd.o(i.LCD_SetCursor)
    LCD_WR_DATA                              0x08003f61   Thumb Code    52  lcd.o(i.LCD_WR_DATA)
    LCD_WR_DATA8                             0x08003fa1   Thumb Code    44  lcd.o(i.LCD_WR_DATA8)
    LCD_WR_REG                               0x08003fd9   Thumb Code    44  lcd.o(i.LCD_WR_REG)
    LCD_WriteRAM_Prepare                     0x08004011   Thumb Code    12  lcd.o(i.LCD_WriteRAM_Prepare)
    LED_D12                                  0x08004021   Thumb Code   106  tftled_ref.o(i.LED_D12)
    LIN_EndOfFrame                           0x08004095   Thumb Code    26  rs232.o(i.LIN_EndOfFrame)
    LIN_FrameError                           0x080040b9   Thumb Code    18  rs232.o(i.LIN_FrameError)
    LIN_GetMsgLength                         0x080040d1   Thumb Code    80  rs232.o(i.LIN_GetMsgLength)
    LIN_RxCompleted                          0x08004129   Thumb Code   468  rs232.o(i.LIN_RxCompleted)
    LIN_StaClr                               0x0800431d   Thumb Code    28  rs232.o(i.LIN_StaClr)
    LinMemCopy                               0x0800434d   Thumb Code    16  rs232.o(i.LinMemCopy)
    MemManage_Handler                        0x0800435d   Thumb Code     4  stm32f10x_it.o(i.MemManage_Handler)
    NMI_Handler                              0x08004361   Thumb Code     2  stm32f10x_it.o(i.NMI_Handler)
    NVIC_Init                                0x08004375   Thumb Code   100  misc.o(i.NVIC_Init)
    NVIC_SetVectorTable                      0x080043e5   Thumb Code    12  misc.o(i.NVIC_SetVectorTable)
    PLL_Configuration                        0x080043f9   Thumb Code   100  app.o(i.PLL_Configuration)
    RCC_ADCCLKConfig                         0x0800445d   Thumb Code    18  stm32f10x_rcc.o(i.RCC_ADCCLKConfig)
    RCC_APB1PeriphClockCmd                   0x08004475   Thumb Code    26  stm32f10x_rcc.o(i.RCC_APB1PeriphClockCmd)
    RCC_APB1PeriphResetCmd                   0x08004495   Thumb Code    26  stm32f10x_rcc.o(i.RCC_APB1PeriphResetCmd)
    RCC_APB2PeriphClockCmd                   0x080044b5   Thumb Code    26  stm32f10x_rcc.o(i.RCC_APB2PeriphClockCmd)
    RCC_APB2PeriphResetCmd                   0x080044d5   Thumb Code    26  stm32f10x_rcc.o(i.RCC_APB2PeriphResetCmd)
    RCC_DeInit                               0x0800452d   Thumb Code    64  stm32f10x_rcc.o(i.RCC_DeInit)
    RCC_GetClocksFreq                        0x08004579   Thumb Code   192  stm32f10x_rcc.o(i.RCC_GetClocksFreq)
    RCC_GetFlagStatus                        0x0800464d   Thumb Code    56  stm32f10x_rcc.o(i.RCC_GetFlagStatus)
    RCC_GetSYSCLKSource                      0x08004689   Thumb Code    10  stm32f10x_rcc.o(i.RCC_GetSYSCLKSource)
    RCC_HCLKConfig                           0x08004699   Thumb Code    18  stm32f10x_rcc.o(i.RCC_HCLKConfig)
    RCC_HSEConfig                            0x080046b1   Thumb Code    70  stm32f10x_rcc.o(i.RCC_HSEConfig)
    RCC_PCLK1Config                          0x080046fd   Thumb Code    18  stm32f10x_rcc.o(i.RCC_PCLK1Config)
    RCC_PCLK2Config                          0x08004715   Thumb Code    20  stm32f10x_rcc.o(i.RCC_PCLK2Config)
    RCC_PLLCmd                               0x0800472d   Thumb Code     6  stm32f10x_rcc.o(i.RCC_PLLCmd)
    RCC_PLLConfig                            0x08004739   Thumb Code    24  stm32f10x_rcc.o(i.RCC_PLLConfig)
    RCC_SYSCLKConfig                         0x08004755   Thumb Code    18  stm32f10x_rcc.o(i.RCC_SYSCLKConfig)
    RCC_WaitForHSEStartUp                    0x0800476d   Thumb Code    56  stm32f10x_rcc.o(i.RCC_WaitForHSEStartUp)
    SCI_RecData                              0x080047a5   Thumb Code   736  rs232.o(i.SCI_RecData)
    SCI_SendByte                             0x08004ad9   Thumb Code   256  rs232.o(i.SCI_SendByte)
    SCI_SendData                             0x08004bd9   Thumb Code    92  rs232.o(i.SCI_SendData)
    SPI_Cmd                                  0x08004c41   Thumb Code    24  stm32f10x_spi.o(i.SPI_Cmd)
    SPI_Init                                 0x08004c59   Thumb Code    60  stm32f10x_spi.o(i.SPI_Init)
    SPI_WriteByte                            0x08004c95   Thumb Code    34  lcd.o(i.SPI_WriteByte)
    SVC_Handler                              0x08004cb7   Thumb Code     2  stm32f10x_it.o(i.SVC_Handler)
    Show_ICO                                 0x08004cb9   Thumb Code   198  lcd.o(i.Show_ICO)
    Show_Logo                                0x08004da1   Thumb Code    88  lcd.o(i.Show_Logo)
    Show_Pig                                 0x08004dfd   Thumb Code   144  lcd.o(i.Show_Pig)
    Show_Ver                                 0x08004e91   Thumb Code   200  tftled_ref.o(i.Show_Ver)
    SysTick_CLKSourceConfig                  0x08004f5d   Thumb Code    40  misc.o(i.SysTick_CLKSourceConfig)
    SysTick_Configuration                    0x08004f85   Thumb Code   100  app.o(i.SysTick_Configuration)
    SysTick_Handler                          0x08004ff1   Thumb Code     8  stm32f10x_it.o(i.SysTick_Handler)
    TFTSPI_Init                              0x08004ff9   Thumb Code    80  app.o(i.TFTSPI_Init)
    USART1_IRQHandler                        0x08005381   Thumb Code    88  usart.o(i.USART1_IRQHandler)
    USART3_IRQHandler                        0x080053e5   Thumb Code    84  usart.o(i.USART3_IRQHandler)
    USART_ClearFlag                          0x08005441   Thumb Code    18  stm32f10x_usart.o(i.USART_ClearFlag)
    USART_ClearITPendingBit                  0x08005453   Thumb Code    30  stm32f10x_usart.o(i.USART_ClearITPendingBit)
    USART_Cmd                                0x08005471   Thumb Code    24  stm32f10x_usart.o(i.USART_Cmd)
    USART_GetFlagStatus                      0x08005489   Thumb Code    26  stm32f10x_usart.o(i.USART_GetFlagStatus)
    USART_GetITStatus                        0x080054a3   Thumb Code    84  stm32f10x_usart.o(i.USART_GetITStatus)
    USART_ITConfig                           0x080054f7   Thumb Code    74  stm32f10x_usart.o(i.USART_ITConfig)
    USART_Init                               0x08005541   Thumb Code   210  stm32f10x_usart.o(i.USART_Init)
    UsageFault_Handler                       0x0800563b   Thumb Code     4  stm32f10x_it.o(i.UsageFault_Handler)
    __rt_ffs                                 0x08005641   Thumb Code    70  kservice.o(i.__rt_ffs)
    cpu_usage_init                           0x08005ba9   Thumb Code    10  cpuusage.o(i.cpu_usage_init)
    delay_ms                                 0x08005bb9   Thumb Code    28  lcd.o(i.delay_ms)
    eMBEnable                                0x08005bd5   Thumb Code    32  mb.o(i.eMBEnable)
    eMBFuncReadCoils                         0x08005bfd   Thumb Code   174  mbfunccoils.o(i.eMBFuncReadCoils)
    eMBFuncReadDiscreteInputs                0x08005cab   Thumb Code   172  mbfuncdisc.o(i.eMBFuncReadDiscreteInputs)
    eMBFuncReadHoldingRegister               0x08005d57   Thumb Code   142  mbfuncholding.o(i.eMBFuncReadHoldingRegister)
    eMBFuncReadInputRegister                 0x08005de5   Thumb Code   140  mbfuncinput.o(i.eMBFuncReadInputRegister)
    eMBFuncReadWriteMultipleHoldingRegister  0x08005e71   Thumb Code   212  mbfuncholding.o(i.eMBFuncReadWriteMultipleHoldingRegister)
    eMBFuncReportSlaveID                     0x08005f45   Thumb Code    30  mbfuncother.o(i.eMBFuncReportSlaveID)
    eMBFuncWriteCoil                         0x08005f6d   Thumb Code   112  mbfunccoils.o(i.eMBFuncWriteCoil)
    eMBFuncWriteHoldingRegister              0x08005fdd   Thumb Code    66  mbfuncholding.o(i.eMBFuncWriteHoldingRegister)
    eMBFuncWriteMultipleCoils                0x0800601f   Thumb Code   144  mbfunccoils.o(i.eMBFuncWriteMultipleCoils)
    eMBFuncWriteMultipleHoldingRegister      0x080060af   Thumb Code   110  mbfuncholding.o(i.eMBFuncWriteMultipleHoldingRegister)
    eMBInit                                  0x0800611d   Thumb Code   150  mb.o(i.eMBInit)
    eMBPoll                                  0x080061fd   Thumb Code   260  mb.o(i.eMBPoll)
    eMBRTUInit                               0x08006329   Thumb Code    84  mbrtu.o(i.eMBRTUInit)
    eMBRTUReceive                            0x08006381   Thumb Code    70  mbrtu.o(i.eMBRTUReceive)
    eMBRTUSend                               0x080063d1   Thumb Code   124  mbrtu.o(i.eMBRTUSend)
    eMBRTUStart                              0x08006461   Thumb Code    30  mbrtu.o(i.eMBRTUStart)
    eMBRTUStop                               0x08006485   Thumb Code    24  mbrtu.o(i.eMBRTUStop)
    eMBRegCoilsCB                            0x0800649d   Thumb Code   300  user_mb_app.o(i.eMBRegCoilsCB)
    eMBRegDiscreteCB                         0x080065d1   Thumb Code   190  user_mb_app.o(i.eMBRegDiscreteCB)
    eMBRegHoldingCB                          0x08006699   Thumb Code   172  user_mb_app.o(i.eMBRegHoldingCB)
    eMBRegInputCB                            0x0800674d   Thumb Code   104  user_mb_app.o(i.eMBRegInputCB)
    get_pin                                  0x080067bd   Thumb Code    18  gpio.o(i.get_pin)
    main                                     0x080067d5   Thumb Code    24  app.o(i.main)
    prveMBError2Exception                    0x080068a9   Thumb Code    34  mbutils.o(i.prveMBError2Exception)
    rt_application_init                      0x080068fd   Thumb Code   322  app_task.o(i.rt_application_init)
    rt_completion_done                       0x08006afd   Thumb Code    82  completion.o(i.rt_completion_done)
    rt_completion_init                       0x08006b4f   Thumb Code    48  completion.o(i.rt_completion_init)
    rt_completion_wait                       0x08006b7f   Thumb Code   212  completion.o(i.rt_completion_wait)
    rt_data_queue_init                       0x08006c53   Thumb Code    80  dataqueue.o(i.rt_data_queue_init)
    rt_data_queue_peak                       0x08006ca3   Thumb Code    98  dataqueue.o(i.rt_data_queue_peak)
    rt_data_queue_pop                        0x08006d05   Thumb Code   358  dataqueue.o(i.rt_data_queue_pop)
    rt_data_queue_push                       0x08006e6b   Thumb Code   282  dataqueue.o(i.rt_data_queue_push)
    rt_device_find                           0x08006f85   Thumb Code    76  device.o(i.rt_device_find)
    rt_device_init_all                       0x08006fd5   Thumb Code    64  device.o(i.rt_device_init_all)
    rt_device_open                           0x08007019   Thumb Code   148  device.o(i.rt_device_open)
    rt_device_pin_register                   0x080070ad   Thumb Code    58  pin.o(i.rt_device_pin_register)
    rt_device_register                       0x080070fd   Thumb Code    52  device.o(i.rt_device_register)
    rt_device_write                          0x08007131   Thumb Code    78  device.o(i.rt_device_write)
    rt_enter_critical                        0x08007181   Thumb Code    28  scheduler.o(i.rt_enter_critical)
    rt_event_init                            0x080071a1   Thumb Code    50  ipc.o(i.rt_event_init)
    rt_event_recv                            0x080071d5   Thumb Code   356  ipc.o(i.rt_event_recv)
    rt_event_send                            0x08007341   Thumb Code   214  ipc.o(i.rt_event_send)
    rt_exit_critical                         0x0800741d   Thumb Code    54  scheduler.o(i.rt_exit_critical)
    rt_free                                  0x08007459   Thumb Code   256  mem.o(i.rt_free)
    rt_hw_board_init                         0x08007571   Thumb Code    16  app.o(i.rt_hw_board_init)
    rt_hw_hard_fault_exception               0x08007581   Thumb Code    32  cpuport.o(i.rt_hw_hard_fault_exception)
    rt_hw_serial_isr                         0x080075a5   Thumb Code   330  serial.o(i.rt_hw_serial_isr)
    rt_hw_serial_register                    0x080076f1   Thumb Code    82  serial.o(i.rt_hw_serial_register)
    rt_hw_stack_init                         0x0800775d   Thumb Code    70  cpuport.o(i.rt_hw_stack_init)
    rt_hw_timer_handler                      0x080077a9   Thumb Code    16  app.o(i.rt_hw_timer_handler)
    rt_interrupt_enter                       0x080077b9   Thumb Code    30  irq.o(i.rt_interrupt_enter)
    rt_interrupt_get_nest                    0x080077dd   Thumb Code     6  irq.o(i.rt_interrupt_get_nest)
    rt_interrupt_leave                       0x080077e9   Thumb Code    30  irq.o(i.rt_interrupt_leave)
    rt_malloc                                0x0800796d   Thumb Code   528  mem.o(i.rt_malloc)
    rt_memset                                0x08007b9d   Thumb Code    72  kservice.o(i.rt_memset)
    rt_object_allocate                       0x08007be5   Thumb Code   128  object.o(i.rt_object_allocate)
    rt_object_delete                         0x08007c6d   Thumb Code    92  object.o(i.rt_object_delete)
    rt_object_detach                         0x08007ccd   Thumb Code    62  object.o(i.rt_object_detach)
    rt_object_init                           0x08007d11   Thumb Code    76  object.o(i.rt_object_init)
    rt_object_is_systemobject                0x08007d65   Thumb Code    38  object.o(i.rt_object_is_systemobject)
    rt_pin_mode                              0x08007d8d   Thumb Code    22  pin.o(i.rt_pin_mode)
    rt_pin_write                             0x08007da9   Thumb Code    22  pin.o(i.rt_pin_write)
    rt_schedule                              0x08007dc5   Thumb Code   134  scheduler.o(i.rt_schedule)
    rt_schedule_insert_thread                0x08007e69   Thumb Code    86  scheduler.o(i.rt_schedule_insert_thread)
    rt_schedule_remove_thread                0x08007ec9   Thumb Code    98  scheduler.o(i.rt_schedule_remove_thread)
    rt_sem_init                              0x08007f35   Thumb Code    52  ipc.o(i.rt_sem_init)
    rt_sem_release                           0x08007f69   Thumb Code    80  ipc.o(i.rt_sem_release)
    rt_sem_take                              0x08007fbd   Thumb Code   266  ipc.o(i.rt_sem_take)
    rt_set_errno                             0x080084a9   Thumb Code    36  kservice.o(i.rt_set_errno)
    rt_strncmp                               0x080084d1   Thumb Code    40  kservice.o(i.rt_strncmp)
    rt_strncpy                               0x080084f9   Thumb Code    52  kservice.o(i.rt_strncpy)
    rt_system_heap_init                      0x0800852d   Thumb Code   188  mem.o(i.rt_system_heap_init)
    rt_system_object_init                    0x08008605   Thumb Code     2  object.o(i.rt_system_object_init)
    rt_system_scheduler_init                 0x08008609   Thumb Code    56  scheduler.o(i.rt_system_scheduler_init)
    rt_system_scheduler_start                0x08008659   Thumb Code    36  scheduler.o(i.rt_system_scheduler_start)
    rt_system_tick_init                      0x08008689   Thumb Code     2  clock.o(i.rt_system_tick_init)
    rt_system_timer_init                     0x0800868d   Thumb Code    24  timer.o(i.rt_system_timer_init)
    rt_system_timer_thread_init              0x080086a9   Thumb Code     2  timer.o(i.rt_system_timer_thread_init)
    rt_thread_delay                          0x080086ab   Thumb Code    12  thread.o(i.rt_thread_delay)
    rt_thread_idle_excute                    0x08008729   Thumb Code   160  idle.o(i.rt_thread_idle_excute)
    rt_thread_idle_init                      0x080087cd   Thumb Code    38  idle.o(i.rt_thread_idle_init)
    rt_thread_idle_sethook                   0x08008809   Thumb Code     6  idle.o(i.rt_thread_idle_sethook)
    rt_thread_init                           0x08008815   Thumb Code    86  thread.o(i.rt_thread_init)
    rt_thread_resume                         0x0800886b   Thumb Code    82  thread.o(i.rt_thread_resume)
    rt_thread_self                           0x080088bd   Thumb Code     6  thread.o(i.rt_thread_self)
    rt_thread_sleep                          0x080088c9   Thumb Code    82  thread.o(i.rt_thread_sleep)
    rt_thread_startup                        0x08008921   Thumb Code    92  thread.o(i.rt_thread_startup)
    rt_thread_suspend                        0x0800897d   Thumb Code    80  thread.o(i.rt_thread_suspend)
    rt_thread_timeout                        0x080089cd   Thumb Code    74  thread.o(i.rt_thread_timeout)
    rt_thread_yield                          0x08008a19   Thumb Code    88  thread.o(i.rt_thread_yield)
    rt_tick_get                              0x08008a79   Thumb Code     6  clock.o(i.rt_tick_get)
    rt_tick_increase                         0x08008a85   Thumb Code    42  clock.o(i.rt_tick_increase)
    rt_timer_check                           0x08008ab5   Thumb Code   148  timer.o(i.rt_timer_check)
    rt_timer_control                         0x08008b51   Thumb Code    76  timer.o(i.rt_timer_control)
    rt_timer_create                          0x08008b9d   Thumb Code    54  timer.o(i.rt_timer_create)
    rt_timer_detach                          0x08008bd3   Thumb Code    50  timer.o(i.rt_timer_detach)
    rt_timer_init                            0x08008c05   Thumb Code    64  timer.o(i.rt_timer_init)
    rt_timer_start                           0x08008c45   Thumb Code   314  timer.o(i.rt_timer_start)
    rt_timer_stop                            0x08008d8d   Thumb Code    84  timer.o(i.rt_timer_stop)
    rtthread_startup                         0x08008de5   Thumb Code    56  app_task.o(i.rtthread_startup)
    stm32_hw_pin_init                        0x08008fcd   Thumb Code    16  gpio.o(i.stm32_hw_pin_init)
    stm32_hw_usart_init                      0x08008fe5   Thumb Code   120  usart.o(i.stm32_hw_usart_init)
    stm32_pin_mode                           0x08009089   Thumb Code    94  gpio.o(i.stm32_pin_mode)
    stm32_pin_read                           0x080090e7   Thumb Code    48  gpio.o(i.stm32_pin_read)
    stm32_pin_write                          0x08009117   Thumb Code    52  gpio.o(i.stm32_pin_write)
    thread_entry_ADC                         0x0800917d   Thumb Code   202  app_task.o(i.thread_entry_ADC)
    thread_entry_CANCOMM                     0x0800925d   Thumb Code   532  app_task.o(i.thread_entry_CANCOMM)
    thread_entry_ModbusMasterPoll            0x08009495   Thumb Code    30  app_task.o(i.thread_entry_ModbusMasterPoll)
    thread_entry_RS232COMM                   0x080094b5   Thumb Code   350  app_task.o(i.thread_entry_RS232COMM)
    thread_entry_SysMonitor                  0x08009635   Thumb Code    14  app_task.o(i.thread_entry_SysMonitor)
    thread_entry_TFTdisplay                  0x08009645   Thumb Code   192  app_task.o(i.thread_entry_TFTdisplay)
    usMBCRC16                                0x08009719   Thumb Code    48  mbcrc.o(i.usMBCRC16)
    vMBPortSerialEnable                      0x08009751   Thumb Code    96  portserial.o(i.vMBPortSerialEnable)
    vMBPortTimersDisable                     0x080097b9   Thumb Code    10  porttimer.o(i.vMBPortTimersDisable)
    vMBPortTimersEnable                      0x080097c9   Thumb Code    10  porttimer.o(i.vMBPortTimersEnable)
    xMBPortEventGet                          0x080097d9   Thumb Code    72  portevent.o(i.xMBPortEventGet)
    xMBPortEventInit                         0x08009825   Thumb Code    16  portevent.o(i.xMBPortEventInit)
    xMBPortEventPost                         0x08009845   Thumb Code    16  portevent.o(i.xMBPortEventPost)
    xMBPortSerialGetByte                     0x08009859   Thumb Code    26  portserial.o(i.xMBPortSerialGetByte)
    xMBPortSerialInit                        0x08009879   Thumb Code   298  portserial.o(i.xMBPortSerialInit)
    xMBPortSerialPutByte                     0x080099dd   Thumb Code    24  portserial.o(i.xMBPortSerialPutByte)
    xMBPortTimersInit                        0x080099f9   Thumb Code    38  porttimer.o(i.xMBPortTimersInit)
    xMBRTUReceiveFSM                         0x08009a35   Thumb Code   122  mbrtu.o(i.xMBRTUReceiveFSM)
    xMBRTUTimerT35Expired                    0x08009abd   Thumb Code    60  mbrtu.o(i.xMBRTUTimerT35Expired)
    xMBRTUTransmitFSM                        0x08009afd   Thumb Code    94  mbrtu.o(i.xMBRTUTransmitFSM)
    xMBUtilGetBits                           0x08009b69   Thumb Code    42  mbutils.o(i.xMBUtilGetBits)
    xMBUtilSetBits                           0x08009b93   Thumb Code    96  mbutils.o(i.xMBUtilSetBits)
    CHN_2424                                 0x08009c3c   Data        2664  lcd.o(.constdata)
    BAT_4016                                 0x0800a6a4   Data          80  lcd.o(.constdata)
    BLUETOO_1622                             0x0800a6f4   Data          44  lcd.o(.constdata)
    UNIT_7226                                0x0800a720   Data        1638  lcd.o(.constdata)
    DIG_2427                                 0x0800ad86   Data        1053  lcd.o(.constdata)
    DIG_3248                                 0x0800b1a3   Data        2112  lcd.o(.constdata)
    DIG_1613                                 0x0800b9e3   Data         286  lcd.o(.constdata)
    ICO                                      0x0800bb01   Data        7168  lcd.o(.constdata)
    Pig_RAR                                  0x0800d701   Data        1771  lcd.o(.constdata)
    HV_LOGO                                  0x0800ddec   Data       15488  lcd.o(.constdata)
    Rcv_MsgTable                             0x08011a6c   Data          18  rs232.o(.constdata)
    Snd_MsgTable                             0x08011a7e   Data          16  rs232.o(.constdata)
    COLTable                                 0x08011a8e   Data          20  rs232.o(.constdata)
    __lowest_bit_bitmap                      0x08011aa2   Data         256  kservice.o(.constdata)
    Region$$Table$$Base                      0x08011dc4   Number         0  anon$$obj.o(Region$$Table)
    Region$$Table$$Limit                     0x08011de4   Number         0  anon$$obj.o(Region$$Table)
    rt_interrupt_from_thread                 0x2000000c   Data           4  cpuport.o(.data)
    rt_interrupt_to_thread                   0x20000010   Data           4  cpuport.o(.data)
    rt_thread_switch_interrupt_flag          0x20000014   Data           4  cpuport.o(.data)
    uart1                                    0x2000001c   Data           8  usart.o(.data)
    uart3                                    0x20000024   Data           8  usart.o(.data)
    FLAGS0                                   0x2000002c   Data           4  vars.o(.data)
    FLAGS1                                   0x20000030   Data           4  vars.o(.data)
    FLAGS2                                   0x20000034   Data           4  vars.o(.data)
    LIN_Length                               0x20000038   Data           1  vars.o(.data)
    LIN_TmpSCIByte                           0x20000039   Data           1  vars.o(.data)
    LIN_BufCounter                           0x2000003a   Data           1  vars.o(.data)
    LIN_StateFlags                           0x2000003b   Data           1  vars.o(.data)
    LIN_MsgDir                               0x2000003c   Data           1  vars.o(.data)
    LIN_Err                                  0x2000003d   Data           1  vars.o(.data)
    Checksum                                 0x2000003e   Data           1  vars.o(.data)
    RS232Temp_Num                            0x2000003f   Data           1  vars.o(.data)
    RS232Hmd_Num                             0x20000040   Data           1  vars.o(.data)
    RS232DR_Num                              0x20000041   Data           1  vars.o(.data)
    RS232PHV_Num                             0x20000042   Data           1  vars.o(.data)
    RS232WF_Num                              0x20000043   Data           1  vars.o(.data)
    RS232WP_Num                              0x20000044   Data           1  vars.o(.data)
    RS232TH_Num                              0x20000045   Data           1  vars.o(.data)
    RS232NH_Num                              0x20000046   Data           1  vars.o(.data)
    RS232WG_Num                              0x20000047   Data           1  vars.o(.data)
    RS232RF_Num                              0x20000048   Data           1  vars.o(.data)
    RS232GRT_Num                             0x20000049   Data           1  vars.o(.data)
    Temp_COLOR                               0x2000004a   Data           2  vars.o(.data)
    HMD_COLOR                                0x2000004c   Data           2  vars.o(.data)
    PHV_COLOR                                0x2000004e   Data           2  vars.o(.data)
    WF_COLOR                                 0x20000050   Data           2  vars.o(.data)
    WP_COLOR                                 0x20000052   Data           2  vars.o(.data)
    TP_COLOR                                 0x20000054   Data           2  vars.o(.data)
    NH3_COLOR                                0x20000056   Data           2  vars.o(.data)
    WARN_COLOR                               0x20000058   Data           2  vars.o(.data)
    Temp1_COLOR                              0x2000005a   Data           2  vars.o(.data)
    KG_COLOR                                 0x2000005c   Data           2  vars.o(.data)
    RFID_COLOR                               0x2000005e   Data           2  vars.o(.data)
    RUNMD_COLOR                              0x20000060   Data           2  vars.o(.data)
    DEVMOD_COLOR                             0x20000062   Data           2  vars.o(.data)
    Temp1_Sort                               0x20000064   Data           2  vars.o(.data)
    Weight_Sort                              0x20000066   Data           8  vars.o(.data)
    RFID                                     0x2000006e   Data           2  vars.o(.data)
    RunMode                                  0x20000070   Data           1  vars.o(.data)
    DevMode                                  0x20000071   Data           1  vars.o(.data)
    Rs485_threadCount                        0x20000072   Data           2  vars.o(.data)
    Num_Sensor                               0x20000074   Data           1  vars.o(.data)
    Config_FRCR                              0x20000075   Data           8  vars.o(.data)
    TFT_Inf_FRCR                             0x2000007d   Data           2  vars.o(.data)
    Driver_RELSta                            0x2000007f   Data           8  vars.o(.data)
    Driver_Input                             0x20000087   Data           8  vars.o(.data)
    ColorLED_FRCR                            0x2000008f   Data           4  vars.o(.data)
    DouLED_FRCR                              0x20000093   Data           2  vars.o(.data)
    Power_FRCR                               0x20000095   Data           2  vars.o(.data)
    ADC_Cout                                 0x20000097   Data           1  vars.o(.data)
    Adc_Count                                0x20000098   Data           1  vars.o(.data)
    RS232ERR_Cout                            0x20000099   Data           1  vars.o(.data)
    FANDR_Cout                               0x2000009a   Data           1  vars.o(.data)
    TIM_Count                                0x2000009b   Data           1  vars.o(.data)
    CANERR_Cout                              0x2000009c   Data           1  vars.o(.data)
    RS232Send_Cout                           0x2000009d   Data           1  vars.o(.data)
    LeaTST_Count                             0x2000009e   Data           1  vars.o(.data)
    CoLED_Count                              0x2000009f   Data           1  vars.o(.data)
    Ref_Count                                0x200000a0   Data           1  vars.o(.data)
    SendCon_Count                            0x200000a1   Data           1  vars.o(.data)
    TstOV_Count                              0x200000a2   Data           1  vars.o(.data)
    TFT_REFCount                             0x200000a4   Data           2  vars.o(.data)
    CoreRstCount                             0x200000a6   Data           2  vars.o(.data)
    CoreStCount                              0x200000a8   Data           1  vars.o(.data)
    Driver_RInSta                            0x200000a9   Data           1  vars.o(.data)
    Driver_RRelSta                           0x200000aa   Data           1  vars.o(.data)
    Val_3P3V                                 0x200000ab   Data           1  vars.o(.data)
    Val_5V                                   0x200000ac   Data           1  vars.o(.data)
    Val_5VGPRS                               0x200000ad   Data           1  vars.o(.data)
    Val_9V                                   0x200000ae   Data           1  vars.o(.data)
    Val_12V                                  0x200000af   Data           1  vars.o(.data)
    Val_BAT                                  0x200000b0   Data           1  vars.o(.data)
    Val_EXTBAT                               0x200000b1   Data           1  vars.o(.data)
    Val_24V                                  0x200000b2   Data           1  vars.o(.data)
    INT_Temp                                 0x200000b4   Data           2  vars.o(.data)
    INT_HMD                                  0x200000b6   Data           2  vars.o(.data)
    DouLED                                   0x200000b8   Data           2  vars.o(.data)
    Test_DLED                                0x200000ba   Data           1  vars.o(.data)
    Test_TFT                                 0x200000bc   Data           2  vars.o(.data)
    Test_CAN                                 0x200000be   Data           1  vars.o(.data)
    Debug_dat                                0x200000bf   Data           8  vars.o(.data)
    Temp_NumDG                               0x200000c7   Data           1  vars.o(.data)
    CLED_Color                               0x200000c8   Data           4  vars.o(.data)
    Hmd_RS232                                0x200000cc   Data           8  vars.o(.data)
    PHV_RS232                                0x200000d4   Data           8  vars.o(.data)
    WF_RS232                                 0x200000dc   Data           8  vars.o(.data)
    WP_RS232                                 0x200000e4   Data           8  vars.o(.data)
    NH3_RS232                                0x200000ec   Data           8  vars.o(.data)
    HMD232_Sta                               0x200000f4   Data           4  vars.o(.data)
    PHV232_Sta                               0x200000f8   Data           4  vars.o(.data)
    WF232_Sta                                0x200000fc   Data           4  vars.o(.data)
    WP232_Sta                                0x20000100   Data           4  vars.o(.data)
    TEHD232_Sta                              0x20000104   Data           4  vars.o(.data)
    NH3232_Sta                               0x20000108   Data           4  vars.o(.data)
    TFT_Count                                0x2000010c   Data           1  vars.o(.data)
    TEMPNum_Count                            0x2000010d   Data           1  vars.o(.data)
    CoreP_ICODIP                             0x2000010e   Data           5  vars.o(.data)
    RS485_TEMP                               0x20000114   Data           2  vars.o(.data)
    Tmpcount                                 0x20000116   Data           1  vars.o(.data)
    Dev_info                                 0x20000118   Data         192  vars.o(.data)
    SEN_CurrentIdx                           0x200001d8   Data           1  vars.o(.data)
    SEN_Count                                0x200001d9   Data           1  vars.o(.data)
    CoreP_Ver                                0x200001da   Data           9  rs232.o(.data)
    CoreP_ID                                 0x200001e3   Data          11  rs232.o(.data)
    rt_interrupt_nest                        0x20000240   Data           1  irq.o(.data)
    rt_object_container                      0x20000268   Data         112  object.o(.data)
    rt_object_trytake_hook                   0x200002e0   Data           4  object.o(.data)
    rt_object_take_hook                      0x200002e4   Data           4  object.o(.data)
    rt_object_put_hook                       0x200002e8   Data           4  object.o(.data)
    rt_current_thread                        0x200002f0   Data           4  scheduler.o(.data)
    rt_current_priority                      0x200002f4   Data           1  scheduler.o(.data)
    rt_thread_ready_priority_group           0x200002f8   Data           4  scheduler.o(.data)
    rt_thread_defunct                        0x200002fc   Data           8  scheduler.o(.data)
    pxMBFrameCBByteReceived                  0x20000330   Data           4  mb.o(.data)
    pxMBFrameCBTransmitterEmpty              0x20000334   Data           4  mb.o(.data)
    pxMBPortCBTimerExpired                   0x20000338   Data           4  mb.o(.data)
    pxMBFrameCBReceiveFSMCur                 0x2000033c   Data           4  mb.o(.data)
    pxMBFrameCBTransmitFSMCur                0x20000340   Data           4  mb.o(.data)
    usSDiscInStart                           0x200003e4   Data           2  user_mb_app.o(.data)
    ucSDiscInBuf                             0x200003e6   Data           2  user_mb_app.o(.data)
    usSCoilStart                             0x200003e8   Data           2  user_mb_app.o(.data)
    ucSCoilBuf                               0x200003ea   Data           8  user_mb_app.o(.data)
    usSRegInStart                            0x200003f2   Data           2  user_mb_app.o(.data)
    usSRegHoldStart                          0x200003f4   Data           2  user_mb_app.o(.data)
    thread_SysMonitor                        0x20000eb8   Data         160  app_task.o(.bss)
    thread_ModbusMasterPoll                  0x20000f58   Data         160  app_task.o(.bss)
    thread_TFTDisplay                        0x20000ff8   Data         160  app_task.o(.bss)
    thread_CANCOMM                           0x20001098   Data         160  app_task.o(.bss)
    thread_RS232COMM                         0x20001138   Data         160  app_task.o(.bss)
    thread_ADC                               0x200011d8   Data         160  app_task.o(.bss)
    serial1                                  0x20001278   Data         100  usart.o(.bss)
    serial3                                  0x200012dc   Data         100  usart.o(.bss)
    lcddev                                   0x20001340   Data          10  lcd.o(.bss)
    LIN_ProtBuf                              0x2000134c   Data          20  vars.o(.bss)
    Err_Count                                0x20001360   Data          24  vars.o(.bss)
    DriverInf_FRCR                           0x20001378   Data          10  vars.o(.bss)
    Temp_RS232                               0x20001382   Data          20  vars.o(.bss)
    TEHD_RS232                               0x20001398   Data          16  vars.o(.bss)
    Temp232_Sta                              0x200013a8   Data          10  vars.o(.bss)
    DrIn_Sta                                 0x200013b2   Data           9  vars.o(.bss)
    DrRe_Sta                                 0x200013bb   Data           9  vars.o(.bss)
    rt_thread_priority_table                 0x20001598   Data         256  scheduler.o(.bss)
    ucRTUBuf                                 0x2000170c   Data         256  mbrtu.o(.bss)
    usSRegInBuf                              0x20001b4c   Data         200  user_mb_app.o(.bss)
    usSRegHoldBuf                            0x20001c14   Data          20  user_mb_app.o(.bss)
    __libspace_start                         0x20001c28   Data          96  libspace.o(.bss)
    __temporary_stack_top$libspace           0x20001c88   Data           0  libspace.o(.bss)
    Image$$RW_IRAM1$$ZI$$Limit               0x20002288   Number         0  anon$$obj.o ABSOLUTE



==============================================================================

Memory Map of the image

  Image Entry point : 0x080024ed

  Load Region LR_IROM1 (Base: 0x08002400, Size: 0x0000fddc, Max: 0x0001dc00, ABSOLUTE, COMPRESSED[0x0000fb00])

    Execution Region ER_IROM1 (Base: 0x08002400, Size: 0x0000f9e4, Max: 0x0001dc00, ABSOLUTE)

    Base Addr    Size         Type   Attr      Idx    E Section Name        Object

    0x08002400   0x000000ec   Data   RO         3826    RESET               startup_stm32f10x_md.o
    0x080024ec   0x00000008   Code   RO         6359  * !!!main             c_w.l(__main.o)
    0x080024f4   0x00000034   Code   RO         6520    !!!scatter          c_w.l(__scatter.o)
    0x08002528   0x0000005a   Code   RO         6518    !!dczerorl2         c_w.l(__dczerorl2.o)
    0x08002582   0x00000002   PAD
    0x08002584   0x0000001c   Code   RO         6522    !!handler_zi        c_w.l(__scatter_zi.o)
    0x080025a0   0x00000002   Code   RO         6388    .ARM.Collect$$libinit$$00000000  c_w.l(libinit.o)
    0x080025a2   0x00000000   Code   RO         6395    .ARM.Collect$$libinit$$00000002  c_w.l(libinit2.o)
    0x080025a2   0x00000000   Code   RO         6397    .ARM.Collect$$libinit$$00000004  c_w.l(libinit2.o)
    0x080025a2   0x00000000   Code   RO         6400    .ARM.Collect$$libinit$$0000000A  c_w.l(libinit2.o)
    0x080025a2   0x00000000   Code   RO         6402    .ARM.Collect$$libinit$$0000000C  c_w.l(libinit2.o)
    0x080025a2   0x00000000   Code   RO         6404    .ARM.Collect$$libinit$$0000000E  c_w.l(libinit2.o)
    0x080025a2   0x00000000   Code   RO         6407    .ARM.Collect$$libinit$$00000011  c_w.l(libinit2.o)
    0x080025a2   0x00000000   Code   RO         6409    .ARM.Collect$$libinit$$00000013  c_w.l(libinit2.o)
    0x080025a2   0x00000000   Code   RO         6411    .ARM.Collect$$libinit$$00000015  c_w.l(libinit2.o)
    0x080025a2   0x00000000   Code   RO         6413    .ARM.Collect$$libinit$$00000017  c_w.l(libinit2.o)
    0x080025a2   0x00000000   Code   RO         6415    .ARM.Collect$$libinit$$00000019  c_w.l(libinit2.o)
    0x080025a2   0x00000000   Code   RO         6417    .ARM.Collect$$libinit$$0000001B  c_w.l(libinit2.o)
    0x080025a2   0x00000000   Code   RO         6419    .ARM.Collect$$libinit$$0000001D  c_w.l(libinit2.o)
    0x080025a2   0x00000000   Code   RO         6421    .ARM.Collect$$libinit$$0000001F  c_w.l(libinit2.o)
    0x080025a2   0x00000000   Code   RO         6423    .ARM.Collect$$libinit$$00000021  c_w.l(libinit2.o)
    0x080025a2   0x00000000   Code   RO         6425    .ARM.Collect$$libinit$$00000023  c_w.l(libinit2.o)
    0x080025a2   0x00000000   Code   RO         6427    .ARM.Collect$$libinit$$00000025  c_w.l(libinit2.o)
    0x080025a2   0x00000000   Code   RO         6431    .ARM.Collect$$libinit$$0000002C  c_w.l(libinit2.o)
    0x080025a2   0x00000000   Code   RO         6433    .ARM.Collect$$libinit$$0000002E  c_w.l(libinit2.o)
    0x080025a2   0x00000000   Code   RO         6435    .ARM.Collect$$libinit$$00000030  c_w.l(libinit2.o)
    0x080025a2   0x00000000   Code   RO         6437    .ARM.Collect$$libinit$$00000032  c_w.l(libinit2.o)
    0x080025a2   0x00000002   Code   RO         6438    .ARM.Collect$$libinit$$00000033  c_w.l(libinit2.o)
    0x080025a4   0x00000002   Code   RO         6458    .ARM.Collect$$libshutdown$$00000000  c_w.l(libshutdown.o)
    0x080025a6   0x00000000   Code   RO         6471    .ARM.Collect$$libshutdown$$00000002  c_w.l(libshutdown2.o)
    0x080025a6   0x00000000   Code   RO         6473    .ARM.Collect$$libshutdown$$00000004  c_w.l(libshutdown2.o)
    0x080025a6   0x00000000   Code   RO         6476    .ARM.Collect$$libshutdown$$00000007  c_w.l(libshutdown2.o)
    0x080025a6   0x00000000   Code   RO         6479    .ARM.Collect$$libshutdown$$0000000A  c_w.l(libshutdown2.o)
    0x080025a6   0x00000000   Code   RO         6481    .ARM.Collect$$libshutdown$$0000000C  c_w.l(libshutdown2.o)
    0x080025a6   0x00000000   Code   RO         6484    .ARM.Collect$$libshutdown$$0000000F  c_w.l(libshutdown2.o)
    0x080025a6   0x00000002   Code   RO         6485    .ARM.Collect$$libshutdown$$00000010  c_w.l(libshutdown2.o)
    0x080025a8   0x00000000   Code   RO         6361    .ARM.Collect$$rtentry$$00000000  c_w.l(__rtentry.o)
    0x080025a8   0x00000000   Code   RO         6365    .ARM.Collect$$rtentry$$00000002  c_w.l(__rtentry2.o)
    0x080025a8   0x00000006   Code   RO         6377    .ARM.Collect$$rtentry$$00000004  c_w.l(__rtentry4.o)
    0x080025ae   0x00000000   Code   RO         6367    .ARM.Collect$$rtentry$$00000009  c_w.l(__rtentry2.o)
    0x080025ae   0x00000004   Code   RO         6368    .ARM.Collect$$rtentry$$0000000A  c_w.l(__rtentry2.o)
    0x080025b2   0x00000000   Code   RO         6370    .ARM.Collect$$rtentry$$0000000C  c_w.l(__rtentry2.o)
    0x080025b2   0x00000008   Code   RO         6371    .ARM.Collect$$rtentry$$0000000D  c_w.l(__rtentry2.o)
    0x080025ba   0x00000002   Code   RO         6392    .ARM.Collect$$rtexit$$00000000  c_w.l(rtexit.o)
    0x080025bc   0x00000000   Code   RO         6440    .ARM.Collect$$rtexit$$00000002  c_w.l(rtexit2.o)
    0x080025bc   0x00000004   Code   RO         6441    .ARM.Collect$$rtexit$$00000003  c_w.l(rtexit2.o)
    0x080025c0   0x00000006   Code   RO         6442    .ARM.Collect$$rtexit$$00000004  c_w.l(rtexit2.o)
    0x080025c6   0x00000002   PAD
    0x080025c8   0x000000f0   Code   RO          411    .text               context_rvds.o
    0x080026b8   0x00000038   Code   RO         3827    .text               startup_stm32f10x_md.o
    0x080026f0   0x0000008a   Code   RO         6353    .text               c_w.l(rt_memcpy_v6.o)
    0x0800277a   0x0000004e   Code   RO         6355    .text               c_w.l(rt_memclr_w.o)
    0x080027c8   0x00000006   Code   RO         6357    .text               c_w.l(heapauxi.o)
    0x080027ce   0x00000064   Code   RO         6362    .text               c_w.l(rt_memcpy_w.o)
    0x08002832   0x0000004a   Code   RO         6379    .text               c_w.l(sys_stackheap_outer.o)
    0x0800287c   0x00000012   Code   RO         6381    .text               c_w.l(exit.o)
    0x0800288e   0x00000002   PAD
    0x08002890   0x00000008   Code   RO         6389    .text               c_w.l(libspace.o)
    0x08002898   0x0000000c   Code   RO         6450    .text               c_w.l(sys_exit.o)
    0x080028a4   0x00000002   Code   RO         6461    .text               c_w.l(use_no_semi.o)
    0x080028a6   0x00000000   Code   RO         6463    .text               c_w.l(indicate_semi.o)
    0x080028a6   0x00000006   Code   RO          954    i.ADC_ClearFlag     stm32f10x_adc.o
    0x080028ac   0x00000016   Code   RO          956    i.ADC_Cmd           stm32f10x_adc.o
    0x080028c2   0x00000002   PAD
    0x080028c4   0x0000005c   Code   RO          958    i.ADC_DeInit        stm32f10x_adc.o
    0x08002920   0x00000014   Code   RO          964    i.ADC_GetCalibrationStatus  stm32f10x_adc.o
    0x08002934   0x00000008   Code   RO          965    i.ADC_GetConversionValue  stm32f10x_adc.o
    0x0800293c   0x00000012   Code   RO          967    i.ADC_GetFlagStatus  stm32f10x_adc.o
    0x0800294e   0x00000014   Code   RO          970    i.ADC_GetResetCalibrationStatus  stm32f10x_adc.o
    0x08002962   0x00000002   PAD
    0x08002964   0x00000050   Code   RO          974    i.ADC_Init          stm32f10x_adc.o
    0x080029b4   0x000000b8   Code   RO          978    i.ADC_RegularChannelConfig  stm32f10x_adc.o
    0x08002a6c   0x0000000a   Code   RO          979    i.ADC_ResetCalibration  stm32f10x_adc.o
    0x08002a76   0x00000016   Code   RO          981    i.ADC_SoftwareStartConvCmd  stm32f10x_adc.o
    0x08002a8c   0x0000000a   Code   RO          983    i.ADC_StartCalibration  stm32f10x_adc.o
    0x08002a96   0x0000001c   Code   RO            1    i.BSP_Init          app.o
    0x08002ab2   0x00000004   Code   RO          327    i.BusFault_Handler  stm32f10x_it.o
    0x08002ab6   0x00000002   PAD
    0x08002ab8   0x00000088   Code   RO          769    i.CAN1_Init         can.o
    0x08002b40   0x00000038   Code   RO         1254    i.CAN_ClearFlag     stm32f10x_can.o
    0x08002b78   0x00000038   Code   RO         1257    i.CAN_DeInit        stm32f10x_can.o
    0x08002bb0   0x00000108   Code   RO         1259    i.CAN_FilterInit    stm32f10x_can.o
    0x08002cb8   0x00000078   Code   RO         1260    i.CAN_GetFlagStatus  stm32f10x_can.o
    0x08002d30   0x00000114   Code   RO         1266    i.CAN_Init          stm32f10x_can.o
    0x08002e44   0x0000001e   Code   RO         1267    i.CAN_MessagePending  stm32f10x_can.o
    0x08002e62   0x00000002   PAD
    0x08002e64   0x0000007c   Code   RO          770    i.CAN_Recei_Data    can.o
    0x08002ee0   0x000000f0   Code   RO         1269    i.CAN_Receive       stm32f10x_can.o
    0x08002fd0   0x00000020   Code   RO         1272    i.CAN_StructInit    stm32f10x_can.o
    0x08002ff0   0x00000126   Code   RO         1274    i.CAN_Transmit      stm32f10x_can.o
    0x08003116   0x00000002   PAD
    0x08003118   0x0000007c   Code   RO          771    i.CAN_TransmitData  can.o
    0x08003194   0x000000a0   Code   RO         1275    i.CAN_TransmitStatus  stm32f10x_can.o
    0x08003234   0x000001f4   Code   RO          650    i.Change_Sen        vars.o
    0x08003428   0x00000134   Code   RO          796    i.ColorLED_Refresh  tftled_ref.o
    0x0800355c   0x00000002   Code   RO          328    i.DebugMon_Handler  stm32f10x_it.o
    0x0800355e   0x0000000e   Code   RO          798    i.Delay_ns          tftled_ref.o
    0x0800356c   0x00000010   Code   RO         5651    i.EnterCriticalSection  port.o
    0x0800357c   0x00000010   Code   RO         5652    i.ExitCriticalSection  port.o
    0x0800358c   0x0000001c   Code   RO         1707    i.FLASH_PrefetchBufferCmd  stm32f10x_flash.o
    0x080035a8   0x00000018   Code   RO         1712    i.FLASH_SetLatency  stm32f10x_flash.o
    0x080035c0   0x000001e4   Code   RO            2    i.GPIO_Configuration  app.o
    0x080037a4   0x00000116   Code   RO         1993    i.GPIO_Init         stm32f10x_gpio.o
    0x080038ba   0x00000002   PAD
    0x080038bc   0x00000090   Code   RO         1995    i.GPIO_PinRemapConfig  stm32f10x_gpio.o
    0x0800394c   0x00000012   Code   RO         1997    i.GPIO_ReadInputDataBit  stm32f10x_gpio.o
    0x0800395e   0x00000004   Code   RO         2000    i.GPIO_ResetBits    stm32f10x_gpio.o
    0x08003962   0x00000004   Code   RO         2001    i.GPIO_SetBits      stm32f10x_gpio.o
    0x08003966   0x00000010   Code   RO         2002    i.GPIO_StructInit   stm32f10x_gpio.o
    0x08003976   0x00000002   PAD
    0x08003978   0x0000005c   Code   RO          873    i.Get_Adc           adc.o
    0x080039d4   0x00000022   Code   RO            3    i.IWDG_Configuration  app.o
    0x080039f6   0x00000002   PAD
    0x080039f8   0x00000010   Code   RO         2308    i.IWDG_Enable       stm32f10x_iwdg.o
    0x08003a08   0x00000008   Code   RO            4    i.IWDG_Feed         app.o
    0x08003a10   0x00000010   Code   RO         2310    i.IWDG_ReloadCounter  stm32f10x_iwdg.o
    0x08003a20   0x0000000c   Code   RO         2311    i.IWDG_SetPrescaler  stm32f10x_iwdg.o
    0x08003a2c   0x0000000c   Code   RO         2312    i.IWDG_SetReload    stm32f10x_iwdg.o
    0x08003a38   0x0000000c   Code   RO         2313    i.IWDG_WriteAccessCmd  stm32f10x_iwdg.o
    0x08003a44   0x0000026c   Code   RO          652    i.Init_Vars         vars.o
    0x08003cb0   0x0000027c   Code   RO          531    i.LCD_Init          lcd.o
    0x08003f2c   0x00000034   Code   RO          532    i.LCD_SetCursor     lcd.o
    0x08003f60   0x00000040   Code   RO          533    i.LCD_WR_DATA       lcd.o
    0x08003fa0   0x00000038   Code   RO          534    i.LCD_WR_DATA8      lcd.o
    0x08003fd8   0x00000038   Code   RO          535    i.LCD_WR_REG        lcd.o
    0x08004010   0x00000010   Code   RO          537    i.LCD_WriteRAM_Prepare  lcd.o
    0x08004020   0x00000074   Code   RO          801    i.LED_D12           tftled_ref.o
    0x08004094   0x00000024   Code   RO          691    i.LIN_EndOfFrame    rs232.o
    0x080040b8   0x00000018   Code   RO          692    i.LIN_FrameError    rs232.o
    0x080040d0   0x00000058   Code   RO          693    i.LIN_GetMsgLength  rs232.o
    0x08004128   0x000001f4   Code   RO          694    i.LIN_RxCompleted   rs232.o
    0x0800431c   0x00000030   Code   RO          695    i.LIN_StaClr        rs232.o
    0x0800434c   0x00000010   Code   RO          697    i.LinMemCopy        rs232.o
    0x0800435c   0x00000004   Code   RO          329    i.MemManage_Handler  stm32f10x_it.o
    0x08004360   0x00000002   Code   RO          330    i.NMI_Handler       stm32f10x_it.o
    0x08004362   0x00000010   Code   RO            5    i.NVIC_Configuration  app.o
    0x08004372   0x00000002   PAD
    0x08004374   0x00000070   Code   RO          914    i.NVIC_Init         misc.o
    0x080043e4   0x00000014   Code   RO          916    i.NVIC_SetVectorTable  misc.o
    0x080043f8   0x00000064   Code   RO            6    i.PLL_Configuration  app.o
    0x0800445c   0x00000018   Code   RO         2413    i.RCC_ADCCLKConfig  stm32f10x_rcc.o
    0x08004474   0x00000020   Code   RO         2415    i.RCC_APB1PeriphClockCmd  stm32f10x_rcc.o
    0x08004494   0x00000020   Code   RO         2416    i.RCC_APB1PeriphResetCmd  stm32f10x_rcc.o
    0x080044b4   0x00000020   Code   RO         2417    i.RCC_APB2PeriphClockCmd  stm32f10x_rcc.o
    0x080044d4   0x00000020   Code   RO         2418    i.RCC_APB2PeriphResetCmd  stm32f10x_rcc.o
    0x080044f4   0x00000036   Code   RO            7    i.RCC_Configuration  app.o
    0x0800452a   0x00000002   PAD
    0x0800452c   0x0000004c   Code   RO         2424    i.RCC_DeInit        stm32f10x_rcc.o
    0x08004578   0x000000d4   Code   RO         2425    i.RCC_GetClocksFreq  stm32f10x_rcc.o
    0x0800464c   0x0000003c   Code   RO         2426    i.RCC_GetFlagStatus  stm32f10x_rcc.o
    0x08004688   0x00000010   Code   RO         2428    i.RCC_GetSYSCLKSource  stm32f10x_rcc.o
    0x08004698   0x00000018   Code   RO         2429    i.RCC_HCLKConfig    stm32f10x_rcc.o
    0x080046b0   0x0000004c   Code   RO         2430    i.RCC_HSEConfig     stm32f10x_rcc.o
    0x080046fc   0x00000018   Code   RO         2436    i.RCC_PCLK1Config   stm32f10x_rcc.o
    0x08004714   0x00000018   Code   RO         2437    i.RCC_PCLK2Config   stm32f10x_rcc.o
    0x0800472c   0x0000000c   Code   RO         2438    i.RCC_PLLCmd        stm32f10x_rcc.o
    0x08004738   0x0000001c   Code   RO         2439    i.RCC_PLLConfig     stm32f10x_rcc.o
    0x08004754   0x00000018   Code   RO         2442    i.RCC_SYSCLKConfig  stm32f10x_rcc.o
    0x0800476c   0x00000038   Code   RO         2444    i.RCC_WaitForHSEStartUp  stm32f10x_rcc.o
    0x080047a4   0x00000334   Code   RO          698    i.SCI_RecData       rs232.o
    0x08004ad8   0x00000100   Code   RO          699    i.SCI_SendByte      rs232.o
    0x08004bd8   0x00000068   Code   RO          700    i.SCI_SendData      rs232.o
    0x08004c40   0x00000018   Code   RO         2900    i.SPI_Cmd           stm32f10x_spi.o
    0x08004c58   0x0000003c   Code   RO         2913    i.SPI_Init          stm32f10x_spi.o
    0x08004c94   0x00000022   Code   RO          538    i.SPI_WriteByte     lcd.o
    0x08004cb6   0x00000002   Code   RO          331    i.SVC_Handler       stm32f10x_it.o
    0x08004cb8   0x000000e8   Code   RO          539    i.Show_ICO          lcd.o
    0x08004da0   0x0000005c   Code   RO          540    i.Show_Logo         lcd.o
    0x08004dfc   0x00000094   Code   RO          541    i.Show_Pig          lcd.o
    0x08004e90   0x000000cc   Code   RO          802    i.Show_Ver          tftled_ref.o
    0x08004f5c   0x00000028   Code   RO          918    i.SysTick_CLKSourceConfig  misc.o
    0x08004f84   0x0000006c   Code   RO            8    i.SysTick_Configuration  app.o
    0x08004ff0   0x00000008   Code   RO          332    i.SysTick_Handler   stm32f10x_it.o
    0x08004ff8   0x00000054   Code   RO            9    i.TFTSPI_Init       app.o
    0x0800504c   0x0000027c   Code   RO          229    i.Timer2S_OUT       app_task.o
    0x080052c8   0x000000a4   Code   RO          230    i.Timer50MS_OUT     app_task.o
    0x0800536c   0x00000014   Code   RO          231    i.Timer_LEDBout     app_task.o
    0x08005380   0x00000064   Code   RO          416    i.USART1_IRQHandler  usart.o
    0x080053e4   0x0000005c   Code   RO          417    i.USART3_IRQHandler  usart.o
    0x08005440   0x00000012   Code   RO         3587    i.USART_ClearFlag   stm32f10x_usart.o
    0x08005452   0x0000001e   Code   RO         3588    i.USART_ClearITPendingBit  stm32f10x_usart.o
    0x08005470   0x00000018   Code   RO         3591    i.USART_Cmd         stm32f10x_usart.o
    0x08005488   0x0000001a   Code   RO         3594    i.USART_GetFlagStatus  stm32f10x_usart.o
    0x080054a2   0x00000054   Code   RO         3595    i.USART_GetITStatus  stm32f10x_usart.o
    0x080054f6   0x0000004a   Code   RO         3597    i.USART_ITConfig    stm32f10x_usart.o
    0x08005540   0x000000d8   Code   RO         3598    i.USART_Init        stm32f10x_usart.o
    0x08005618   0x00000022   Code   RO          418    i.Uart_NVIC_Configuration  usart.o
    0x0800563a   0x00000004   Code   RO          333    i.UsageFault_Handler  stm32f10x_it.o
    0x0800563e   0x00000002   PAD
    0x08005640   0x0000004c   Code   RO         4271    i.__rt_ffs          kservice.o
    0x0800568c   0x0000003a   Code   RO         5345    i._pin_control      pin.o
    0x080056c6   0x00000044   Code   RO         5346    i._pin_read         pin.o
    0x0800570a   0x00000044   Code   RO         5347    i._pin_write        pin.o
    0x0800574e   0x0000003c   Code   RO         4604    i._rt_scheduler_stack_check  scheduler.o
    0x0800578a   0x00000002   PAD
    0x0800578c   0x00000098   Code   RO         4688    i._rt_thread_init   thread.o
    0x08005824   0x00000042   Code   RO         4802    i._rt_timer_init    timer.o
    0x08005866   0x0000002e   Code   RO         4803    i._rt_timer_remove  timer.o
    0x08005894   0x00000078   Code   RO         5267    i._serial_dma_rx    serial.o
    0x0800590c   0x0000005c   Code   RO         5268    i._serial_dma_tx    serial.o
    0x08005968   0x00000088   Code   RO         5269    i._serial_int_rx    serial.o
    0x080059f0   0x00000060   Code   RO         5270    i._serial_int_tx    serial.o
    0x08005a50   0x00000044   Code   RO         5271    i._serial_poll_rx   serial.o
    0x08005a94   0x0000004e   Code   RO         5272    i._serial_poll_tx   serial.o
    0x08005ae2   0x00000002   PAD
    0x08005ae4   0x000000c4   Code   RO         3880    i.cpu_usage_idle_hook  cpuusage.o
    0x08005ba8   0x00000010   Code   RO         3881    i.cpu_usage_init    cpuusage.o
    0x08005bb8   0x0000001c   Code   RO          542    i.delay_ms          lcd.o
    0x08005bd4   0x00000028   Code   RO         5394    i.eMBEnable         mb.o
    0x08005bfc   0x000000ae   Code   RO         5450    i.eMBFuncReadCoils  mbfunccoils.o
    0x08005caa   0x000000ac   Code   RO         5477    i.eMBFuncReadDiscreteInputs  mbfuncdisc.o
    0x08005d56   0x0000008e   Code   RO         5489    i.eMBFuncReadHoldingRegister  mbfuncholding.o
    0x08005de4   0x0000008c   Code   RO         5519    i.eMBFuncReadInputRegister  mbfuncinput.o
    0x08005e70   0x000000d4   Code   RO         5490    i.eMBFuncReadWriteMultipleHoldingRegister  mbfuncholding.o
    0x08005f44   0x00000028   Code   RO         5531    i.eMBFuncReportSlaveID  mbfuncother.o
    0x08005f6c   0x00000070   Code   RO         5451    i.eMBFuncWriteCoil  mbfunccoils.o
    0x08005fdc   0x00000042   Code   RO         5491    i.eMBFuncWriteHoldingRegister  mbfuncholding.o
    0x0800601e   0x00000090   Code   RO         5452    i.eMBFuncWriteMultipleCoils  mbfunccoils.o
    0x080060ae   0x0000006e   Code   RO         5492    i.eMBFuncWriteMultipleHoldingRegister  mbfuncholding.o
    0x0800611c   0x000000e0   Code   RO         5395    i.eMBInit           mb.o
    0x080061fc   0x0000012c   Code   RO         5396    i.eMBPoll           mb.o
    0x08006328   0x00000058   Code   RO         5590    i.eMBRTUInit        mbrtu.o
    0x08006380   0x00000050   Code   RO         5591    i.eMBRTUReceive     mbrtu.o
    0x080063d0   0x00000090   Code   RO         5592    i.eMBRTUSend        mbrtu.o
    0x08006460   0x00000024   Code   RO         5593    i.eMBRTUStart       mbrtu.o
    0x08006484   0x00000018   Code   RO         5594    i.eMBRTUStop        mbrtu.o
    0x0800649c   0x00000134   Code   RO         5793    i.eMBRegCoilsCB     user_mb_app.o
    0x080065d0   0x000000c8   Code   RO         5794    i.eMBRegDiscreteCB  user_mb_app.o
    0x08006698   0x000000b4   Code   RO         5795    i.eMBRegHoldingCB   user_mb_app.o
    0x0800674c   0x00000070   Code   RO         5796    i.eMBRegInputCB     user_mb_app.o
    0x080067bc   0x00000018   Code   RO          489    i.get_pin           gpio.o
    0x080067d4   0x00000018   Code   RO           11    i.main              app.o
    0x080067ec   0x000000bc   Code   RO         4423    i.plug_holes        mem.o
    0x080068a8   0x00000022   Code   RO         5552    i.prveMBError2Exception  mbutils.o
    0x080068ca   0x00000002   PAD
    0x080068cc   0x00000010   Code   RO         5757    i.prvvTIMERExpiredISR  porttimer.o
    0x080068dc   0x00000010   Code   RO         5697    i.prvvUARTRxISR     portserial.o
    0x080068ec   0x00000010   Code   RO         5698    i.prvvUARTTxReadyISR  portserial.o
    0x080068fc   0x00000200   Code   RO          232    i.rt_application_init  app_task.o
    0x08006afc   0x00000052   Code   RO         4916    i.rt_completion_done  completion.o
    0x08006b4e   0x00000030   Code   RO         4917    i.rt_completion_init  completion.o
    0x08006b7e   0x000000d4   Code   RO         4918    i.rt_completion_wait  completion.o
    0x08006c52   0x00000050   Code   RO         4948    i.rt_data_queue_init  dataqueue.o
    0x08006ca2   0x00000062   Code   RO         4949    i.rt_data_queue_peak  dataqueue.o
    0x08006d04   0x00000166   Code   RO         4950    i.rt_data_queue_pop  dataqueue.o
    0x08006e6a   0x0000011a   Code   RO         4951    i.rt_data_queue_push  dataqueue.o
    0x08006f84   0x00000050   Code   RO         3906    i.rt_device_find    device.o
    0x08006fd4   0x00000044   Code   RO         3908    i.rt_device_init_all  device.o
    0x08007018   0x00000094   Code   RO         3909    i.rt_device_open    device.o
    0x080070ac   0x00000050   Code   RO         5348    i.rt_device_pin_register  pin.o
    0x080070fc   0x00000034   Code   RO         3911    i.rt_device_register  device.o
    0x08007130   0x0000004e   Code   RO         3915    i.rt_device_write   device.o
    0x0800717e   0x00000002   PAD
    0x08007180   0x00000020   Code   RO         4606    i.rt_enter_critical  scheduler.o
    0x080071a0   0x00000032   Code   RO         4028    i.rt_event_init     ipc.o
    0x080071d2   0x00000002   PAD
    0x080071d4   0x0000016c   Code   RO         4029    i.rt_event_recv     ipc.o
    0x08007340   0x000000dc   Code   RO         4030    i.rt_event_send     ipc.o
    0x0800741c   0x0000003c   Code   RO         4607    i.rt_exit_critical  scheduler.o
    0x08007458   0x00000118   Code   RO         4425    i.rt_free           mem.o
    0x08007570   0x00000010   Code   RO           12    i.rt_hw_board_init  app.o
    0x08007580   0x00000024   Code   RO          380    i.rt_hw_hard_fault_exception  cpuport.o
    0x080075a4   0x0000014a   Code   RO         5273    i.rt_hw_serial_isr  serial.o
    0x080076ee   0x00000002   PAD
    0x080076f0   0x0000006c   Code   RO         5274    i.rt_hw_serial_register  serial.o
    0x0800775c   0x0000004c   Code   RO          381    i.rt_hw_stack_init  cpuport.o
    0x080077a8   0x00000010   Code   RO           13    i.rt_hw_timer_handler  app.o
    0x080077b8   0x00000024   Code   RO         4244    i.rt_interrupt_enter  irq.o
    0x080077dc   0x0000000c   Code   RO         4245    i.rt_interrupt_get_nest  irq.o
    0x080077e8   0x00000024   Code   RO         4246    i.rt_interrupt_leave  irq.o
    0x0800780c   0x00000018   Code   RO         4031    i.rt_ipc_list_resume  ipc.o
    0x08007824   0x0000006c   Code   RO         4033    i.rt_ipc_list_suspend  ipc.o
    0x08007890   0x00000010   Code   RO         4034    i.rt_ipc_object_init  ipc.o
    0x080078a0   0x00000006   Code   RO         4608    i.rt_list_init      scheduler.o
    0x080078a6   0x00000006   Code   RO         4804    i.rt_list_init      timer.o
    0x080078ac   0x00000006   Code   RO         4953    i.rt_list_init      dataqueue.o
    0x080078b2   0x0000000e   Code   RO         4503    i.rt_list_insert_after  object.o
    0x080078c0   0x0000000e   Code   RO         4689    i.rt_list_insert_after  thread.o
    0x080078ce   0x0000000e   Code   RO         4805    i.rt_list_insert_after  timer.o
    0x080078dc   0x0000000e   Code   RO         4035    i.rt_list_insert_before  ipc.o
    0x080078ea   0x0000000e   Code   RO         4954    i.rt_list_insert_before  dataqueue.o
    0x080078f8   0x00000010   Code   RO         3983    i.rt_list_isempty   idle.o
    0x08007908   0x00000010   Code   RO         4036    i.rt_list_isempty   ipc.o
    0x08007918   0x00000010   Code   RO         4806    i.rt_list_isempty   timer.o
    0x08007928   0x00000010   Code   RO         4919    i.rt_list_isempty   completion.o
    0x08007938   0x00000010   Code   RO         4955    i.rt_list_isempty   dataqueue.o
    0x08007948   0x00000012   Code   RO         4504    i.rt_list_remove    object.o
    0x0800795a   0x00000012   Code   RO         4690    i.rt_list_remove    thread.o
    0x0800796c   0x00000230   Code   RO         4427    i.rt_malloc         mem.o
    0x08007b9c   0x00000048   Code   RO         4280    i.rt_memset         kservice.o
    0x08007be4   0x00000088   Code   RO         4505    i.rt_object_allocate  object.o
    0x08007c6c   0x00000060   Code   RO         4507    i.rt_object_delete  object.o
    0x08007ccc   0x00000044   Code   RO         4508    i.rt_object_detach  object.o
    0x08007d10   0x00000054   Code   RO         4512    i.rt_object_init    object.o
    0x08007d64   0x00000026   Code   RO         4513    i.rt_object_is_systemobject  object.o
    0x08007d8a   0x00000002   PAD
    0x08007d8c   0x0000001c   Code   RO         5349    i.rt_pin_mode       pin.o
    0x08007da8   0x0000001c   Code   RO         5351    i.rt_pin_write      pin.o
    0x08007dc4   0x000000a4   Code   RO         4609    i.rt_schedule       scheduler.o
    0x08007e68   0x00000060   Code   RO         4610    i.rt_schedule_insert_thread  scheduler.o
    0x08007ec8   0x0000006c   Code   RO         4611    i.rt_schedule_remove_thread  scheduler.o
    0x08007f34   0x00000034   Code   RO         4056    i.rt_sem_init       ipc.o
    0x08007f68   0x00000054   Code   RO         4057    i.rt_sem_release    ipc.o
    0x08007fbc   0x00000114   Code   RO         4058    i.rt_sem_take       ipc.o
    0x080080d0   0x00000104   Code   RO         5275    i.rt_serial_close   serial.o
    0x080081d4   0x0000005e   Code   RO         5276    i.rt_serial_control  serial.o
    0x08008232   0x00000038   Code   RO         5277    i.rt_serial_init    serial.o
    0x0800826a   0x00000184   Code   RO         5278    i.rt_serial_open    serial.o
    0x080083ee   0x0000005c   Code   RO         5279    i.rt_serial_read    serial.o
    0x0800844a   0x0000005c   Code   RO         5280    i.rt_serial_write   serial.o
    0x080084a6   0x00000002   PAD
    0x080084a8   0x00000028   Code   RO         4281    i.rt_set_errno      kservice.o
    0x080084d0   0x00000028   Code   RO         4289    i.rt_strncmp        kservice.o
    0x080084f8   0x00000034   Code   RO         4290    i.rt_strncpy        kservice.o
    0x0800852c   0x000000d8   Code   RO         4431    i.rt_system_heap_init  mem.o
    0x08008604   0x00000002   Code   RO         4517    i.rt_system_object_init  object.o
    0x08008606   0x00000002   PAD
    0x08008608   0x00000050   Code   RO         4613    i.rt_system_scheduler_init  scheduler.o
    0x08008658   0x00000030   Code   RO         4614    i.rt_system_scheduler_start  scheduler.o
    0x08008688   0x00000002   Code   RO         3841    i.rt_system_tick_init  clock.o
    0x0800868a   0x00000002   PAD
    0x0800868c   0x0000001c   Code   RO         4807    i.rt_system_timer_init  timer.o
    0x080086a8   0x00000002   Code   RO         4808    i.rt_system_timer_thread_init  timer.o
    0x080086aa   0x0000000c   Code   RO         4693    i.rt_thread_delay   thread.o
    0x080086b6   0x00000002   PAD
    0x080086b8   0x00000058   Code   RO         4696    i.rt_thread_exit    thread.o
    0x08008710   0x00000018   Code   RO         3984    i.rt_thread_idle_entry  idle.o
    0x08008728   0x000000a4   Code   RO         3985    i.rt_thread_idle_excute  idle.o
    0x080087cc   0x0000003c   Code   RO         3986    i.rt_thread_idle_init  idle.o
    0x08008808   0x0000000c   Code   RO         3987    i.rt_thread_idle_sethook  idle.o
    0x08008814   0x00000056   Code   RO         4698    i.rt_thread_init    thread.o
    0x0800886a   0x00000052   Code   RO         4699    i.rt_thread_resume  thread.o
    0x080088bc   0x0000000c   Code   RO         4700    i.rt_thread_self    thread.o
    0x080088c8   0x00000058   Code   RO         4701    i.rt_thread_sleep   thread.o
    0x08008920   0x0000005c   Code   RO         4702    i.rt_thread_startup  thread.o
    0x0800897c   0x00000050   Code   RO         4703    i.rt_thread_suspend  thread.o
    0x080089cc   0x0000004a   Code   RO         4704    i.rt_thread_timeout  thread.o
    0x08008a16   0x00000002   PAD
    0x08008a18   0x00000060   Code   RO         4705    i.rt_thread_yield   thread.o
    0x08008a78   0x0000000c   Code   RO         3843    i.rt_tick_get       clock.o
    0x08008a84   0x00000030   Code   RO         3844    i.rt_tick_increase  clock.o
    0x08008ab4   0x0000009c   Code   RO         4809    i.rt_timer_check    timer.o
    0x08008b50   0x0000004c   Code   RO         4810    i.rt_timer_control  timer.o
    0x08008b9c   0x00000036   Code   RO         4811    i.rt_timer_create   timer.o
    0x08008bd2   0x00000032   Code   RO         4813    i.rt_timer_detach   timer.o
    0x08008c04   0x00000040   Code   RO         4814    i.rt_timer_init     timer.o
    0x08008c44   0x00000148   Code   RO         4817    i.rt_timer_start    timer.o
    0x08008d8c   0x00000058   Code   RO         4818    i.rt_timer_stop     timer.o
    0x08008de4   0x00000040   Code   RO          233    i.rtthread_startup  app_task.o
    0x08008e24   0x0000000e   Code   RO         5699    i.serial_rx_ind     portserial.o
    0x08008e32   0x00000002   PAD
    0x08008e34   0x00000020   Code   RO         5700    i.serial_soft_trans_irq  portserial.o
    0x08008e54   0x000000cc   Code   RO          419    i.stm32_configure   usart.o
    0x08008f20   0x0000007c   Code   RO          420    i.stm32_control     usart.o
    0x08008f9c   0x0000002e   Code   RO          421    i.stm32_getc        usart.o
    0x08008fca   0x00000002   PAD
    0x08008fcc   0x00000018   Code   RO          490    i.stm32_hw_pin_init  gpio.o
    0x08008fe4   0x000000a4   Code   RO          422    i.stm32_hw_usart_init  usart.o
    0x08009088   0x0000005e   Code   RO          491    i.stm32_pin_mode    gpio.o
    0x080090e6   0x00000030   Code   RO          492    i.stm32_pin_read    gpio.o
    0x08009116   0x00000034   Code   RO          493    i.stm32_pin_write   gpio.o
    0x0800914a   0x00000030   Code   RO          423    i.stm32_putc        usart.o
    0x0800917a   0x00000002   PAD
    0x0800917c   0x000000e0   Code   RO          234    i.thread_entry_ADC  app_task.o
    0x0800925c   0x00000238   Code   RO          235    i.thread_entry_CANCOMM  app_task.o
    0x08009494   0x0000001e   Code   RO          236    i.thread_entry_ModbusMasterPoll  app_task.o
    0x080094b2   0x00000002   PAD
    0x080094b4   0x00000180   Code   RO          237    i.thread_entry_RS232COMM  app_task.o
    0x08009634   0x0000000e   Code   RO          238    i.thread_entry_SysMonitor  app_task.o
    0x08009642   0x00000002   PAD
    0x08009644   0x000000c8   Code   RO          239    i.thread_entry_TFTdisplay  app_task.o
    0x0800970c   0x0000000a   Code   RO         5758    i.timer_timeout_ind  porttimer.o
    0x08009716   0x00000002   PAD
    0x08009718   0x00000038   Code   RO         5576    i.usMBCRC16         mbcrc.o
    0x08009750   0x00000068   Code   RO         5702    i.vMBPortSerialEnable  portserial.o
    0x080097b8   0x00000010   Code   RO         5759    i.vMBPortTimersDisable  porttimer.o
    0x080097c8   0x00000010   Code   RO         5760    i.vMBPortTimersEnable  porttimer.o
    0x080097d8   0x0000004c   Code   RO         5671    i.xMBPortEventGet   portevent.o
    0x08009824   0x00000020   Code   RO         5672    i.xMBPortEventInit  portevent.o
    0x08009844   0x00000014   Code   RO         5673    i.xMBPortEventPost  portevent.o
    0x08009858   0x00000020   Code   RO         5703    i.xMBPortSerialGetByte  portserial.o
    0x08009878   0x00000164   Code   RO         5704    i.xMBPortSerialInit  portserial.o
    0x080099dc   0x0000001c   Code   RO         5705    i.xMBPortSerialPutByte  portserial.o
    0x080099f8   0x0000003c   Code   RO         5761    i.xMBPortTimersInit  porttimer.o
    0x08009a34   0x00000088   Code   RO         5595    i.xMBRTUReceiveFSM  mbrtu.o
    0x08009abc   0x00000040   Code   RO         5596    i.xMBRTUTimerT35Expired  mbrtu.o
    0x08009afc   0x0000006c   Code   RO         5597    i.xMBRTUTransmitFSM  mbrtu.o
    0x08009b68   0x0000002a   Code   RO         5553    i.xMBUtilGetBits    mbutils.o
    0x08009b92   0x00000060   Code   RO         5554    i.xMBUtilSetBits    mbutils.o
    0x08009bf2   0x00000002   PAD
    0x08009bf4   0x0000001c   Data   RO          425    .constdata          usart.o
    0x08009c10   0x0000002c   Data   RO          494    .constdata          gpio.o
    0x08009c3c   0x00007e30   Data   RO          545    .constdata          lcd.o
    0x08011a6c   0x00000036   Data   RO          701    .constdata          rs232.o
    0x08011aa2   0x00000122   Data   RO         4295    .constdata          kservice.o
    0x08011bc4   0x00000200   Data   RO         5577    .constdata          mbcrc.o
    0x08011dc4   0x00000020   Data   RO         6516    Region$$Table       anon$$obj.o


    Execution Region RW_IRAM1 (Base: 0x20000000, Size: 0x00002288, Max: 0x00005000, ABSOLUTE, COMPRESSED[0x0000011c])

    Base Addr    Size         Type   Attr      Idx    E Section Name        Object

    0x20000000   0x0000000c   Data   RW          241    .data               app_task.o
    0x2000000c   0x00000010   Data   RW          382    .data               cpuport.o
    0x2000001c   0x00000010   Data   RW          426    .data               usart.o
    0x2000002c   0x000001ae   Data   RW          654    .data               vars.o
    0x200001da   0x0000003f   Data   RW          702    .data               rs232.o
    0x20000219   0x00000014   Data   RW         2445    .data               stm32f10x_rcc.o
    0x2000022d   0x00000003   PAD
    0x20000230   0x00000004   Data   RW         3846    .data               clock.o
    0x20000234   0x00000008   Data   RW         3882    .data               cpuusage.o
    0x2000023c   0x00000004   Data   RW         3989    .data               idle.o
    0x20000240   0x00000001   Data   RW         4247    .data               irq.o
    0x20000241   0x00000003   PAD
    0x20000244   0x00000004   Data   RW         4296    .data               kservice.o
    0x20000248   0x00000020   Data   RW         4433    .data               mem.o
    0x20000268   0x00000084   Data   RW         4518    .data               object.o
    0x200002ec   0x0000001c   Data   RW         4616    .data               scheduler.o
    0x20000308   0x00000010   Data   RW         4820    .data               timer.o
    0x20000318   0x000000b5   Data   RW         5398    .data               mb.o
    0x200003cd   0x00000001   PAD
    0x200003ce   0x00000002   Data   RW         5534    .data               mbfuncother.o
    0x200003d0   0x0000000c   Data   RW         5599    .data               mbrtu.o
    0x200003dc   0x00000004   Data   RW         5653    .data               port.o
    0x200003e0   0x00000004   Data   RW         5707    .data               portserial.o
    0x200003e4   0x00000012   Data   RW         5798    .data               user_mb_app.o
    0x200003f6   0x00000002   PAD
    0x200003f8   0x00000e80   Zero   RW          240    .bss                app_task.o
    0x20001278   0x000000c8   Zero   RW          424    .bss                usart.o
    0x20001340   0x0000000a   Zero   RW          544    .bss                lcd.o
    0x2000134a   0x00000002   PAD
    0x2000134c   0x00000078   Zero   RW          653    .bss                vars.o
    0x200013c4   0x00000004   PAD
    0x200013c8   0x000001a0   Zero   RW         3988    .bss                idle.o
    0x20001568   0x00000030   Zero   RW         4432    .bss                mem.o
    0x20001598   0x00000100   Zero   RW         4615    .bss                scheduler.o
    0x20001698   0x00000054   Zero   RW         5352    .bss                pin.o
    0x200016ec   0x00000020   Zero   RW         5533    .bss                mbfuncother.o
    0x2000170c   0x00000100   Zero   RW         5598    .bss                mbrtu.o
    0x2000180c   0x00000030   Zero   RW         5674    .bss                portevent.o
    0x2000183c   0x00000004   PAD
    0x20001840   0x000002d0   Zero   RW         5706    .bss                portserial.o
    0x20001b10   0x0000003c   Zero   RW         5762    .bss                porttimer.o
    0x20001b4c   0x000000dc   Zero   RW         5797    .bss                user_mb_app.o
    0x20001c28   0x00000060   Zero   RW         6390    .bss                c_w.l(libspace.o)
    0x20001c88   0x00000200   Zero   RW         3825    HEAP                startup_stm32f10x_md.o
    0x20001e88   0x00000400   Zero   RW         3824    STACK               startup_stm32f10x_md.o


==============================================================================

Image component sizes


      Code (inc. data)   RO Data    RW Data    ZI Data      Debug   Object Name

        92          4          0          0          0        650   adc.o
       972         30          0          0          0     298231   app.o
      2816        388          0         12       3712       8638   app_task.o
       384         18          0          0          0       2704   can.o
        62         12          0          4          0       1567   clock.o
       358          0          0          0          0       4195   completion.o
       240         26          0          0          0        808   context_rvds.o
       112         10          0         16          0       3078   cpuport.o
       212         20          0          8          0       1721   cpuusage.o
       854          0          0          0          0       8403   dataqueue.o
       426          8          0          0          0       4156   device.o
       242         14         44          0          0       3650   gpio.o
       276         36          0          4        416       4103   idle.o
      1224         28          0          0          0       9313   ipc.o
        84         18          0          1          0       1974   irq.o
       280         10        290          4          0       5966   kservice.o
      1414         94      32304          0         10       8923   lcd.o
       564        122          0        181          0       4711   mb.o
        56          8        512          0          0       1196   mbcrc.o
       430          0          0          0          0       3750   mbfunccoils.o
       172          0          0          0          0       1592   mbfuncdisc.o
       530          0          0          0          0       4975   mbfuncholding.o
       140          0          0          0          0       1543   mbfuncinput.o
        40         10          0          2         32       1363   mbfuncother.o
       680         72          0         12        256       6079   mbrtu.o
       172          0          0          0          0       2562   mbutils.o
      1244         96          0         32         48       4580   mem.o
       172         20          0          0          0       2188   misc.o
       456         26          0        132          0       6456   object.o
       330         34          0          0         84       4970   pin.o
        32          8          0          4          0       1109   port.o
       128         24          0          0         48       2132   portevent.o
       598         92          0          4        720       5382   portserial.o
       118         40          0          0         60       2605   porttimer.o
      1892        172         54         63          0       6809   rs232.o
       654         96          0         28        256       7022   scheduler.o
      2010         26          0          0          0      13123   serial.o
        56         22        236          0       1536        896   startup_stm32f10x_md.o
       492         24          0          0          0       9446   stm32f10x_adc.o
      1528         38          0          0          0       7821   stm32f10x_can.o
        52         12          0          0          0       1141   stm32f10x_flash.o
       464          6          0          0          0       5192   stm32f10x_gpio.o
        26          0          0          0          0       2941   stm32f10x_it.o
        68         30          0          0          0       2590   stm32f10x_iwdg.o
       784        110          0         20          0      12627   stm32f10x_rcc.o
        84          0          0          0          0       2213   stm32f10x_spi.o
       472          6          0          0          0       6468   stm32f10x_usart.o
       642         52          0          0          0       2119   tftled_ref.o
       894         38          0          0          0       8995   thread.o
       994         30          0         16          0      10215   timer.o
       812         70         28         16        200      26431   usart.o
       800         34          0         18        220       4635   user_mb_app.o
      1120        294          0        430        120      11623   vars.o

    ----------------------------------------------------------------------
     29814       2328      33500       1016       7728     567580   Object Totals
         0          0         32          0          0          0   (incl. Generated)
        60          0          0          9         10          0   (incl. Padding)

    ----------------------------------------------------------------------

      Code (inc. data)   RO Data    RW Data    ZI Data      Debug   Library Member Name

        90          0          0          0          0          0   __dczerorl2.o
         8          0          0          0          0         68   __main.o
         0          0          0          0          0          0   __rtentry.o
        12          0          0          0          0          0   __rtentry2.o
         6          0          0          0          0          0   __rtentry4.o
        52          8          0          0          0          0   __scatter.o
        28          0          0          0          0          0   __scatter_zi.o
        18          0          0          0          0         80   exit.o
         6          0          0          0          0        152   heapauxi.o
         0          0          0          0          0          0   indicate_semi.o
         2          0          0          0          0          0   libinit.o
         2          0          0          0          0          0   libinit2.o
         2          0          0          0          0          0   libshutdown.o
         2          0          0          0          0          0   libshutdown2.o
         8          4          0          0         96         68   libspace.o
        78          0          0          0          0         80   rt_memclr_w.o
       138          0          0          0          0         68   rt_memcpy_v6.o
       100          0          0          0          0         80   rt_memcpy_w.o
         2          0          0          0          0          0   rtexit.o
        10          0          0          0          0          0   rtexit2.o
        12          4          0          0          0         68   sys_exit.o
        74          0          0          0          0         80   sys_stackheap_outer.o
         2          0          0          0          0         68   use_no_semi.o

    ----------------------------------------------------------------------
       658         16          0          0         96        812   Library Totals
         6          0          0          0          0          0   (incl. Padding)

    ----------------------------------------------------------------------

      Code (inc. data)   RO Data    RW Data    ZI Data      Debug   Library Name

       652         16          0          0         96        812   c_w.l

    ----------------------------------------------------------------------
       658         16          0          0         96        812   Library Totals

    ----------------------------------------------------------------------

==============================================================================


      Code (inc. data)   RO Data    RW Data    ZI Data      Debug   

     30472       2344      33500       1016       7824     552788   Grand Totals
     30472       2344      33500        284       7824     552788   ELF Image Totals (compressed)
     30472       2344      33500        284          0          0   ROM Totals

==============================================================================

    Total RO  Size (Code + RO Data)                63972 (  62.47kB)
    Total RW  Size (RW Data + ZI Data)              8840 (   8.63kB)
    Total ROM Size (Code + RO Data + RW Data)      64256 (  62.75kB)

==============================================================================

